I/ServiceKeeper(  722): In getseinfo pid = 722 uid = 1000 seinfo= system
I/ServiceKeeper(  722): In getappinfo pid = 722 pkgName = android appinfo = null
I/ServiceKeeper(  722): In getseinfo pid = 722 uid = 1000 seinfo= system
D/KeyguardUpdateMonitor( 1083): received broadcast android.intent.action.BATTERY_CHANGED
D/KeyguardUpdateMonitor( 1083): handleBatteryUpdate
D/CMASMessage( 1083): [update] mShowingCMASText is false
D/CMASMessage( 1083): CMASIcon was GONE : 
D/CMASMessage( 1083): [update] mShowingCMASText is false
D/CMASMessage( 1083): CMASIcon was GONE : 
E/SMD     (  253): DCD ON
E/SMD     (  253): DCD ON
I/TLC_TIMA_PKM_measure_kernel(  722): TIMA: response_id = 3
I/TLC_TIMA_PKM_measure_kernel(  722): TIMA: response ret = 0, result_ondemand = MSG=Kernel Verification Success;
I/ServiceKeeper(  722): In getappinfo pid = 722 pkgName = android appinfo = null
I/ServiceKeeper(  722): In getseinfo pid = 722 uid = 1000 seinfo= system
E/SMD     (  253): DCD ON
E/cutils  (  236): Failed to mkdirat(/storage/extSdCard/Android): Read-only file system
W/ContextImpl(27725): Failed to ensure directory: /storage/extSdCard/Android/data/com.facebook.orca/files
E/cutils  (  236): Failed to mkdirat(/storage/extSdCard/Android): Read-only file system
W/ContextImpl(27725): Failed to ensure directory: /storage/extSdCard/Android/data/com.facebook.orca/files
W/PersonaManager(  722): getPersonaIds()
W/PersonaManager(  722): getPersonaIds()
I/ServiceKeeper(  722): In getappinfo pid = 722 pkgName = android appinfo = null
I/ServiceKeeper(  722): In getseinfo pid = 722 uid = 1000 seinfo= system
I/ServiceKeeper(  722): In getappinfo pid = 722 pkgName = android appinfo = null
I/ServiceKeeper(  722): In getseinfo pid = 722 uid = 1000 seinfo= system
I/ServiceKeeper(  722): In getappinfo pid = 722 pkgName = android appinfo = null
I/ServiceKeeper(  722): In getseinfo pid = 722 uid = 1000 seinfo= system
I/knox    ( 1790): InnerIntentReceiver.onReceive() : com.sec.knox.seandroid.service.SEND_DENIAL_LOGS_INTENT
I/knox    ( 1790): InnerIntentReceiver : Receive SEND_DENIAL_LOGS Intent
I/knox    ( 1790): InnerIntentReceiver : DenialLogUpload OFF But Enforce mode=true WIFI Available=true
D/knox    ( 1790): InnerIntentReceiver : listeningToDenialLogConfirm() call.
E/knox    ( 1790): InnerIntentReceiver pref : 1
D/knox    ( 1790): notiShow :1
I/knox    ( 1790): Autoupdate db1
I/knox    ( 1790): Autoupdate db1
D/knox    ( 1790): ServiceHandler : UPLOAD_DENIAL_LOG
D/knox    ( 1790): processUploadDenialLog()
D/knox    ( 1790): UPLOAD_DENIAL_LOG : processUploadDenialLog() State is UPLOAD_DENIAL_LOG. processUploadDenialLog() Call.
D/knox    ( 1790): UploadDenialLogModule : processUpload() Called
D/knox    ( 1790): ServiceHandler : UPLOAD_TIMA_DATA
D/knox    ( 1790): processTIMAData()
D/knox    ( 1790): UploadState : processTIMAData() State is UPLOAD_TIMA_DATA. processTIMAData() Call.
D/knox    ( 1790): UploadTIMADataModule : processUpload() Called
I/ServiceKeeper(  722): In getappinfo pid = 722 pkgName = android appinfo = null
I/ServiceKeeper(  722): In getseinfo pid = 722 uid = 1000 seinfo= system
E/File    ( 1790): fail readDirectory() errno=2
E/File    ( 1790): fail readDirectory() errno=2
D/knox    ( 1790): Utility : deleteAllDecryptedLog call. No files available to delete.
D/knox    ( 1790): UploadTIMADataModule : processUpload() has Exception.
D/knox    ( 1790): UploadTIMADataModule : processUpload() Completed.
D/knox    ( 1790): In UploadDenialLogModule, json REQUEST data is null or zip file not available
D/knox    ( 1790): Utility : deleteAllDecryptedLog call. No files available to delete.
D/knox    ( 1790): UploadDenialLogModule : processUpload() has Exception.
D/knox    ( 1790): UploadDenialLogModule : processUpload() Completed.
W/PersonaManager(  722): getPersonaIds()
I/ServiceKeeper(  722): In getappinfo pid = 722 pkgName = android appinfo = null
I/ServiceKeeper(  722): In getseinfo pid = 722 uid = 1000 seinfo= system
I/ServiceKeeper(  722): In getappinfo pid = 722 pkgName = android appinfo = null
I/ServiceKeeper(  722): In getseinfo pid = 722 uid = 1000 seinfo= system
I/ServiceKeeper(  722): In getappinfo pid = 722 pkgName = android appinfo = null
I/ServiceKeeper(  722): In getseinfo pid = 722 uid = 1000 seinfo= system
I/ServiceKeeper(  722): In getappinfo pid = 722 pkgName = android appinfo = null
I/ServiceKeeper(  722): In getseinfo pid = 722 uid = 1000 seinfo= system
E/SMD     (  253): DCD ON
W/PersonaManager(  722): getPersonaIds()
I/ServiceKeeper(  722): In getappinfo pid = 722 pkgName = android appinfo = null
I/ServiceKeeper(  722): In getseinfo pid = 722 uid = 1000 seinfo= system
I/ServiceKeeper(  722): In getappinfo pid = 722 pkgName = android appinfo = null
I/ServiceKeeper(  722): In getseinfo pid = 722 uid = 1000 seinfo= system
W/PersonaManager(  722): getPersonaIds()
I/ServiceKeeper(  722): In getappinfo pid = 722 pkgName = android appinfo = null
I/ServiceKeeper(  722): In getseinfo pid = 722 uid = 1000 seinfo= system
I/ServiceKeeper(  722): In getappinfo pid = 722 pkgName = android appinfo = null
I/ServiceKeeper(  722): In getseinfo pid = 722 uid = 1000 seinfo= system
I/ServiceKeeper(  722): In getappinfo pid = 722 pkgName = android appinfo = null
I/ServiceKeeper(  722): In getseinfo pid = 722 uid = 1000 seinfo= system
D/KeyguardUpdateMonitor( 1083): received broadcast android.intent.action.BATTERY_CHANGED
D/KeyguardUpdateMonitor( 1083): handleBatteryUpdate
D/CMASMessage( 1083): [update] mShowingCMASText is false
D/CMASMessage( 1083): CMASIcon was GONE : 
D/CMASMessage( 1083): [update] mShowingCMASText is false
D/CMASMessage( 1083): CMASIcon was GONE : 
W/PersonaManager(  722): getPersonaIds()
I/ServiceKeeper(  722): In getappinfo pid = 722 pkgName = android appinfo = null
I/ServiceKeeper(  722): In getseinfo pid = 722 uid = 1000 seinfo= system
D/KeyguardUpdateMonitor( 1083): received broadcast android.intent.action.TIME_TICK
D/KeyguardUpdateMonitor( 1083): handleTimeUpdate
I/ServiceKeeper(  722): In getappinfo pid = 722 pkgName = android appinfo = null
I/ServiceKeeper(  722): In getseinfo pid = 722 uid = 1000 seinfo= system
D/daemonapp( 1669): [MSC_Daemon]>>> WU:237 [0:0] regintype : NA
D/daemonapp( 1669): [MSC_Daemon]>>> WU:288 [0:0] cp type is : cp_eng
I/ServiceKeeper(  722): In getappinfo pid = 722 pkgName = android appinfo = null
I/ServiceKeeper(  722): In getseinfo pid = 722 uid = 1000 seinfo= system
E/SMD     (  253): DCD ON
D/dalvikvm(  722): GC_CONCURRENT freed 8202K, 20% free 64024K/79812K, paused 26ms+12ms, total 255ms
D/dalvikvm(  722): WAIT_FOR_CONCURRENT_GC blocked 207ms
D/dalvikvm(  722): WAIT_FOR_CONCURRENT_GC blocked 158ms
D/dalvikvm(  722): WAIT_FOR_CONCURRENT_GC blocked 106ms
E/SMD     (  253): DCD ON
E/SMD     (  253): DCD ON
W/PersonaManager(  722): getPersonaIds()
I/ServiceKeeper(  722): In getappinfo pid = 722 pkgName = android appinfo = null
I/ServiceKeeper(  722): In getseinfo pid = 722 uid = 1000 seinfo= system
I/ServiceKeeper(  722): In getappinfo pid = 722 pkgName = android appinfo = null
I/ServiceKeeper(  722): In getseinfo pid = 722 uid = 1000 seinfo= system
I/ServiceKeeper(  722): In getappinfo pid = 722 pkgName = android appinfo = null
I/ServiceKeeper(  722): In getseinfo pid = 722 uid = 1000 seinfo= system
D/KeyguardUpdateMonitor( 1083): received broadcast android.intent.action.BATTERY_CHANGED
D/KeyguardUpdateMonitor( 1083): handleBatteryUpdate
D/CMASMessage( 1083): [update] mShowingCMASText is false
D/CMASMessage( 1083): CMASIcon was GONE : 
D/CMASMessage( 1083): [update] mShowingCMASText is false
D/CMASMessage( 1083): CMASIcon was GONE : 
I/SELinux (18041): Function: selinux_android_load_priority [0], There is no sepolicy file.
I/SELinux (18041):  
I/SELinux (18041): Function: selinux_android_load_priority , spota verifySig and checkHash pass. priority version is VE=SEPF_SAMSUNG-SM-G870A_4.4.2_0032
I/SELinux (18041):  
I/SELinux (18041):  
I/SELinux (18041): selinux_android_seapp_context_reload: seapp_contexts file is loaded from /data/security/spota/seapp_contexts
E/dalvikvm(18041): >>>>> Normal User
E/dalvikvm(18041): >>>>> com.android.providers.calendar [ userId:0 | appId:10047 ]
E/SMD     (  253): DCD ON
I/ServiceKeeper(  722): In getappinfo pid = 722 pkgName = android appinfo = null
I/ServiceKeeper(  722): In getseinfo pid = 722 uid = 1000 seinfo= system
I/SELinux (18059): Function: selinux_android_load_priority [0], There is no sepolicy file.
I/SELinux (18059):  
I/SELinux (18059): Function: selinux_android_load_priority , spota verifySig and checkHash pass. priority version is VE=SEPF_SAMSUNG-SM-G870A_4.4.2_0032
I/SELinux (18059):  
I/SELinux (18059):  
I/SELinux (18059): selinux_android_seapp_context_reload: seapp_contexts file is loaded from /data/security/spota/seapp_contexts
E/dalvikvm(18059): >>>>> Normal User
E/dalvikvm(18059): >>>>> com.android.calendar [ userId:0 | appId:10161 ]
D/skia    (18059): GFXPNG PNG bitmap created width:120 height:120 bitmap id is 270 
D/skia    (18059): GFXPNG PNG bitmap created width:144 height:144 bitmap id is 271 
D/skia    (18059): GFXPNG PNG bitmap created width:144 height:144 bitmap id is 272 
D/skia    (18059): GFXPNG PNG bitmap created width:16 height:16 bitmap id is 273 
D/skia    (18059): GFXPNG PNG bitmap created width:16 height:16 bitmap id is 274 
D/skia    (18059): GFXPNG PNG bitmap created width:3 height:69 bitmap id is 275 
D/skia    (18059): GFXPNG PNG bitmap created width:64 height:64 bitmap id is 276 
D/skia    (18059): GFXPNG PNG bitmap created width:64 height:64 bitmap id is 277 
D/skia    (18059): GFXPNG PNG bitmap created width:64 height:64 bitmap id is 278 
D/skia    (18059): GFXPNG PNG bitmap created width:64 height:64 bitmap id is 279 
D/skia    (18059): GFXPNG PNG bitmap created width:64 height:64 bitmap id is 280 
D/skia    (18059): GFXPNG PNG bitmap created width:64 height:64 bitmap id is 281 
D/skia    (18059): GFXPNG PNG bitmap created width:48 height:48 bitmap id is 282 
D/skia    (18059): GFXPNG PNG bitmap created width:64 height:64 bitmap id is 283 
D/skia    (18059): GFXPNG PNG bitmap created width:48 height:48 bitmap id is 284 
D/skia    (18059): GFXPNG PNG bitmap created width:64 height:64 bitmap id is 285 
D/skia    (18059): GFXPNG PNG bitmap created width:64 height:64 bitmap id is 286 
D/skia    (18059): GFXPNG PNG bitmap created width:30 height:30 bitmap id is 287 
D/skia    (18059): GFXPNG PNG bitmap created width:12 height:12 bitmap id is 288 
D/skia    (18059): GFXPNG PNG bitmap created width:15 height:15 bitmap id is 289 
D/skia    (18059): GFXPNG PNG bitmap created width:15 height:15 bitmap id is 290 
D/skia    (18059): GFXPNG PNG bitmap created width:15 height:15 bitmap id is 291 
D/skia    (18059): GFXPNG PNG bitmap created width:15 height:15 bitmap id is 292 
D/skia    (18059): GFXPNG PNG bitmap created width:15 height:15 bitmap id is 293 
D/skia    (18059): GFXPNG PNG bitmap created width:3 height:3 bitmap id is 294 
D/skia    (18059): GFXPNG PNG bitmap created width:66 height:96 bitmap id is 295 
D/skia    (18059): GFXPNG PNG bitmap created width:144 height:144 bitmap id is 296 
D/skia    (18059): GFXPNG PNG bitmap created width:54 height:96 bitmap id is 297 
D/skia    (18059): GFXPNG PNG bitmap created width:30 height:141 bitmap id is 298 
D/skia    (18059): GFXPNG PNG bitmap created width:90 height:90 bitmap id is 299 
D/skia    (18059): GFXPNG PNG bitmap created width:90 height:90 bitmap id is 300 
D/skia    (18059): GFXPNG PNG bitmap created width:90 height:90 bitmap id is 301 
D/skia    (18059): GFXPNG PNG bitmap created width:105 height:84 bitmap id is 302 
D/skia    (18059): GFXPNG PNG bitmap created width:15 height:15 bitmap id is 303 
D/skia    (18059): GFXPNG PNG bitmap created width:90 height:90 bitmap id is 304 
D/skia    (18059): GFXPNG PNG bitmap created width:90 height:90 bitmap id is 305 
D/skia    (18059): GFXPNG PNG bitmap created width:30 height:51 bitmap id is 306 
D/skia    (18059): GFXPNG PNG bitmap created width:3 height:2 bitmap id is 307 
D/skia    (18059): GFXPNG PNG bitmap created width:90 height:90 bitmap id is 308 
D/skia    (18059): GFXPNG PNG bitmap created width:4 height:4 bitmap id is 309 
D/skia    (18059): GFXPNG PNG bitmap created width:84 height:84 bitmap id is 310 
D/skia    (18059): GFXPNG PNG bitmap created width:11 height:16 bitmap id is 311 
D/skia    (18059): GFXPNG PNG bitmap created width:15 height:15 bitmap id is 312 
D/skia    (18059): GFXPNG PNG bitmap created width:15 height:15 bitmap id is 313 
D/skia    (18059): GFXPNG PNG bitmap created width:33 height:33 bitmap id is 314 
D/skia    (18059): GFXPNG PNG bitmap created width:30 height:30 bitmap id is 315 
D/skia    (18059): GFXPNG PNG bitmap created width:33 height:33 bitmap id is 316 
D/skia    (18059): GFXPNG PNG bitmap created width:105 height:105 bitmap id is 317 
D/skia    (18059): GFXPNG PNG bitmap created width:96 height:96 bitmap id is 318 
D/skia    (18059): GFXPNG PNG bitmap created width:96 height:96 bitmap id is 319 
D/skia    (18059): GFXPNG PNG bitmap created width:96 height:96 bitmap id is 320 
D/skia    (18059): GFXPNG PNG bitmap created width:3 height:3 bitmap id is 321 
I/ServiceKeeper(  722): In getappinfo pid = 722 pkgName = android appinfo = null
I/ServiceKeeper(  722): In getseinfo pid = 722 uid = 1000 seinfo= system
I/ServiceKeeper(  722): In getappinfo pid = 722 pkgName = android appinfo = null
I/ServiceKeeper(  722): In getseinfo pid = 722 uid = 1000 seinfo= system
I/ServiceKeeper(  722): In getappinfo pid = 722 pkgName = android appinfo = null
I/ServiceKeeper(  722): In getseinfo pid = 722 uid = 1000 seinfo= system
I/ServiceKeeper(  722): In getappinfo pid = 722 pkgName = android appinfo = null
I/ServiceKeeper(  722): In getseinfo pid = 722 uid = 1000 seinfo= system
E/SMD     (  253): DCD ON
E/SMD     (  253): DCD ON
D/dalvikvm(  722): GC_CONCURRENT freed 8197K, 20% free 64019K/79812K, paused 19ms+10ms, total 245ms
D/dalvikvm(  722): WAIT_FOR_CONCURRENT_GC blocked 208ms
D/dalvikvm(  722): WAIT_FOR_CONCURRENT_GC blocked 167ms
E/SMD     (  253): DCD ON
W/PersonaManager(  722): getPersonaIds()
I/ServiceKeeper(  722): In getappinfo pid = 722 pkgName = android appinfo = null
I/ServiceKeeper(  722): In getseinfo pid = 722 uid = 1000 seinfo= system
I/ServiceKeeper(  722): In getappinfo pid = 722 pkgName = android appinfo = null
I/ServiceKeeper(  722): In getseinfo pid = 722 uid = 1000 seinfo= system
I/ServiceKeeper(  722): In getappinfo pid = 722 pkgName = android appinfo = null
I/ServiceKeeper(  722): In getseinfo pid = 722 uid = 1000 seinfo= system
E/SQLiteDatabase( 1244): Error inserting time_type=3 proto_blob=[B@43006a98 sync_state_mod_time_millis=1463286560388 context_id=5737325a-6cdb-4473-acb4-23565e70a106 end_time=1463285420751 module_id=com.google.android.contextmanager.module.ScreenModule start_time=1463285111172 sync_state=0 context_family=7 context_name=7 version=1
E/SQLiteDatabase( 1244): android.database.sqlite.SQLiteConstraintException: column context_id is not unique (code 19)
E/SQLiteDatabase( 1244): 	at android.database.sqlite.SQLiteConnection.nativeExecuteForLastInsertedRowId(Native Method)
E/SQLiteDatabase( 1244): 	at android.database.sqlite.SQLiteConnection.executeForLastInsertedRowId(SQLiteConnection.java:972)
E/SQLiteDatabase( 1244): 	at android.database.sqlite.SQLiteSession.executeForLastInsertedRowId(SQLiteSession.java:788)
E/SQLiteDatabase( 1244): 	at android.database.sqlite.SQLiteStatement.executeInsert(SQLiteStatement.java:86)
E/SQLiteDatabase( 1244): 	at android.database.sqlite.SQLiteDatabase.insertWithOnConflict(SQLiteDatabase.java:1603)
E/SQLiteDatabase( 1244): 	at android.database.sqlite.SQLiteDatabase.insert(SQLiteDatabase.java:1473)
E/SQLiteDatabase( 1244): 	at com.google.android.contextmanager.q.ak.a(SourceFile:445)
E/SQLiteDatabase( 1244): 	at com.google.android.contextmanager.q.ak.b(SourceFile:420)
E/SQLiteDatabase( 1244): 	at com.google.android.contextmanager.q.ak.a(SourceFile:370)
E/SQLiteDatabase( 1244): 	at com.google.android.contextmanager.o.a.a.a(SourceFile:86)
E/SQLiteDatabase( 1244): 	at com.google.android.contextmanager.o.a.a.a(SourceFile:56)
E/SQLiteDatabase( 1244): 	at com.google.android.contextmanager.g.a.a.run(SourceFile:52)
E/SQLiteDatabase( 1244): 	at com.google.android.contextmanager.g.h.run(SourceFile:474)
E/SQLiteDatabase( 1244): 	at com.google.android.contextmanager.g.i.a(SourceFile:263)
E/SQLiteDatabase( 1244): 	at com.google.android.contextmanager.g.i.handleMessage(SourceFile:254)
E/SQLiteDatabase( 1244): 	at android.os.Handler.dispatchMessage(Handler.java:102)
E/SQLiteDatabase( 1244): 	at android.os.Looper.loop(Looper.java:136)
E/SQLiteDatabase( 1244): 	at android.os.HandlerThread.run(HandlerThread.java:61)
E/ctxmgr  ( 1244): [TimeFilter.Builder]startTimeMillis must be >= 0.  Clamping to 0.
I/ServiceKeeper(  722): In getappinfo pid = 722 pkgName = android appinfo = null
I/ServiceKeeper(  722): In getseinfo pid = 722 uid = 1000 seinfo= system
W/PersonaManager(  722): getPersonaIds()
I/ServiceKeeper(  722): In getappinfo pid = 722 pkgName = android appinfo = null
I/ServiceKeeper(  722): In getseinfo pid = 722 uid = 1000 seinfo= system
I/ServiceKeeper(  722): In getappinfo pid = 722 pkgName = android appinfo = null
I/ServiceKeeper(  722): In getseinfo pid = 722 uid = 1000 seinfo= system
I/ServiceKeeper(  722): In getappinfo pid = 722 pkgName = android appinfo = null
I/ServiceKeeper(  722): In getseinfo pid = 722 uid = 1000 seinfo= system
D/KeyguardUpdateMonitor( 1083): received broadcast android.intent.action.BATTERY_CHANGED
D/KeyguardUpdateMonitor( 1083): handleBatteryUpdate
D/CMASMessage( 1083): [update] mShowingCMASText is false
D/CMASMessage( 1083): CMASIcon was GONE : 
D/CMASMessage( 1083): [update] mShowingCMASText is false
D/CMASMessage( 1083): CMASIcon was GONE : 
D/AbstractMetricsFactoryImpl(14132): Setting non-anonymous customer ID and session ID to null, and anonymous tag to true as the metric entry was not recorded in non-anonymous queue.
I/ServiceKeeper(  722): In getappinfo pid = 722 pkgName = android appinfo = null
I/ServiceKeeper(  722): In getseinfo pid = 722 uid = 1000 seinfo= system
E/SMD     (  253): DCD ON
E/SMD     (  253): DCD ON
E/SMD     (  253): DCD ON
E/SMD     (  253): DCD ON
E/SMD     (  253): DCD ON
D/dalvikvm(  722): GC_CONCURRENT freed 8180K, 20% free 64030K/79812K, paused 28ms+19ms, total 273ms
D/dalvikvm(  722): WAIT_FOR_CONCURRENT_GC blocked 16ms
D/dalvikvm(  722): WAIT_FOR_CONCURRENT_GC blocked 230ms
E/SMD     (  253): DCD ON
E/SMD     (  253): DCD ON
D/KeyguardUpdateMonitor( 1083): received broadcast android.intent.action.BATTERY_CHANGED
D/KeyguardUpdateMonitor( 1083): handleBatteryUpdate
D/CMASMessage( 1083): [update] mShowingCMASText is false
D/CMASMessage( 1083): CMASIcon was GONE : 
D/CMASMessage( 1083): [update] mShowingCMASText is false
D/CMASMessage( 1083): CMASIcon was GONE : 
E/SMD     (  253): DCD ON
E/SMD     (  253): DCD ON
E/SMD     (  253): DCD ON
D/dalvikvm(  722): GC_CONCURRENT freed 8204K, 20% free 64018K/79812K, paused 8ms+10ms, total 212ms
D/dalvikvm(  722): WAIT_FOR_CONCURRENT_GC blocked 191ms
D/dalvikvm(  722): WAIT_FOR_CONCURRENT_GC blocked 43ms
D/dalvikvm(  722): WAIT_FOR_CONCURRENT_GC blocked 159ms
E/SMD     (  253): DCD ON
D/KeyguardUpdateMonitor( 1083): received broadcast android.intent.action.BATTERY_CHANGED
D/KeyguardUpdateMonitor( 1083): handleBatteryUpdate
D/CMASMessage( 1083): [update] mShowingCMASText is false
D/CMASMessage( 1083): CMASIcon was GONE : 
D/CMASMessage( 1083): [update] mShowingCMASText is false
D/CMASMessage( 1083): CMASIcon was GONE : 
E/SMD     (  253): DCD ON
E/SMD     (  253): DCD ON
W/PersonaManager(  722): getPersonaIds()
I/ServiceKeeper(  722): In getappinfo pid = 722 pkgName = android appinfo = null
I/ServiceKeeper(  722): In getseinfo pid = 722 uid = 1000 seinfo= system
D/KeyguardUpdateMonitor( 1083): received broadcast android.intent.action.TIME_TICK
D/KeyguardUpdateMonitor( 1083): handleTimeUpdate
D/daemonapp( 1669): [MSC_Daemon]>>> WU:237 [0:0] regintype : NA
D/daemonapp( 1669): [MSC_Daemon]>>> WU:288 [0:0] cp type is : cp_eng
I/ServiceKeeper(  722): In getappinfo pid = 722 pkgName = android appinfo = null
I/ServiceKeeper(  722): In getseinfo pid = 722 uid = 1000 seinfo= system
E/SMD     (  253): DCD ON
W/PersonaManager(  722): getPersonaIds()
I/ServiceKeeper(  722): In getappinfo pid = 722 pkgName = android appinfo = null
I/ServiceKeeper(  722): In getseinfo pid = 722 uid = 1000 seinfo= system
W/PersonaManager(  722): getPersonaIds()
W/PersonaManager(  722): getPersonaIds()
I/SELinux (18094): Function: selinux_android_load_priority [0], There is no sepolicy file.
I/SELinux (18094):  
E/SMD     (  253): DCD ON
I/SELinux (18094): Function: selinux_android_load_priority , spota verifySig and checkHash pass. priority version is VE=SEPF_SAMSUNG-SM-G870A_4.4.2_0032
I/SELinux (18094):  
I/SELinux (18094):  
I/SELinux (18094): selinux_android_seapp_context_reload: seapp_contexts file is loaded from /data/security/spota/seapp_contexts
E/dalvikvm(18094): >>>>> Normal User
E/dalvikvm(18094): >>>>> com.pinterest [ userId:0 | appId:10226 ]
D/KeyguardUpdateMonitor( 1083): received broadcast android.intent.action.BATTERY_CHANGED
D/KeyguardUpdateMonitor( 1083): handleBatteryUpdate
D/CMASMessage( 1083): [update] mShowingCMASText is false
D/CMASMessage( 1083): CMASIcon was GONE : 
D/CMASMessage( 1083): [update] mShowingCMASText is false
D/CMASMessage( 1083): CMASIcon was GONE : 
I/MultiDex(18094): VM with version 1.6.0 does not have multidex support
I/MultiDex(18094): install
I/MultiDex(18094): MultiDexExtractor.load(/data/app/com.pinterest-15.apk, false)
D/skia    (18094): GFXPNG PNG bitmap created width:168 height:168 bitmap id is 270 
D/skia    (18094): GFXPNG PNG bitmap created width:168 height:168 bitmap id is 271 
D/skia    (18094): GFXPNG PNG bitmap created width:64 height:64 bitmap id is 272 
D/skia    (18094): GFXPNG PNG bitmap created width:51 height:51 bitmap id is 273 
D/skia    (18094): GFXPNG PNG bitmap created width:162 height:162 bitmap id is 274 
D/skia    (18094): GFXPNG PNG bitmap created width:162 height:162 bitmap id is 275 
D/skia    (18094): GFXPNG PNG bitmap created width:1 height:6 bitmap id is 276 
D/skia    (18094): GFXPNG PNG bitmap created width:222 height:222 bitmap id is 277 
D/skia    (18094): GFXPNG PNG bitmap created width:80 height:80 bitmap id is 278 
D/skia    (18094): GFXPNG PNG bitmap created width:72 height:72 bitmap id is 279 
D/skia    (18094): GFXPNG PNG bitmap created width:42 height:126 bitmap id is 280 
D/skia    (18094): GFXPNG PNG bitmap created width:18 height:18 bitmap id is 281 
D/skia    (18094): GFXPNG PNG bitmap created width:18 height:18 bitmap id is 282 
D/skia    (18094): GFXPNG PNG bitmap created width:18 height:18 bitmap id is 283 
D/skia    (18094): GFXPNG PNG bitmap created width:15 height:57 bitmap id is 284 
D/skia    (18094): GFXPNG PNG bitmap created width:57 height:57 bitmap id is 285 
D/skia    (18094): GFXPNG PNG bitmap created width:222 height:222 bitmap id is 286 
D/skia    (18094): GFXPNG PNG bitmap created width:57 height:57 bitmap id is 287 
I/MultiDex(18094): loading existing secondary dex files
D/skia    (18094): GFXPNG PNG bitmap created width:60 height:60 bitmap id is 288 
D/skia    (18094): GFXPNG PNG bitmap created width:162 height:162 bitmap id is 289 
D/skia    (18094): GFXPNG PNG bitmap created width:51 height:51 bitmap id is 290 
D/skia    (18094): GFXPNG PNG bitmap created width:60 height:69 bitmap id is 291 
D/skia    (18094): GFXPNG PNG bitmap created width:84 height:84 bitmap id is 292 
D/skia    (18094): GFXPNG PNG bitmap created width:38 height:38 bitmap id is 293 
I/MultiDex(18094): load found 1 secondary dex files
I/MultiDex(18094): install done
I/Crittercism(18094): Initializing Crittercism 5.0.6 for App ID 501075e3be790e254e000002
D/dalvikvm(18094): GC_FOR_ALLOC freed 5770K, 30% free 19069K/26940K, paused 34ms, total 34ms
D/skia    (18094): GFXPNG PNG bitmap created width:30 height:100 bitmap id is 294 
D/Event   (18094): No subscribers registered for event class com.pinterest.base.Device$MetricsUpdateEvent
D/Event   (18094): No subscribers registered for event class de.greenrobot.event.NoSubscriberEvent
I/ServiceKeeper(  722): In getappinfo pid = 722 pkgName = android appinfo = null
I/ServiceKeeper(  722): In getseinfo pid = 722 uid = 1000 seinfo= system
I/ServiceKeeper(  722): In getappinfo pid = 722 pkgName = android appinfo = null
I/ServiceKeeper(  722): In getseinfo pid = 722 uid = 1000 seinfo= system
I/ServiceKeeper(  722): In getappinfo pid = 722 pkgName = android appinfo = null
I/ServiceKeeper(  722): In getseinfo pid = 722 uid = 1000 seinfo= system
I/ServiceKeeper(  722): In getappinfo pid = 722 pkgName = android appinfo = null
I/ServiceKeeper(  722): In getseinfo pid = 722 uid = 1000 seinfo= system
E/SPPClientService( 4232): [ForceUpdateAlarmReceiver] Alarm Setting. After one day, it will alram.
I/ServiceKeeper(  722): In getappinfo pid = 722 pkgName = android appinfo = null
I/ServiceKeeper(  722): In getseinfo pid = 722 uid = 1000 seinfo= system
I/qtaguid (18094): Failed write_ctrl(u -1) res=-1 errno=9
I/qtaguid (18094): Untagging socket -1 failed errno=-9
W/NetworkManagementSocketTagger(18094): untagSocket(-1) failed with errno -9
D/Event   (18094): No subscribers registered for event class com.pinterest.networking.events.ConnectivityChanged
D/Event   (18094): No subscribers registered for event class de.greenrobot.event.NoSubscriberEvent
I/qtaguid (18094): Failed write_ctrl(t -1 5229880216326766592 -1) res=-1 errno=9
I/qtaguid (18094): Tagging socket -1 with tag 4894445900000000(1217676377) for uid -1 failed errno=-9
I/NetworkManagementSocketTagger(18094): tagSocketFd(-1, 1217676377, -1) failed with errno-9
I/qtaguid (18094): Failed write_ctrl(u -1) res=-1 errno=9
I/qtaguid (18094): Untagging socket -1 failed errno=-9
W/NetworkManagementSocketTagger(18094): untagSocket(-1) failed with errno -9
D/Event   (18094): No subscribers registered for event class com.pinterest.networking.events.ConnectivityChanged
D/Event   (18094): No subscribers registered for event class de.greenrobot.event.NoSubscriberEvent
I/qtaguid (18094): Failed write_ctrl(t -1 5229880216326766592 -1) res=-1 errno=9
I/qtaguid (18094): Tagging socket -1 with tag 4894445900000000(1217676377) for uid -1 failed errno=-9
I/NetworkManagementSocketTagger(18094): tagSocketFd(-1, 1217676377, -1) failed with errno-9
I/qtaguid (18094): Failed write_ctrl(u -1) res=-1 errno=9
I/qtaguid (18094): Untagging socket -1 failed errno=-9
W/NetworkManagementSocketTagger(18094): untagSocket(-1) failed with errno -9
D/Event   (18094): No subscribers registered for event class com.pinterest.networking.events.ConnectivityChanged
D/Event   (18094): No subscribers registered for event class de.greenrobot.event.NoSubscriberEvent
I/qtaguid (18094): Failed write_ctrl(t -1 5229880216326766592 -1) res=-1 errno=9
I/qtaguid (18094): Tagging socket -1 with tag 4894445900000000(1217676377) for uid -1 failed errno=-9
I/NetworkManagementSocketTagger(18094): tagSocketFd(-1, 1217676377, -1) failed with errno-9
I/qtaguid (18094): Failed write_ctrl(u -1) res=-1 errno=9
I/qtaguid (18094): Untagging socket -1 failed errno=-9
W/NetworkManagementSocketTagger(18094): untagSocket(-1) failed with errno -9
D/Event   (18094): No subscribers registered for event class com.pinterest.networking.events.ConnectivityChanged
D/Event   (18094): No subscribers registered for event class de.greenrobot.event.NoSubscriberEvent
I/qtaguid (18094): Failed write_ctrl(u -1) res=-1 errno=9
I/qtaguid (18094): Untagging socket -1 failed errno=-9
W/NetworkManagementSocketTagger(18094): untagSocket(-1) failed with errno -9
I/qtaguid (18094): Failed write_ctrl(u -1) res=-1 errno=9
I/qtaguid (18094): Untagging socket -1 failed errno=-9
W/NetworkManagementSocketTagger(18094): untagSocket(-1) failed with errno -9
D/Event   (18094): No subscribers registered for event class com.pinterest.networking.events.ConnectivityChanged
D/Event   (18094): No subscribers registered for event class de.greenrobot.event.NoSubscriberEvent
E/SMD     (  253): DCD ON
D/Event   (18094): No subscribers registered for event class com.pinterest.networking.events.ConnectivityChanged
D/Event   (18094): No subscribers registered for event class de.greenrobot.event.NoSubscriberEvent
D/Event   (18094): No subscribers registered for event class com.pinterest.api.model.User$UpdateEvent
D/Event   (18094): No subscribers registered for event class de.greenrobot.event.NoSubscriberEvent
D/Event   (18094): No subscribers registered for event class com.pinterest.api.model.MyUser$UpdateEvent
D/Event   (18094): No subscribers registered for event class de.greenrobot.event.NoSubscriberEvent
D/Event   (18094): No subscribers registered for event class com.pinterest.api.model.User$UpdateEvent
D/Event   (18094): No subscribers registered for event class de.greenrobot.event.NoSubscriberEvent
I/qtaguid (18094): Failed write_ctrl(t -1 5229880216326766592 -1) res=-1 errno=9
I/qtaguid (18094): Tagging socket -1 with tag 4894445900000000(1217676377) for uid -1 failed errno=-9
I/NetworkManagementSocketTagger(18094): tagSocketFd(-1, 1217676377, -1) failed with errno-9
D/dalvikvm(  722): GC_CONCURRENT freed 8170K, 20% free 64040K/79812K, paused 20ms+11ms, total 251ms
D/dalvikvm(  722): WAIT_FOR_CONCURRENT_GC blocked 190ms
D/dalvikvm(  722): WAIT_FOR_CONCURRENT_GC blocked 213ms
D/dalvikvm(  722): WAIT_FOR_CONCURRENT_GC blocked 223ms
E/SMD     (  253): DCD ON
I/qtaguid (18094): Failed write_ctrl(t -1 5229880216326766592 -1) res=-1 errno=9
I/qtaguid (18094): Tagging socket -1 with tag 4894445900000000(1217676377) for uid -1 failed errno=-9
I/NetworkManagementSocketTagger(18094): tagSocketFd(-1, 1217676377, -1) failed with errno-9
I/qtaguid (18094): Failed write_ctrl(u -1) res=-1 errno=9
I/qtaguid (18094): Untagging socket -1 failed errno=-9
W/NetworkManagementSocketTagger(18094): untagSocket(-1) failed with errno -9
D/Event   (18094): No subscribers registered for event class com.pinterest.networking.events.ConnectivityChanged
D/Event   (18094): No subscribers registered for event class de.greenrobot.event.NoSubscriberEvent
I/qtaguid (18094): Failed write_ctrl(u -1) res=-1 errno=9
I/qtaguid (18094): Untagging socket -1 failed errno=-9
W/NetworkManagementSocketTagger(18094): untagSocket(-1) failed with errno -9
D/Volley  (18094): [15274] BasicNetwork.logSlowRequests: HTTP response for request=<[ ] https://api.pinterest.com/v3/feeds/home/?page_size=200&fields=pin.images%5B236x%5D%2Cpin.id%2Cpin.cacheable_id%2Cpin.description%2Cpin.link%2Cpin.created_at%2Cpin.like_count%2Cpin.repin_count%2Cpin.comment_count%2Cpin.view_tags%2Cplace.id%2Cplace.name%2Cplace.latitude%2Cplace.longitude%2Cplace.source_icon%2Cplace.source_name%2Cpin.place%28%29%2Cpin.pinner%28%29%2Cplace.street%2Cplace.locality%2Cplace.region%2Cplace.country%2Cplace.phone%2Cplace.url 0x48944459 NORMAL 5> [lifetime=5068], [size=200245], [rc=200], [retryCount=1]
D/dalvikvm(18094): GC_CONCURRENT freed 5234K, 26% free 20657K/27844K, paused 5ms+3ms, total 56ms
D/dalvikvm(18094): WAIT_FOR_CONCURRENT_GC blocked 14ms
D/Volley  (18094): [1] Request.finish: 5888 ms: [ ] https://api.pinterest.com/v3/feeds/home/?page_size=200&fields=pin.images%5B236x%5D%2Cpin.id%2Cpin.cacheable_id%2Cpin.description%2Cpin.link%2Cpin.created_at%2Cpin.like_count%2Cpin.repin_count%2Cpin.comment_count%2Cpin.view_tags%2Cplace.id%2Cplace.name%2Cplace.latitude%2Cplace.longitude%2Cplace.source_icon%2Cplace.source_name%2Cpin.place%28%29%2Cpin.pinner%28%29%2Cplace.street%2Cplace.locality%2Cplace.region%2Cplace.country%2Cplace.phone%2Cplace.url 0x48944459 NORMAL 5
D/Event   (18094): No subscribers registered for event class com.pinterest.networking.events.ConnectivityChanged
D/Event   (18094): No subscribers registered for event class de.greenrobot.event.NoSubscriberEvent
I/Metrics:BatchTransmitte(17701): QueuePusher.sendBatches - Drained batch queue.; Number of batches sent: 0
D/LocationManagerService(  722): getLastLocation: Request[ACCURACY_FINE gps requested=0 fastest=0 num=1]
D/LocationManagerService(  722): getLastLocation: Request[POWER_LOW network requested=0 fastest=0 num=1]
D/LocationManagerService(  722): getLastLocation: Request[ACCURACY_FINE gps requested=0 fastest=0 num=1]
D/LocationManagerService(  722): getLastLocation: Request[POWER_LOW network requested=0 fastest=0 num=1]
D/LocationManagerService(  722): getLastLocation: Request[ACCURACY_FINE gps requested=0 fastest=0 num=1]
D/LocationManagerService(  722): getLastLocation: Request[POWER_LOW network requested=0 fastest=0 num=1]
E/SMD     (  253): DCD ON
I/AndroidLoggerFactory(18094): Logger name 'org.apache.thrift.transport.TIOStreamTransport' exceeds maximum length of 23 characters, using 'o*.a*.t*.t*.TIOStreamT*' instead.
E/SMD     (  253): DCD ON
I/qtaguid (18094): Failed write_ctrl(u -1) res=-1 errno=9
I/qtaguid (18094): Untagging socket -1 failed errno=-9
W/NetworkManagementSocketTagger(18094): untagSocket(-1) failed with errno -9
W/PersonaManager(  722): getPersonaIds()
I/ServiceKeeper(  722): In getappinfo pid = 722 pkgName = android appinfo = null
I/ServiceKeeper(  722): In getseinfo pid = 722 uid = 1000 seinfo= system
W/PersonaManager(  722): getPersonaIds()
I/ServiceKeeper(  722): In getappinfo pid = 722 pkgName = android appinfo = null
I/ServiceKeeper(  722): In getseinfo pid = 722 uid = 1000 seinfo= system
I/ServiceKeeper(  722): In getappinfo pid = 722 pkgName = android appinfo = null
I/ServiceKeeper(  722): In getseinfo pid = 722 uid = 1000 seinfo= system
I/ServiceKeeper(  722): In getappinfo pid = 722 pkgName = android appinfo = null
I/ServiceKeeper(  722): In getseinfo pid = 722 uid = 1000 seinfo= system
D/KeyguardUpdateMonitor( 1083): received broadcast android.intent.action.BATTERY_CHANGED
D/KeyguardUpdateMonitor( 1083): handleBatteryUpdate
D/CMASMessage( 1083): [update] mShowingCMASText is false
D/CMASMessage( 1083): CMASIcon was GONE : 
D/CMASMessage( 1083): [update] mShowingCMASText is false
D/CMASMessage( 1083): CMASIcon was GONE : 
I/ServiceKeeper(  722): In getappinfo pid = 722 pkgName = android appinfo = null
I/ServiceKeeper(  722): In getseinfo pid = 722 uid = 1000 seinfo= system
W/ctxmgr  ( 1244): [AclManager]checkPermissionTypeStatus: no inject permission for { uid=10014, packageName=com.google.android.gms }. Returned permission was: PACKAGE_NOT_WHITELISTED for context name=POWER_CONNECTION, account=account#-517948760#
W/ctxmgr  ( 1244): [AclManager]checkPermissionTypeStatus: no inject permission for { uid=10014, packageName=com.google.android.gms }. Returned permission was: PACKAGE_NOT_WHITELISTED for context name=POWER_CONNECTION, account=account#-517948760#
E/ctxmgr  ( 1244): [PowerConnectionProducer]Could not write powerInfo=Plug state: 2 BatteryLevel: 0.21, status=Status{statusCode=unknown status code: 7503, resolution=null}
I/ServiceKeeper(  722): In getappinfo pid = 722 pkgName = android appinfo = null
I/ServiceKeeper(  722): In getseinfo pid = 722 uid = 1000 seinfo= system
I/System.out(17926): Thread-15247(HTTPLog):isShipBuild true
I/System.out(17926): Thread-15247(HTTPLog):SmartBonding Enabling is false, SHIP_BUILD is true, log to file is false, DBG is false
E/SMD     (  253): DCD ON
E/SMD     (  253): DCD ON
D/dalvikvm(  722): GC_CONCURRENT freed 8199K, 20% free 64032K/79812K, paused 9ms+10ms, total 212ms
D/dalvikvm(  722): WAIT_FOR_CONCURRENT_GC blocked 87ms
D/dalvikvm(  722): WAIT_FOR_CONCURRENT_GC blocked 186ms
D/dalvikvm(  722): WAIT_FOR_CONCURRENT_GC blocked 60ms
D/dalvikvm(  722): WAIT_FOR_CONCURRENT_GC blocked 36ms
E/SMD     (  253): DCD ON
E/SMD     (  253): DCD ON
D/KeyguardUpdateMonitor( 1083): received broadcast android.intent.action.BATTERY_CHANGED
D/KeyguardUpdateMonitor( 1083): handleBatteryUpdate
D/CMASMessage( 1083): [update] mShowingCMASText is false
D/CMASMessage( 1083): CMASIcon was GONE : 
D/CMASMessage( 1083): [update] mShowingCMASText is false
D/CMASMessage( 1083): CMASIcon was GONE : 
E/SMD     (  253): DCD ON
E/SMD     (  253): DCD ON
E/SMD     (  253): DCD ON
D/KeyguardUpdateMonitor( 1083): received broadcast android.intent.action.BATTERY_CHANGED
D/KeyguardUpdateMonitor( 1083): handleBatteryUpdate
D/CMASMessage( 1083): [update] mShowingCMASText is false
D/CMASMessage( 1083): CMASIcon was GONE : 
D/CMASMessage( 1083): [update] mShowingCMASText is false
D/CMASMessage( 1083): CMASIcon was GONE : 
E/SMD     (  253): DCD ON
D/dalvikvm(  722): GC_CONCURRENT freed 8195K, 20% free 64028K/79812K, paused 9ms+9ms, total 223ms
D/dalvikvm(  722): WAIT_FOR_CONCURRENT_GC blocked 206ms
D/dalvikvm(  722): WAIT_FOR_CONCURRENT_GC blocked 75ms
D/dalvikvm(  722): WAIT_FOR_CONCURRENT_GC blocked 145ms
E/SMD     (  253): DCD ON
E/SMD     (  253): DCD ON
I/Metrics:BatchTransmitte(17701): QueuePusher.sendBatches - Drained batch queue.; Number of batches sent: 0
D/KeyguardUpdateMonitor( 1083): received broadcast android.intent.action.BATTERY_CHANGED
D/KeyguardUpdateMonitor( 1083): handleBatteryUpdate
D/CMASMessage( 1083): [update] mShowingCMASText is false
D/CMASMessage( 1083): CMASIcon was GONE : 
D/CMASMessage( 1083): [update] mShowingCMASText is false
D/CMASMessage( 1083): CMASIcon was GONE : 
E/SMD     (  253): DCD ON
E/SMD     (  253): DCD ON
E/SMD     (  253): DCD ON
D/dalvikvm(  722): GC_CONCURRENT freed 8205K, 20% free 64015K/79812K, paused 20ms+10ms, total 226ms
D/dalvikvm(  722): WAIT_FOR_CONCURRENT_GC blocked 25ms
D/dalvikvm(  722): WAIT_FOR_CONCURRENT_GC blocked 62ms
E/SMD     (  253): DCD ON
W/PersonaManager(  722): getPersonaIds()
I/ServiceKeeper(  722): In getappinfo pid = 722 pkgName = android appinfo = null
I/ServiceKeeper(  722): In getseinfo pid = 722 uid = 1000 seinfo= system
D/KeyguardUpdateMonitor( 1083): received broadcast android.intent.action.TIME_TICK
D/KeyguardUpdateMonitor( 1083): handleTimeUpdate
D/KeyguardUpdateMonitor( 1083): received broadcast android.intent.action.BATTERY_CHANGED
D/daemonapp( 1669): [MSC_Daemon]>>> WU:237 [0:0] regintype : NA
D/KeyguardUpdateMonitor( 1083): handleBatteryUpdate
D/CMASMessage( 1083): [update] mShowingCMASText is false
D/daemonapp( 1669): [MSC_Daemon]>>> WU:288 [0:0] cp type is : cp_eng
D/CMASMessage( 1083): CMASIcon was GONE : 
D/CMASMessage( 1083): [update] mShowingCMASText is false
D/CMASMessage( 1083): CMASIcon was GONE : 
I/ServiceKeeper(  722): In getappinfo pid = 722 pkgName = android appinfo = null
I/ServiceKeeper(  722): In getseinfo pid = 722 uid = 1000 seinfo= system
E/SMD     (  253): DCD ON
E/SMD     (  253): DCD ON
W/PersonaManager(  722): getPersonaIds()
I/ServiceKeeper(  722): In getappinfo pid = 722 pkgName = android appinfo = null
I/ServiceKeeper(  722): In getseinfo pid = 722 uid = 1000 seinfo= system
W/PersonaManager(  722): getPersonaIds()
W/PersonaManager(  722): getPersonaIds()
I/SELinux (18169): Function: selinux_android_load_priority [0], There is no sepolicy file.
I/SELinux (18169):  
I/ServiceKeeper(  722): In getappinfo pid = 722 pkgName = android appinfo = null
I/ServiceKeeper(  722): In getseinfo pid = 722 uid = 1000 seinfo= system
D/dalvikvm(  262): GC_EXPLICIT freed 41K, 38% free 16806K/26940K, paused 3ms+2ms, total 36ms
D/dalvikvm(  262): GC_EXPLICIT freed <1K, 38% free 16806K/26940K, paused 2ms+3ms, total 22ms
I/ServiceKeeper(  722): In getappinfo pid = 722 pkgName = android appinfo = null
I/ServiceKeeper(  722): In getseinfo pid = 722 uid = 1000 seinfo= system
D/dalvikvm(  262): GC_EXPLICIT freed <1K, 38% free 16806K/26940K, paused 2ms+2ms, total 18ms
I/SELinux (18169): Function: selinux_android_load_priority , spota verifySig and checkHash pass. priority version is VE=SEPF_SAMSUNG-SM-G870A_4.4.2_0032
I/SELinux (18169):  
I/SELinux (18169):  
I/SELinux (18169): selinux_android_seapp_context_reload: seapp_contexts file is loaded from /data/security/spota/seapp_contexts
E/dalvikvm(18169): >>>>> Normal User
E/dalvikvm(18169): >>>>> com.android.chrome [ userId:0 | appId:10094 ]
D/dalvikvm(20156): GC_EXPLICIT freed 917K, 37% free 22852K/35868K, paused 7ms+6ms, total 107ms
D/skia    (18169): GFXPNG PNG bitmap created width:3 height:69 bitmap id is 270 
D/skia    (18169): GFXPNG PNG bitmap created width:16 height:16 bitmap id is 271 
D/skia    (18169): GFXPNG PNG bitmap created width:16 height:16 bitmap id is 272 
D/skia    (18169): GFXPNG PNG bitmap created width:64 height:64 bitmap id is 273 
D/skia    (18169): GFXPNG PNG bitmap created width:64 height:64 bitmap id is 274 
D/skia    (18169): GFXPNG PNG bitmap created width:64 height:64 bitmap id is 275 
D/skia    (18169): GFXPNG PNG bitmap created width:64 height:64 bitmap id is 276 
D/skia    (18169): GFXPNG PNG bitmap created width:64 height:64 bitmap id is 278 
D/skia    (18169): GFXPNG PNG bitmap created width:64 height:64 bitmap id is 277 
D/skia    (18169): GFXPNG PNG bitmap created width:64 height:64 bitmap id is 279 
D/skia    (18169): GFXPNG PNG bitmap created width:64 height:64 bitmap id is 280 
D/skia    (18169): GFXPNG PNG bitmap created width:64 height:64 bitmap id is 281 
D/skia    (18169): GFXPNG PNG bitmap created width:18 height:18 bitmap id is 282 
D/skia    (18169): GFXPNG PNG bitmap created width:42 height:126 bitmap id is 283 
D/skia    (18169): GFXPNG PNG bitmap created width:18 height:18 bitmap id is 284 
D/skia    (18169): GFXPNG PNG bitmap created width:18 height:18 bitmap id is 285 
D/skia    (18169): GFXPNG PNG bitmap created width:72 height:72 bitmap id is 287 
D/skia    (18169): GFXPNG PNG bitmap created width:72 height:72 bitmap id is 288 
D/skia    (18169): GFXPNG PNG bitmap created width:72 height:72 bitmap id is 286 
D/skia    (18169): GFXPNG PNG bitmap created width:72 height:72 bitmap id is 289 
D/skia    (18169): GFXPNG PNG bitmap created width:72 height:72 bitmap id is 290 
D/skia    (18169): GFXPNG PNG bitmap created width:124 height:120 bitmap id is 291 
D/skia    (18169): GFXPNG PNG bitmap created width:42 height:72 bitmap id is 292 
D/skia    (18169): GFXPNG PNG bitmap created width:72 height:72 bitmap id is 293 
D/skia    (18169): GFXPNG PNG bitmap created width:72 height:72 bitmap id is 294 
D/skia    (18169): GFXPNG PNG bitmap created width:9 height:6 bitmap id is 295 
D/skia    (18169): GFXPNG PNG bitmap created width:42 height:48 bitmap id is 296 
D/skia    (18169): GFXPNG PNG bitmap created width:9 height:6 bitmap id is 297 
I/PersonaManager(18169): getPersonaService() name persona_policy
D/dalvikvm(18169): DexOpt: couldn't find static field Landroid/support/v4/app/d;.common_ic_googleplayservices
W/dalvikvm(18169): VFY: unable to resolve static field 480 (common_ic_googleplayservices) in Landroid/support/v4/app/d;
D/dalvikvm(18169): VFY: replacing opcode 0x60 at 0x0051
I/dalvikvm(18169): Could not find method android.app.Notification$Builder.setLocalOnly, referenced from method com.google.android.gms.common.e.a
W/dalvikvm(18169): VFY: unable to resolve virtual method 324: Landroid/app/Notification$Builder;.setLocalOnly (Z)Landroid/app/Notification$Builder;
D/dalvikvm(18169): VFY: replacing opcode 0x6e at 0x018f
I/dalvikvm(18169): Could not find method android.content.pm.PackageManager.getPackageInstaller, referenced from method com.google.android.gms.common.e.a
W/dalvikvm(18169): VFY: unable to resolve virtual method 649: Landroid/content/pm/PackageManager;.getPackageInstaller ()Landroid/content/pm/PackageInstaller;
D/dalvikvm(18169): VFY: replacing opcode 0x6e at 0x000b
D/dalvikvm(18169): DexOpt: couldn't find static field Landroid/support/v4/app/d;.common_full_open_on_phone
I/dalvikvm(18169): DexOpt: unable to optimize static field ref 0x01df at 0x85 in Lcom/google/android/gms/common/e;.a
D/dalvikvm(18169): DexOpt: couldn't find field Landroid/content/pm/PackageInfo;.splitNames
W/dalvikvm(18169): VFY: unable to resolve instance field 69
D/dalvikvm(18169): VFY: replacing opcode 0x54 at 0x000c
D/dalvikvm(18169): DexOpt: couldn't find field Landroid/content/pm/PackageInfo;.splitNames
I/dalvikvm(18169): DexOpt: unable to optimize instance field ref 0x0045 at 0x11 in Lorg/chromium/base/BuildInfo;.hasLanguageApkSplits
D/dalvikvm(18169): DexOpt: couldn't find field Landroid/content/pm/PackageInfo;.splitNames
I/dalvikvm(18169): DexOpt: unable to optimize instance field ref 0x0045 at 0x16 in Lorg/chromium/base/BuildInfo;.hasLanguageApkSplits
D/dalvikvm(18169): DexOpt: couldn't find field Landroid/content/pm/PackageInfo;.splitNames
W/dalvikvm(18169): VFY: unable to resolve instance field 69
D/dalvikvm(18169): VFY: replacing opcode 0x54 at 0x0011
D/dalvikvm(18169): DexOpt: couldn't find field Landroid/content/pm/PackageInfo;.splitNames
I/dalvikvm(18169): DexOpt: unable to optimize instance field ref 0x0045 at 0x16 in Lorg/chromium/base/library_loader/LibraryLoader;.getLibraryApkPath
D/dalvikvm(18169): DexOpt: couldn't find field Landroid/content/pm/PackageInfo;.splitNames
I/dalvikvm(18169): DexOpt: unable to optimize instance field ref 0x0045 at 0x1b in Lorg/chromium/base/library_loader/LibraryLoader;.getLibraryApkPath
D/dalvikvm(18169): DexOpt: couldn't find field Landroid/content/pm/ApplicationInfo;.splitSourceDirs
I/dalvikvm(18169): DexOpt: unable to optimize instance field ref 0x003b at 0x25 in Lorg/chromium/base/library_loader/LibraryLoader;.getLibraryApkPath
I/dalvikvm(18169): Could not find method android.app.Activity.finishAndRemoveTask, referenced from method org.chromium.base.ApiCompatibilityUtils.finishAndRemoveTask
W/dalvikvm(18169): VFY: unable to resolve virtual method 90: Landroid/app/Activity;.finishAndRemoveTask ()V
D/dalvikvm(18169): VFY: replacing opcode 0x6e at 0x0006
I/dalvikvm(18169): Could not find method android.content.res.Resources.getDrawable, referenced from method org.chromium.base.ApiCompatibilityUtils.getDrawable
W/dalvikvm(18169): VFY: unable to resolve virtual method 701: Landroid/content/res/Resources;.getDrawable (ILandroid/content/res/Resources$Theme;)Landroid/graphics/drawable/Drawable;
D/dalvikvm(18169): VFY: replacing opcode 0x6e at 0x0007
I/dalvikvm(18169): Could not find method android.content.res.Resources.getDrawableForDensity, referenced from method org.chromium.base.ApiCompatibilityUtils.getDrawableForDensity
W/dalvikvm(18169): VFY: unable to resolve virtual method 703: Landroid/content/res/Resources;.getDrawableForDensity (IILandroid/content/res/Resources$Theme;)Landroid/graphics/drawable/Drawable;
D/dalvikvm(18169): VFY: replacing opcode 0x6e at 0x0007
I/dalvikvm(18169): Could not find method android.content.pm.PackageManager.getUserBadgedIcon, referenced from method org.chromium.base.ApiCompatibilityUtils.getUserBadgedIcon
W/dalvikvm(18169): VFY: unable to resolve virtual method 655: Landroid/content/pm/PackageManager;.getUserBadgedIcon (Landroid/graphics/drawable/Drawable;Landroid/os/UserHandle;)Landroid/graphics/drawable/Drawable;
D/dalvikvm(18169): VFY: replacing opcode 0x6e at 0x0016
I/dalvikvm(18169): Could not find method android.os.PowerManager.isInteractive, referenced from method org.chromium.base.ApiCompatibilityUtils.isInteractive
W/dalvikvm(18169): VFY: unable to resolve virtual method 1711: Landroid/os/PowerManager;.isInteractive ()Z
D/dalvikvm(18169): VFY: replacing opcode 0x6e at 0x000f
I/dalvikvm(18169): Could not find method android.view.Window.getNavigationBarColor, referenced from method org.chromium.base.ApiCompatibilityUtils.setStatusBarColor
W/dalvikvm(18169): VFY: unable to resolve virtual method 10183: Landroid/view/Window;.getNavigationBarColor ()I
D/dalvikvm(18169): VFY: replacing opcode 0x6e at 0x000c
I/dalvikvm(18169): Could not find method android.view.Window.setStatusBarColor, referenced from method org.chromium.base.ApiCompatibilityUtils.setStatusBarColor
W/dalvikvm(18169): VFY: unable to resolve virtual method 10196: Landroid/view/Window;.setStatusBarColor (I)V
D/dalvikvm(18169): VFY: replacing opcode 0x6e at 0x0015
E/dalvikvm(18169): Could not find class 'android.app.ActivityManager$TaskDescription', referenced from method org.chromium.base.ApiCompatibilityUtils.setTaskDescription
W/dalvikvm(18169): VFY: unable to resolve new-instance 33 (Landroid/app/ActivityManager$TaskDescription;) in Lorg/chromium/base/ApiCompatibilityUtils;
D/dalvikvm(18169): VFY: replacing opcode 0x22 at 0x0006
D/dalvikvm(18169): DexOpt: unable to opt direct call 0x008e at 0x08 in Lorg/chromium/base/ApiCompatibilityUtils;.setTaskDescription
I/ServiceKeeper(  722): In getappinfo pid = 722 pkgName = android appinfo = null
I/ServiceKeeper(  722): In getseinfo pid = 722 uid = 1000 seinfo= system
D/dalvikvm( 1244): GC_CONCURRENT freed 2066K, 30% free 21998K/31052K, paused 3ms+4ms, total 48ms
E/SMD     (  253): DCD ON
D/KeyguardUpdateMonitor( 1083): received broadcast android.intent.action.BATTERY_CHANGED
D/KeyguardUpdateMonitor( 1083): handleBatteryUpdate
D/CMASMessage( 1083): [update] mShowingCMASText is false
D/CMASMessage( 1083): CMASIcon was GONE : 
D/CMASMessage( 1083): [update] mShowingCMASText is false
D/CMASMessage( 1083): CMASIcon was GONE : 
E/SMD     (  253): DCD ON
E/SMD     (  253): DCD ON
D/dalvikvm(  722): GC_CONCURRENT freed 8159K, 20% free 64046K/79812K, paused 9ms+12ms, total 217ms
D/dalvikvm(  722): WAIT_FOR_CONCURRENT_GC blocked 200ms
E/SMD     (  253): DCD ON
E/SMD     (  253): DCD ON
D/KeyguardUpdateMonitor( 1083): received broadcast android.intent.action.BATTERY_CHANGED
D/KeyguardUpdateMonitor( 1083): handleBatteryUpdate
D/CMASMessage( 1083): [update] mShowingCMASText is false
D/CMASMessage( 1083): CMASIcon was GONE : 
D/CMASMessage( 1083): [update] mShowingCMASText is false
D/CMASMessage( 1083): CMASIcon was GONE : 
E/SMD     (  253): DCD ON
E/SMD     (  253): DCD ON
E/SMD     (  253): DCD ON
D/KeyguardUpdateMonitor( 1083): received broadcast android.intent.action.BATTERY_CHANGED
D/KeyguardUpdateMonitor( 1083): handleBatteryUpdate
D/CMASMessage( 1083): [update] mShowingCMASText is false
D/CMASMessage( 1083): CMASIcon was GONE : 
D/CMASMessage( 1083): [update] mShowingCMASText is false
D/CMASMessage( 1083): CMASIcon was GONE : 
E/SMD     (  253): DCD ON
