D/skia    ( 1083): GFXPNG PNG bitmap created width:54 height:54 bitmap id is 16768 
D/PhoneApp( 1261): mReceiver: ACTION_ANY_DATA_CONNECTION_STATE_CHANGED
D/FileWriteThread( 1261): FileWriteThread : threadType = 3
D/PhoneApp( 1261): mReceiver: ACTION_ANY_DATA_CONNECTION_STATE_CHANGED
D/FileWriteThread( 1261): FileWriteThread : threadType = 3
D/PhoneApp( 1261): mReceiver: ACTION_ANY_DATA_CONNECTION_STATE_CHANGED
D/FileWriteThread( 1261): FileWriteThread : threadType = 3
D/PhoneApp( 1261): mReceiver: ACTION_ANY_DATA_CONNECTION_STATE_CHANGED
D/FileWriteThread( 1261): FileWriteThread : threadType = 3
D/PhoneApp( 1261): mReceiver: ACTION_ANY_DATA_CONNECTION_STATE_CHANGED
D/FileWriteThread( 1261): FileWriteThread : threadType = 3
D/PhoneApp( 1261): mReceiver: ACTION_ANY_DATA_CONNECTION_STATE_CHANGED
D/FileWriteThread( 1261): FileWriteThread : threadType = 3
D/PhoneApp( 1261): mReceiver: ACTION_ANY_DATA_CONNECTION_STATE_CHANGED
D/FileWriteThread( 1261): FileWriteThread : threadType = 3
D/PhoneApp( 1261): mReceiver: ACTION_ANY_DATA_CONNECTION_STATE_CHANGED
D/FileWriteThread( 1261): FileWriteThread : threadType = 3
D/PhoneApp( 1261): mReceiver: ACTION_ANY_DATA_CONNECTION_STATE_CHANGED
D/FileWriteThread( 1261): FileWriteThread : threadType = 3
D/PhoneApp( 1261): mReceiver: ACTION_ANY_DATA_CONNECTION_STATE_CHANGED
D/FileWriteThread( 1261): FileWriteThread : threadType = 3
E/SMD     (  253): DCD ON
W/PersonaManager(  722): getPersonaIds()
I/ServiceKeeper(  722): In getappinfo pid = 722 pkgName = android appinfo = null
I/ServiceKeeper(  722): In getseinfo pid = 722 uid = 1000 seinfo= system
I/ServiceKeeper(  722): In getappinfo pid = 722 pkgName = android appinfo = null
I/ServiceKeeper(  722): In getseinfo pid = 722 uid = 1000 seinfo= system
E/SMD     (  253): DCD ON
D/KeyguardUpdateMonitor( 1083): received broadcast android.intent.action.BATTERY_CHANGED
D/KeyguardUpdateMonitor( 1083): handleBatteryUpdate
D/CMASMessage( 1083): [update] mShowingCMASText is false
D/CMASMessage( 1083): CMASIcon was GONE : 
D/CMASMessage( 1083): [update] mShowingCMASText is false
D/CMASMessage( 1083): CMASIcon was GONE : 
E/SMD     (  253): DCD ON
D/dalvikvm(  722): GC_CONCURRENT freed 8177K, 20% free 64072K/79812K, paused 19ms+10ms, total 226ms
D/dalvikvm(  722): WAIT_FOR_CONCURRENT_GC blocked 170ms
D/dalvikvm(  722): WAIT_FOR_CONCURRENT_GC blocked 200ms
D/dalvikvm(  722): WAIT_FOR_CONCURRENT_GC blocked 137ms
E/SMD     (  253): DCD ON
E/SMD     (  253): DCD ON
D/KeyguardUpdateMonitor( 1083): received broadcast android.intent.action.BATTERY_CHANGED
D/KeyguardUpdateMonitor( 1083): handleBatteryUpdate
D/CMASMessage( 1083): [update] mShowingCMASText is false
D/CMASMessage( 1083): CMASIcon was GONE : 
D/CMASMessage( 1083): [update] mShowingCMASText is false
D/CMASMessage( 1083): CMASIcon was GONE : 
E/SMD     (  253): DCD ON
E/SMD     (  253): DCD ON
E/SMD     (  253): DCD ON
I/Metrics:BatchTransmitte(17701): QueuePusher.sendBatches - Drained batch queue.; Number of batches sent: 0
D/dalvikvm(  722): GC_CONCURRENT freed 8215K, 20% free 64049K/79812K, paused 14ms+10ms, total 229ms
D/dalvikvm(  722): WAIT_FOR_CONCURRENT_GC blocked 205ms
E/SMD     (  253): DCD ON
D/KeyguardUpdateMonitor( 1083): received broadcast android.intent.action.BATTERY_CHANGED
D/KeyguardUpdateMonitor( 1083): handleBatteryUpdate
D/CMASMessage( 1083): [update] mShowingCMASText is false
D/CMASMessage( 1083): CMASIcon was GONE : 
D/CMASMessage( 1083): [update] mShowingCMASText is false
D/CMASMessage( 1083): CMASIcon was GONE : 
E/SMD     (  253): DCD ON
E/SMD     (  253): DCD ON
E/SMD     (  253): DCD ON
W/PersonaManager(  722): getPersonaIds()
I/ServiceKeeper(  722): In getappinfo pid = 722 pkgName = android appinfo = null
I/ServiceKeeper(  722): In getseinfo pid = 722 uid = 1000 seinfo= system
D/KeyguardUpdateMonitor( 1083): received broadcast android.intent.action.TIME_TICK
D/KeyguardUpdateMonitor( 1083): handleTimeUpdate
D/daemonapp( 1669): [MSC_Daemon]>>> WU:237 [0:0] regintype : NA
D/daemonapp( 1669): [MSC_Daemon]>>> WU:288 [0:0] cp type is : cp_eng
I/ServiceKeeper(  722): In getappinfo pid = 722 pkgName = android appinfo = null
I/ServiceKeeper(  722): In getseinfo pid = 722 uid = 1000 seinfo= system
D/KeyguardUpdateMonitor( 1083): received broadcast android.intent.action.BATTERY_CHANGED
D/KeyguardUpdateMonitor( 1083): handleBatteryUpdate
D/CMASMessage( 1083): [update] mShowingCMASText is false
D/CMASMessage( 1083): CMASIcon was GONE : 
D/CMASMessage( 1083): [update] mShowingCMASText is false
D/CMASMessage( 1083): CMASIcon was GONE : 
E/SMD     (  253): DCD ON
E/SMD     (  253): DCD ON
E/SMD     (  253): DCD ON
D/dalvikvm(  722): GC_CONCURRENT freed 8181K, 20% free 64058K/79812K, paused 13ms+11ms, total 207ms
D/dalvikvm(  722): WAIT_FOR_CONCURRENT_GC blocked 161ms
E/SMD     (  253): DCD ON
D/KeyguardUpdateMonitor( 1083): received broadcast android.intent.action.BATTERY_CHANGED
D/KeyguardUpdateMonitor( 1083): handleBatteryUpdate
D/CMASMessage( 1083): [update] mShowingCMASText is false
D/CMASMessage( 1083): CMASIcon was GONE : 
D/CMASMessage( 1083): [update] mShowingCMASText is false
D/CMASMessage( 1083): CMASIcon was GONE : 
E/SMD     (  253): DCD ON
E/SMD     (  253): DCD ON
E/SMD     (  253): DCD ON
D/KeyguardUpdateMonitor( 1083): received broadcast android.intent.action.BATTERY_CHANGED
D/KeyguardUpdateMonitor( 1083): handleBatteryUpdate
D/CMASMessage( 1083): [update] mShowingCMASText is false
D/CMASMessage( 1083): CMASIcon was GONE : 
D/CMASMessage( 1083): [update] mShowingCMASText is false
D/CMASMessage( 1083): CMASIcon was GONE : 
E/SMD     (  253): DCD ON
E/SMD     (  253): DCD ON
D/dalvikvm(  722): GC_CONCURRENT freed 8197K, 20% free 64052K/79812K, paused 21ms+10ms, total 232ms
D/dalvikvm(  722): WAIT_FOR_CONCURRENT_GC blocked 195ms
D/dalvikvm(  722): WAIT_FOR_CONCURRENT_GC blocked 65ms
D/dalvikvm(  722): WAIT_FOR_CONCURRENT_GC blocked 200ms
E/SMD     (  253): DCD ON
D/KeyguardUpdateMonitor( 1083): received broadcast android.intent.action.BATTERY_CHANGED
D/KeyguardUpdateMonitor( 1083): handleBatteryUpdate
D/CMASMessage( 1083): [update] mShowingCMASText is false
D/CMASMessage( 1083): CMASIcon was GONE : 
D/CMASMessage( 1083): [update] mShowingCMASText is false
D/CMASMessage( 1083): CMASIcon was GONE : 
E/SMD     (  253): DCD ON
E/SMD     (  253): DCD ON
E/SMD     (  253): DCD ON
E/SMD     (  253): DCD ON
D/dalvikvm(  722): GC_CONCURRENT freed 8187K, 20% free 64055K/79812K, paused 5ms+11ms, total 234ms
D/dalvikvm(  722): WAIT_FOR_CONCURRENT_GC blocked 216ms
D/KeyguardUpdateMonitor( 1083): received broadcast android.intent.action.BATTERY_CHANGED
D/KeyguardUpdateMonitor( 1083): handleBatteryUpdate
D/CMASMessage( 1083): [update] mShowingCMASText is false
D/CMASMessage( 1083): CMASIcon was GONE : 
D/CMASMessage( 1083): [update] mShowingCMASText is false
D/CMASMessage( 1083): CMASIcon was GONE : 
E/SMD     (  253): DCD ON
E/SMD     (  253): DCD ON
E/SMD     (  253): DCD ON
E/SMD     (  253): DCD ON
E/SMD     (  253): DCD ON
W/PersonaManager(  722): getPersonaIds()
I/ServiceKeeper(  722): In getappinfo pid = 722 pkgName = android appinfo = null
I/ServiceKeeper(  722): In getseinfo pid = 722 uid = 1000 seinfo= system
W/PersonaManager(  722): getPersonaIds()
W/PersonaManager(  722): getPersonaIds()
W/PersonaManager(  722): getPersonaIds()
W/PersonaManager(  722): getPersonaIds()
I/ServiceKeeper(  722): In getappinfo pid = 722 pkgName = android appinfo = null
I/ServiceKeeper(  722): In getseinfo pid = 722 uid = 1000 seinfo= system
I/ServiceKeeper(  722): In getappinfo pid = 722 pkgName = android appinfo = null
I/ServiceKeeper(  722): In getseinfo pid = 722 uid = 1000 seinfo= system
E/SMD     (  253): DCD ON
I/AmazonVideo.util(14132): ConfigManager.updateFromServerIfNecessary: Requesting update for 4928572 millis from now
I/AmazonVideo.util(14132): ConfigTaskScheduler.schedule: Scheduling refresh after 4928572 millis
I/AmazonVideo.syncservice(14132): SyncDispatcher.sync: Skipping sync component: EventManager
I/ServiceKeeper(  722): In getappinfo pid = 722 pkgName = android appinfo = null
I/ServiceKeeper(  722): In getseinfo pid = 722 uid = 1000 seinfo= system
I/wpa_supplicant( 1056): wlan0: Setting scan request: 0 sec 0 usec
D/KeyguardUpdateMonitor( 1083): received broadcast android.intent.action.BATTERY_CHANGED
D/KeyguardUpdateMonitor( 1083): handleBatteryUpdate
D/CMASMessage( 1083): [update] mShowingCMASText is false
D/CMASMessage( 1083): CMASIcon was GONE : 
D/CMASMessage( 1083): [update] mShowingCMASText is false
I/wpa_supplicant( 1056): Scan requested (ret=0) - scan timeout 30 seconds
D/CMASMessage( 1083): CMASIcon was GONE : 
I/ServiceKeeper(  722): In getappinfo pid = 722 pkgName = android appinfo = null
I/ServiceKeeper(  722): In getseinfo pid = 722 uid = 1000 seinfo= system
I/ServiceKeeper(  722): In getappinfo pid = 722 pkgName = android appinfo = null
I/ServiceKeeper(  722): In getseinfo pid = 722 uid = 1000 seinfo= system
I/ServiceKeeper(  722): In getappinfo pid = 722 pkgName = android appinfo = null
I/ServiceKeeper(  722): In getseinfo pid = 722 uid = 1000 seinfo= system
I/ServiceKeeper(  722): In getappinfo pid = 722 pkgName = android appinfo = null
I/ServiceKeeper(  722): In getseinfo pid = 722 uid = 1000 seinfo= system
W/ctxmgr  ( 1244): [AclManager]checkPermissionTypeStatus: no inject permission for { uid=10014, packageName=com.google.android.gms }. Returned permission was: PACKAGE_NOT_WHITELISTED for context name=POWER_CONNECTION, account=account#-517948760#
W/ctxmgr  ( 1244): [AclManager]checkPermissionTypeStatus: no inject permission for { uid=10014, packageName=com.google.android.gms }. Returned permission was: PACKAGE_NOT_WHITELISTED for context name=POWER_CONNECTION, account=account#-517948760#
I/ServiceKeeper(  722): In getappinfo pid = 722 pkgName = android appinfo = null
I/ServiceKeeper(  722): In getseinfo pid = 722 uid = 1000 seinfo= system
E/ctxmgr  ( 1244): [PowerConnectionProducer]Could not write powerInfo=Plug state: 2 BatteryLevel: 0.25, status=Status{statusCode=unknown status code: 7503, resolution=null}
I/ServiceKeeper(  722): In getappinfo pid = 722 pkgName = android appinfo = null
I/ServiceKeeper(  722): In getseinfo pid = 722 uid = 1000 seinfo= system
I/ServiceKeeper(  722): In getappinfo pid = 722 pkgName = android appinfo = null
I/ServiceKeeper(  722): In getseinfo pid = 722 uid = 1000 seinfo= system
I/ServiceKeeper(  722): In getappinfo pid = 722 pkgName = android appinfo = null
I/ServiceKeeper(  722): In getseinfo pid = 722 uid = 1000 seinfo= system
I/ServiceKeeper(  722): In getappinfo pid = 722 pkgName = android appinfo = null
I/ServiceKeeper(  722): In getseinfo pid = 722 uid = 1000 seinfo= system
I/ServiceKeeper(  722): In getappinfo pid = 722 pkgName = android appinfo = null
I/ServiceKeeper(  722): In getseinfo pid = 722 uid = 1000 seinfo= system
V/BackupServiceBinder(  722): doBackup() invoked
I/ServiceKeeper(  722): In getappinfo pid = 722 pkgName = android appinfo = null
I/ServiceKeeper(  722): In getseinfo pid = 722 uid = 1000 seinfo= system
I/ServiceKeeper(  722): In getappinfo pid = 722 pkgName = android appinfo = null
I/ServiceKeeper(  722): In getseinfo pid = 722 uid = 1000 seinfo= system
I/SELinux (18535): Function: selinux_android_load_priority [0], There is no sepolicy file.
I/SELinux (18535):  
I/SELinux (18535): Function: selinux_android_load_priority , spota verifySig and checkHash pass. priority version is VE=SEPF_SAMSUNG-SM-G870A_4.4.2_0032
I/SELinux (18535):  
I/SELinux (18535):  
I/SELinux (18535): selinux_android_seapp_context_reload: seapp_contexts file is loaded from /data/security/spota/seapp_contexts
E/dalvikvm(18535): >>>>> Normal User
E/dalvikvm(18535): >>>>> com.google.android.googlequicksearchbox [ userId:0 | appId:10063 ]
D/skia    (18535): GFXPNG PNG bitmap created width:144 height:144 bitmap id is 270 
D/skia    (18535): GFXPNG PNG bitmap created width:186 height:69 bitmap id is 271 
D/skia    (18535): GFXPNG PNG bitmap created width:72 height:72 bitmap id is 272 
D/skia    (18535): GFXPNG PNG bitmap created width:144 height:144 bitmap id is 273 
D/skia    (18535): GFXPNG PNG bitmap created width:8 height:9 bitmap id is 274 
D/skia    (18535): GFXPNG PNG bitmap created width:18 height:18 bitmap id is 275 
D/skia    (18535): GFXPNG PNG bitmap created width:18 height:18 bitmap id is 276 
D/skia    (18535): GFXPNG PNG bitmap created width:18 height:18 bitmap id is 277 
D/skia    (18535): GFXPNG PNG bitmap created width:27 height:15 bitmap id is 278 
D/skia    (18535): GFXPNG PNG bitmap created width:27 height:15 bitmap id is 279 
D/skia    (18535): GFXPNG PNG bitmap created width:27 height:15 bitmap id is 280 
D/skia    (18535): GFXPNG PNG bitmap created width:27 height:15 bitmap id is 281 
D/skia    (18535): GFXPNG PNG bitmap created width:72 height:72 bitmap id is 282 
D/skia    (18535): GFXPNG PNG bitmap created width:12 height:12 bitmap id is 283 
D/skia    (18535): GFXPNG PNG bitmap created width:72 height:72 bitmap id is 284 
D/skia    (18535): GFXPNG PNG bitmap created width:72 height:72 bitmap id is 285 
D/skia    (18535): GFXPNG PNG bitmap created width:72 height:72 bitmap id is 286 
D/skia    (18535): GFXPNG PNG bitmap created width:72 height:72 bitmap id is 287 
D/skia    (18535): GFXPNG PNG bitmap created width:72 height:72 bitmap id is 288 
D/skia    (18535): GFXPNG PNG bitmap created width:72 height:72 bitmap id is 289 
D/skia    (18535): GFXPNG PNG bitmap created width:18 height:18 bitmap id is 290 
D/skia    (18535): GFXPNG PNG bitmap created width:72 height:72 bitmap id is 291 
D/skia    (18535): GFXPNG PNG bitmap created width:66 height:114 bitmap id is 292 
D/skia    (18535): GFXPNG PNG bitmap created width:66 height:114 bitmap id is 293 
D/skia    (18535): GFXPNG PNG bitmap created width:66 height:114 bitmap id is 294 
D/skia    (18535): GFXPNG PNG bitmap created width:66 height:114 bitmap id is 295 
D/skia    (18535): GFXPNG PNG bitmap created width:720 height:504 bitmap id is 296 
D/skia    (18535): GFXPNG PNG bitmap created width:66 height:114 bitmap id is 297 
D/skia    (18535): GFXPNG PNG bitmap created width:66 height:114 bitmap id is 298 
D/skia    (18535): GFXPNG PNG bitmap created width:66 height:114 bitmap id is 299 
D/skia    (18535): GFXPNG PNG bitmap created width:66 height:114 bitmap id is 300 
D/skia    (18535): GFXPNG PNG bitmap created width:66 height:114 bitmap id is 301 
I/ServiceKeeper(  722): In getappinfo pid = 722 pkgName = android appinfo = null
I/ServiceKeeper(  722): In getseinfo pid = 722 uid = 1000 seinfo= system
I/ServiceKeeper(  722): In getappinfo pid = 722 pkgName = android appinfo = null
I/ServiceKeeper(  722): In getseinfo pid = 722 uid = 1000 seinfo= system
V/BackupServiceBinder(18535): doBackup() invoked
D/BackupHelperDispatcher(18535): handling existing helper 'L' com.android.launcher3.LauncherBackupHelper@42c7d0b8
W/PersonaManager(  722): getPersonaIds()
I/ServiceKeeper(  722): In getappinfo pid = 722 pkgName = android appinfo = null
I/ServiceKeeper(  722): In getseinfo pid = 722 uid = 1000 seinfo= system
I/ServiceKeeper(  722): In getappinfo pid = 722 pkgName = android appinfo = null
I/ServiceKeeper(  722): In getseinfo pid = 722 uid = 1000 seinfo= system
I/ServiceKeeper(  722): In getappinfo pid = 722 pkgName = android appinfo = null
I/ServiceKeeper(  722): In getseinfo pid = 722 uid = 1000 seinfo= system
D/KeyguardUpdateMonitor( 1083): received broadcast android.intent.action.TIME_TICK
D/KeyguardUpdateMonitor( 1083): handleTimeUpdate
V/BackupServiceBinder(  722): doBackup() invoked
D/BackupHelperDispatcher(  722): handling existing helper 'wallpaper' android.app.backup.WallpaperBackupHelper@449bd218
I/ServiceKeeper(  722): In getappinfo pid = 722 pkgName = android appinfo = null
I/ServiceKeeper(  722): In getseinfo pid = 722 uid = 1000 seinfo= system
I/ServiceKeeper(  722): In getappinfo pid = 722 pkgName = android appinfo = null
I/ServiceKeeper(  722): In getseinfo pid = 722 uid = 1000 seinfo= system
I/ServiceKeeper(  722): In getappinfo pid = 722 pkgName = android appinfo = null
I/ServiceKeeper(  722): In getseinfo pid = 722 uid = 1000 seinfo= system
I/ServiceKeeper(  722): In getappinfo pid = 722 pkgName = android appinfo = null
I/ServiceKeeper(  722): In getseinfo pid = 722 uid = 1000 seinfo= system
V/BackupServiceBinder(  722): doBackup() invoked
D/daemonapp( 1669): [MSC_Daemon]>>> WU:237 [0:0] regintype : NA
D/daemonapp( 1669): [MSC_Daemon]>>> WU:288 [0:0] cp type is : cp_eng
I/ServiceKeeper(  722): In getappinfo pid = 722 pkgName = android appinfo = null
I/ServiceKeeper(  722): In getseinfo pid = 722 uid = 1000 seinfo= system
I/ServiceKeeper(  722): In getappinfo pid = 722 pkgName = android appinfo = null
I/ServiceKeeper(  722): In getseinfo pid = 722 uid = 1000 seinfo= system
I/ServiceKeeper(  722): In getappinfo pid = 722 pkgName = android appinfo = null
I/ServiceKeeper(  722): In getseinfo pid = 722 uid = 1000 seinfo= system
D/dalvikvm(  722): GC_CONCURRENT freed 8158K, 20% free 64089K/79812K, paused 8ms+12ms, total 229ms
D/dalvikvm(  722): WAIT_FOR_CONCURRENT_GC blocked 71ms
D/dalvikvm(  722): WAIT_FOR_CONCURRENT_GC blocked 116ms
D/dalvikvm(  722): WAIT_FOR_CONCURRENT_GC blocked 127ms
I/ServiceKeeper(  722): In getappinfo pid = 722 pkgName = android appinfo = null
I/ServiceKeeper(  722): In getseinfo pid = 722 uid = 1000 seinfo= system
I/ServiceKeeper(  722): In getappinfo pid = 722 pkgName = android appinfo = null
I/ServiceKeeper(  722): In getseinfo pid = 722 uid = 1000 seinfo= system
I/ServiceKeeper(  722): In getappinfo pid = 722 pkgName = android appinfo = null
I/ServiceKeeper(  722): In getseinfo pid = 722 uid = 1000 seinfo= system
E/SMD     (  253): DCD ON
I/wpa_supplicant( 1056): nl80211: Received scan results (18 BSSes)
D/Tethering(  722): interfaceLinkStateChanged wlan0, true
D/Tethering(  722): interfaceStatusChanged wlan0, true
I/ServiceKeeper(  722): In getappinfo pid = 722 pkgName = android appinfo = null
I/ServiceKeeper(  722): In getseinfo pid = 722 uid = 1000 seinfo= system
I/ServiceKeeper(  722): In getappinfo pid = 722 pkgName = android appinfo = null
I/ServiceKeeper(  722): In getseinfo pid = 722 uid = 1000 seinfo= system
I/ServiceKeeper(  722): In getappinfo pid = 722 pkgName = android appinfo = null
I/ServiceKeeper(  722): In getseinfo pid = 722 uid = 1000 seinfo= system
I/ServiceKeeper(  722): In getappinfo pid = 722 pkgName = android appinfo = null
I/ServiceKeeper(  722): In getseinfo pid = 722 uid = 1000 seinfo= system
I/ServiceKeeper(  722): In getappinfo pid = 722 pkgName = android appinfo = null
I/ServiceKeeper(  722): In getseinfo pid = 722 uid = 1000 seinfo= system
I/ServiceKeeper(  722): In getappinfo pid = 722 pkgName = android appinfo = null
I/ServiceKeeper(  722): In getseinfo pid = 722 uid = 1000 seinfo= system
I/ServiceKeeper(  722): In getappinfo pid = 722 pkgName = android appinfo = null
I/ServiceKeeper(  722): In getseinfo pid = 722 uid = 1000 seinfo= system
D/LocationManagerService(  722): Not screening locations
I/ServiceKeeper(  722): In getappinfo pid = 722 pkgName = android appinfo = null
I/ServiceKeeper(  722): In getseinfo pid = 722 uid = 1000 seinfo= system
E/LocSvc_flp(  722): I/===> int flp_inject_location(FlpLocation*) line 194 
E/LocSvc_utils_q(  722): D/msg_q_snd: Sending message with handle = 0x7D3FEF90
E/LocSvc_utils_ll(  722): D/linked_list_add: Adding to list data_obj = 0x7D3FEF90
E/LocSvc_utils_q(  722): D/msg_q_snd: Finished Sending message with handle = 0x7D3FEF90
E/LocSvc_utils_q(  722): D/msg_q_rcv: Received message 0x7D3FEF90 rv = 0
E/LocSvc_api_v02(  722): I/---> locClientSendReq line 2332 QMI_LOC_INJECT_POSITION_REQ_V02
I/ServiceKeeper(  722): In getappinfo pid = 722 pkgName = android appinfo = null
I/ServiceKeeper(  722): In getseinfo pid = 722 uid = 1000 seinfo= system
I/ServiceKeeper(  722): In getappinfo pid = 722 pkgName = android appinfo = null
I/ServiceKeeper(  722): In getseinfo pid = 722 uid = 1000 seinfo= system
E/LocSvc_ApiV02(  722): I/<--- void globalRespCb(locClientHandleType, uint32_t, locClientRespIndUnionType, void*) line 113 QMI_LOC_INJECT_POSITION_REQ_V02
E/LocSvc_api_v02(  722): D/loc_free_slot:299]: freeing slot 0
I/ServiceKeeper(  722): In getappinfo pid = 722 pkgName = android appinfo = null
I/ServiceKeeper(  722): In getseinfo pid = 722 uid = 1000 seinfo= system
I/ServiceKeeper(  722): In getappinfo pid = 722 pkgName = android appinfo = null
I/ServiceKeeper(  722): In getseinfo pid = 722 uid = 1000 seinfo= system
I/ServiceKeeper(  722): In getappinfo pid = 722 pkgName = android appinfo = null
I/ServiceKeeper(  722): In getseinfo pid = 722 uid = 1000 seinfo= system
I/ServiceKeeper(  722): In getappinfo pid = 722 pkgName = android appinfo = null
I/ServiceKeeper(  722): In getseinfo pid = 722 uid = 1000 seinfo= system
I/ServiceKeeper(  722): In getappinfo pid = 722 pkgName = android appinfo = null
I/ServiceKeeper(  722): In getseinfo pid = 722 uid = 1000 seinfo= system
I/ServiceKeeper(  722): In getappinfo pid = 722 pkgName = android appinfo = null
I/ServiceKeeper(  722): In getseinfo pid = 722 uid = 1000 seinfo= system
I/ServiceKeeper(  722): In getappinfo pid = 722 pkgName = android appinfo = null
I/ServiceKeeper(  722): In getseinfo pid = 722 uid = 1000 seinfo= system
D/LocationFilter( 1244): Forcing stable location. Original location:Location[fused 36.973394,-122.050229 acc=20 et=+2d0h13m59s818ms {Bundle[{wifiScan=[B@430d7488, noGPSLocation=Location[fused 36.973394,-122.050229 acc=20 et=+2d0h13m59s818ms {Bundle[mParcelledData.dataSize=268]}], locationType=3}]}] because SMD didn't trigger.
I/ServiceKeeper(  722): In getappinfo pid = 722 pkgName = android appinfo = null
I/ServiceKeeper(  722): In getseinfo pid = 722 uid = 1000 seinfo= system
I/ServiceKeeper(  722): In getappinfo pid = 722 pkgName = android appinfo = null
I/ServiceKeeper(  722): In getseinfo pid = 722 uid = 1000 seinfo= system
I/ServiceKeeper(  722): In getappinfo pid = 722 pkgName = android appinfo = null
I/ServiceKeeper(  722): In getseinfo pid = 722 uid = 1000 seinfo= system
I/ServiceKeeper(  722): In getappinfo pid = 722 pkgName = android appinfo = null
I/ServiceKeeper(  722): In getseinfo pid = 722 uid = 1000 seinfo= system
I/ServiceKeeper(  722): In getappinfo pid = 722 pkgName = android appinfo = null
I/ServiceKeeper(  722): In getseinfo pid = 722 uid = 1000 seinfo= system
I/ServiceKeeper(  722): In getappinfo pid = 722 pkgName = android appinfo = null
I/ServiceKeeper(  722): In getseinfo pid = 722 uid = 1000 seinfo= system
I/ServiceKeeper(  722): In getappinfo pid = 722 pkgName = android appinfo = null
I/ServiceKeeper(  722): In getseinfo pid = 722 uid = 1000 seinfo= system
I/ServiceKeeper(  722): In getappinfo pid = 722 pkgName = android appinfo = null
I/ServiceKeeper(  722): In getseinfo pid = 722 uid = 1000 seinfo= system
I/ServiceKeeper(  722): In getappinfo pid = 722 pkgName = android appinfo = null
I/ServiceKeeper(  722): In getseinfo pid = 722 uid = 1000 seinfo= system
D/dalvikvm( 1244): GC_CONCURRENT freed 1984K, 29% free 22052K/31052K, paused 5ms+7ms, total 75ms
D/dalvikvm( 1244): WAIT_FOR_CONCURRENT_GC blocked 24ms
I/GCoreUlr( 1244): Successfully inserted 1 locations
I/GCoreUlr( 1244): Cancelling scheduled uploads
I/ServiceKeeper(  722): In getappinfo pid = 722 pkgName = android appinfo = null
I/ServiceKeeper(  722): In getseinfo pid = 722 uid = 1000 seinfo= system
I/GCoreUlr( 1244): Not calling LocationReporter, hasMoved: false, elapsed millis: 2675774, request: Stationary(3600000)
I/GCoreUlr( 1244): Scheduling next upload for 924226ms from now
I/ServiceKeeper(  722): In getappinfo pid = 722 pkgName = android appinfo = null
I/ServiceKeeper(  722): In getseinfo pid = 722 uid = 1000 seinfo= system
I/ServiceKeeper(  722): In getappinfo pid = 722 pkgName = android appinfo = null
I/ServiceKeeper(  722): In getseinfo pid = 722 uid = 1000 seinfo= system
I/ServiceKeeper(  722): In getappinfo pid = 722 pkgName = android appinfo = null
I/ServiceKeeper(  722): In getseinfo pid = 722 uid = 1000 seinfo= system
I/ServiceKeeper(  722): In getappinfo pid = 722 pkgName = android appinfo = null
I/ServiceKeeper(  722): In getseinfo pid = 722 uid = 1000 seinfo= system
I/ServiceKeeper(  722): In getappinfo pid = 722 pkgName = android appinfo = null
I/ServiceKeeper(  722): In getseinfo pid = 722 uid = 1000 seinfo= system
I/ServiceKeeper(  722): In getappinfo pid = 722 pkgName = android appinfo = null
I/ServiceKeeper(  722): In getseinfo pid = 722 uid = 1000 seinfo= system
W/PersonaManager(  722): getPersonaIds()
I/ServiceKeeper(  722): In getappinfo pid = 722 pkgName = android appinfo = null
I/ServiceKeeper(  722): In getseinfo pid = 722 uid = 1000 seinfo= system
I/ServiceKeeper(  722): In getappinfo pid = 722 pkgName = android appinfo = null
I/ServiceKeeper(  722): In getseinfo pid = 722 uid = 1000 seinfo= system
I/ServiceKeeper(  722): In getappinfo pid = 722 pkgName = android appinfo = null
I/ServiceKeeper(  722): In getseinfo pid = 722 uid = 1000 seinfo= system
I/ServiceKeeper(  722): In getappinfo pid = 722 pkgName = android appinfo = null
I/ServiceKeeper(  722): In getseinfo pid = 722 uid = 1000 seinfo= system
I/ServiceKeeper(  722): In getappinfo pid = 722 pkgName = android appinfo = null
I/ServiceKeeper(  722): In getseinfo pid = 722 uid = 1000 seinfo= system
I/ServiceKeeper(  722): In getappinfo pid = 722 pkgName = android appinfo = null
I/ServiceKeeper(  722): In getseinfo pid = 722 uid = 1000 seinfo= system
E/SMD     (  253): DCD ON
I/WifiWatchdogStateMachine(  722): 05-14 09:42:06 538,QualityCheckingState, [s]1, 1, [t]1, [e]5, 1, -42, 5, true, true, 11, 225465736c61526f61647374657222, 401, 2415
E/SMD     (  253): DCD ON
D/KeyguardUpdateMonitor( 1083): received broadcast android.intent.action.BATTERY_CHANGED
D/KeyguardUpdateMonitor( 1083): handleBatteryUpdate
D/CMASMessage( 1083): [update] mShowingCMASText is false
D/CMASMessage( 1083): CMASIcon was GONE : 
D/CMASMessage( 1083): [update] mShowingCMASText is false
D/CMASMessage( 1083): CMASIcon was GONE : 
E/SMD     (  253): DCD ON
E/SMD     (  253): DCD ON
E/SMD     (  253): DCD ON
D/dalvikvm(  722): GC_CONCURRENT freed 8254K, 20% free 64026K/79812K, paused 9ms+11ms, total 231ms
D/dalvikvm(  722): WAIT_FOR_CONCURRENT_GC blocked 69ms
D/dalvikvm(  722): WAIT_FOR_CONCURRENT_GC blocked 213ms
D/dalvikvm(  722): WAIT_FOR_CONCURRENT_GC blocked 50ms
D/KeyguardUpdateMonitor( 1083): received broadcast android.intent.action.BATTERY_CHANGED
D/KeyguardUpdateMonitor( 1083): handleBatteryUpdate
D/CMASMessage( 1083): [update] mShowingCMASText is false
D/CMASMessage( 1083): CMASIcon was GONE : 
D/CMASMessage( 1083): [update] mShowingCMASText is false
D/CMASMessage( 1083): CMASIcon was GONE : 
E/SMD     (  253): DCD ON
E/SMD     (  253): DCD ON
E/SMD     (  253): DCD ON
E/SMD     (  253): DCD ON
E/SMD     (  253): DCD ON
E/SMD     (  253): DCD ON
D/dalvikvm(  722): GC_CONCURRENT freed 8230K, 20% free 63987K/79812K, paused 15ms+10ms, total 232ms
D/dalvikvm(  722): WAIT_FOR_CONCURRENT_GC blocked 214ms
W/PersonaManager(  722): getPersonaIds()
I/ServiceKeeper(  722): In getappinfo pid = 722 pkgName = android appinfo = null
I/ServiceKeeper(  722): In getseinfo pid = 722 uid = 1000 seinfo= system
W/PersonaManager(  722): getPersonaIds()
E/SMD     (  253): DCD ON
I/ServiceKeeper(  722): In getappinfo pid = 722 pkgName = android appinfo = null
I/ServiceKeeper(  722): In getseinfo pid = 722 uid = 1000 seinfo= system
I/ServiceKeeper(  722): In getappinfo pid = 722 pkgName = android appinfo = null
I/ServiceKeeper(  722): In getseinfo pid = 722 uid = 1000 seinfo= system
W/ctxmgr  ( 1244): [EventHandler]Dropping runnable posted with delay of 9223370573567417518 because too far in the future.  runnable=com.google.android.contextmanager.g.a.c@42c06558, workInfo=label=FenceScheduler, startTime=unspecified, stopTime=unspecified
I/ServiceKeeper(  722): In getappinfo pid = 722 pkgName = android appinfo = null
I/ServiceKeeper(  722): In getseinfo pid = 722 uid = 1000 seinfo= system
I/ServiceKeeper(  722): In getappinfo pid = 722 pkgName = android appinfo = null
I/ServiceKeeper(  722): In getseinfo pid = 722 uid = 1000 seinfo= system
I/ServiceKeeper(  722): In getappinfo pid = 722 pkgName = android appinfo = null
I/ServiceKeeper(  722): In getseinfo pid = 722 uid = 1000 seinfo= system
D/KeyguardUpdateMonitor( 1083): received broadcast android.intent.action.BATTERY_CHANGED
D/KeyguardUpdateMonitor( 1083): handleBatteryUpdate
D/CMASMessage( 1083): [update] mShowingCMASText is false
D/CMASMessage( 1083): CMASIcon was GONE : 
D/CMASMessage( 1083): [update] mShowingCMASText is false
D/CMASMessage( 1083): CMASIcon was GONE : 
E/SPPClientService( 4232): [[PushClientService]] F:false, D:false, E:false, T:false, S:true, R:false
I/ServiceKeeper(  722): In getappinfo pid = 722 pkgName = android appinfo = null
I/ServiceKeeper(  722): In getseinfo pid = 722 uid = 1000 seinfo= system
I/ServiceKeeper(  722): In getappinfo pid = 722 pkgName = android appinfo = null
I/ServiceKeeper(  722): In getseinfo pid = 722 uid = 1000 seinfo= system
I/ServiceKeeper(  722): In getappinfo pid = 722 pkgName = android appinfo = null
I/ServiceKeeper(  722): In getseinfo pid = 722 uid = 1000 seinfo= system
W/RequestManagerImpl( 7911): No request trace given for request (type=SCHEDULED_REQUEST_FULL)
D/ChimeraCfgMgr(20156): Loading module com.google.android.gms.cast from APK com.google.android.gms
I/ServiceKeeper(  722): In getappinfo pid = 722 pkgName = android appinfo = null
I/ServiceKeeper(  722): In getseinfo pid = 722 uid = 1000 seinfo= system
I/ServiceKeeper(  722): In getappinfo pid = 722 pkgName = android appinfo = null
I/ServiceKeeper(  722): In getseinfo pid = 722 uid = 1000 seinfo= system
D/dalvikvm( 7911): GC_CONCURRENT freed 2668K, 26% free 20207K/27020K, paused 11ms+5ms, total 72ms
D/dalvikvm( 7911): WAIT_FOR_CONCURRENT_GC blocked 46ms
D/dalvikvm( 7911): WAIT_FOR_CONCURRENT_GC blocked 46ms
D/dalvikvm( 7911): WAIT_FOR_CONCURRENT_GC blocked 39ms
D/dalvikvm( 7911): WAIT_FOR_CONCURRENT_GC blocked 38ms
D/dalvikvm( 7911): WAIT_FOR_CONCURRENT_GC blocked 31ms
D/dalvikvm( 7911): WAIT_FOR_CONCURRENT_GC blocked 44ms
D/ChimeraCfgMgr(20156): Loading module com.google.android.gms.cast from APK com.google.android.gms
D/MdnsClient(20156): #acquireLock. Multicast lock not held. Acquiring
I/wpa_supplicant( 1056): wlan0: Setting scan request: 0 sec 0 usec
I/wpa_supplicant( 1056): Scan requested (ret=0) - scan timeout 30 seconds
V/GLSActivity( 1337): AuthDelegateWrapperCreated with selected intent: Intent { cmp=com.google.android.gms/.auth.DefaultAuthDelegateService }
V/GLSActivity( 1337): AuthDelegateWrapperCreated with selected intent: Intent { cmp=com.google.android.gms/.auth.DefaultAuthDelegateService }
I/ServiceKeeper(  722): In getappinfo pid = 722 pkgName = android appinfo = null
I/ServiceKeeper(  722): In getseinfo pid = 722 uid = 1000 seinfo= system
I/ServiceKeeper(  722): In getappinfo pid = 722 pkgName = android appinfo = null
I/ServiceKeeper(  722): In getseinfo pid = 722 uid = 1000 seinfo= system
I/ServiceKeeper(  722): In getappinfo pid = 722 pkgName = android appinfo = null
I/ServiceKeeper(  722): In getseinfo pid = 722 uid = 1000 seinfo= system
I/ServiceKeeper(  722): In getappinfo pid = 722 pkgName = android appinfo = null
I/ServiceKeeper(  722): In getseinfo pid = 722 uid = 1000 seinfo= system
D/NotificationService(  722): cancelNotificationLocked
D/NotificationService(  722):  hasClearableItems
D/NotificationService(  722): Num of hasClearableItems : 2
D/dalvikvm( 7911): GC_CONCURRENT freed 1698K, 24% free 20556K/27020K, paused 6ms+4ms, total 45ms
D/dalvikvm( 7911): WAIT_FOR_CONCURRENT_GC blocked 12ms
D/ProgressBar( 1083): setProgressDrawable drawableHeight = 18
D/skia    ( 1083): GFXPNG PNG bitmap created width:27 height:15 bitmap id is 16770 
D/skia    ( 1083): GFXPNG PNG bitmap created width:27 height:15 bitmap id is 16771 
D/skia    ( 1083): GFXPNG PNG bitmap created width:27 height:15 bitmap id is 16772 
D/skia    ( 1083): GFXPNG PNG bitmap created width:27 height:15 bitmap id is 16773 
I/ServiceKeeper(  722): In getappinfo pid = 722 pkgName = android appinfo = null
I/ServiceKeeper(  722): In getseinfo pid = 722 uid = 1000 seinfo= system
I/ServiceKeeper(  722): In getappinfo pid = 722 pkgName = android appinfo = null
I/ServiceKeeper(  722): In getseinfo pid = 722 uid = 1000 seinfo= system
D/ProgressBar( 1083): setProgressDrawable drawableHeight = 18
I/TrainingQuestionManager( 7911): updateFromServerResponse: no new training mode data and no pending answered questions to clear
I/ServiceKeeper(  722): In getappinfo pid = 722 pkgName = android appinfo = null
I/ServiceKeeper(  722): In getseinfo pid = 722 uid = 1000 seinfo= system
I/ServiceKeeper(  722): In getappinfo pid = 722 pkgName = android appinfo = null
I/ServiceKeeper(  722): In getseinfo pid = 722 uid = 1000 seinfo= system
I/ServiceKeeper(  722): In getappinfo pid = 722 pkgName = android appinfo = null
I/ServiceKeeper(  722): In getseinfo pid = 722 uid = 1000 seinfo= system
I/ServiceKeeper(  722): In getappinfo pid = 722 pkgName = android appinfo = null
I/ServiceKeeper(  722): In getseinfo pid = 722 uid = 1000 seinfo= system
I/ServiceKeeper(  722): In getappinfo pid = 722 pkgName = android appinfo = null
I/ServiceKeeper(  722): In getseinfo pid = 722 uid = 1000 seinfo= system
I/ServiceKeeper(  722): In getappinfo pid = 722 pkgName = android appinfo = null
I/ServiceKeeper(  722): In getseinfo pid = 722 uid = 1000 seinfo= system
I/ServiceKeeper(  722): In getappinfo pid = 722 pkgName = android appinfo = null
I/ServiceKeeper(  722): In getseinfo pid = 722 uid = 1000 seinfo= system
I/ServiceKeeper(  722): In getappinfo pid = 722 pkgName = android appinfo = null
I/ServiceKeeper(  722): In getseinfo pid = 722 uid = 1000 seinfo= system
I/ServiceKeeper(  722): In getappinfo pid = 722 pkgName = android appinfo = null
I/ServiceKeeper(  722): In getseinfo pid = 722 uid = 1000 seinfo= system
I/ServiceKeeper(  722): In getappinfo pid = 722 pkgName = android appinfo = null
I/ServiceKeeper(  722): In getseinfo pid = 722 uid = 1000 seinfo= system
I/ServiceKeeper(  722): In getappinfo pid = 722 pkgName = android appinfo = null
I/ServiceKeeper(  722): In getseinfo pid = 722 uid = 1000 seinfo= system
I/ServiceKeeper(  722): In getappinfo pid = 722 pkgName = android appinfo = null
I/ServiceKeeper(  722): In getseinfo pid = 722 uid = 1000 seinfo= system
I/ServiceKeeper(  722): In getappinfo pid = 722 pkgName = android appinfo = null
I/ServiceKeeper(  722): In getseinfo pid = 722 uid = 1000 seinfo= system
E/SMD     (  253): DCD ON
W/ctxmgr  ( 1244): [WorkManager]Long workInfo: label=ListenerInvokerRunner, startTime=2016-05-14 21:42:40.860-0700, stopTime=2016-05-14 21:42:41.866-0700, duration=1006ms
I/ServiceKeeper(  722): In getappinfo pid = 722 pkgName = android appinfo = null
I/ServiceKeeper(  722): In getseinfo pid = 722 uid = 1000 seinfo= system
I/ServiceKeeper(  722): In getappinfo pid = 722 pkgName = android appinfo = null
I/ServiceKeeper(  722): In getseinfo pid = 722 uid = 1000 seinfo= system
I/ServiceKeeper(  722): In getappinfo pid = 722 pkgName = android appinfo = null
I/ServiceKeeper(  722): In getseinfo pid = 722 uid = 1000 seinfo= system
I/ServiceKeeper(  722): In getappinfo pid = 722 pkgName = android appinfo = null
I/ServiceKeeper(  722): In getseinfo pid = 722 uid = 1000 seinfo= system
I/ServiceKeeper(  722): In getappinfo pid = 722 pkgName = android appinfo = null
I/ServiceKeeper(  722): In getseinfo pid = 722 uid = 1000 seinfo= system
I/ServiceKeeper(  722): In getappinfo pid = 722 pkgName = android appinfo = null
I/ServiceKeeper(  722): In getseinfo pid = 722 uid = 1000 seinfo= system
I/ServiceKeeper(  722): In getappinfo pid = 722 pkgName = android appinfo = null
I/ServiceKeeper(  722): In getseinfo pid = 722 uid = 1000 seinfo= system
I/ServiceKeeper(  722): In getappinfo pid = 722 pkgName = android appinfo = null
I/ServiceKeeper(  722): In getseinfo pid = 722 uid = 1000 seinfo= system
I/ServiceKeeper(  722): In getappinfo pid = 722 pkgName = android appinfo = null
I/ServiceKeeper(  722): In getseinfo pid = 722 uid = 1000 seinfo= system
I/ServiceKeeper(  722): In getappinfo pid = 722 pkgName = android appinfo = null
W/ctxmgr  ( 1244): [FenceSchedulerOperation]Invalid Fence scheduler state. Received any epoch time but context production was not running for context = [6]
I/ServiceKeeper(  722): In getseinfo pid = 722 uid = 1000 seinfo= system
I/ServiceKeeper(  722): In getappinfo pid = 722 pkgName = android appinfo = null
I/ServiceKeeper(  722): In getseinfo pid = 722 uid = 1000 seinfo= system
I/ServiceKeeper(  722): In getappinfo pid = 722 pkgName = android appinfo = null
I/ServiceKeeper(  722): In getseinfo pid = 722 uid = 1000 seinfo= system
I/ServiceKeeper(  722): In getappinfo pid = 722 pkgName = android appinfo = null
I/ServiceKeeper(  722): In getseinfo pid = 722 uid = 1000 seinfo= system
I/ServiceKeeper(  722): In getappinfo pid = 722 pkgName = android appinfo = null
I/ServiceKeeper(  722): In getseinfo pid = 722 uid = 1000 seinfo= system
I/ServiceKeeper(  722): In getappinfo pid = 722 pkgName = android appinfo = null
I/ServiceKeeper(  722): In getseinfo pid = 722 uid = 1000 seinfo= system
I/ServiceKeeper(  722): In getappinfo pid = 722 pkgName = android appinfo = null
I/ServiceKeeper(  722): In getseinfo pid = 722 uid = 1000 seinfo= system
I/ServiceKeeper(  722): In getappinfo pid = 722 pkgName = android appinfo = null
I/ServiceKeeper(  722): In getseinfo pid = 722 uid = 1000 seinfo= system
I/ServiceKeeper(  722): In getappinfo pid = 722 pkgName = android appinfo = null
I/ServiceKeeper(  722): In getseinfo pid = 722 uid = 1000 seinfo= system
I/ServiceKeeper(  722): In getappinfo pid = 722 pkgName = android appinfo = null
I/ServiceKeeper(  722): In getseinfo pid = 722 uid = 1000 seinfo= system
I/ServiceKeeper(  722): In getappinfo pid = 722 pkgName = android appinfo = null
I/ServiceKeeper(  722): In getseinfo pid = 722 uid = 1000 seinfo= system
I/ServiceKeeper(  722): In getappinfo pid = 722 pkgName = android appinfo = null
I/ServiceKeeper(  722): In getseinfo pid = 722 uid = 1000 seinfo= system
I/ServiceKeeper(  722): In getappinfo pid = 722 pkgName = android appinfo = null
I/ServiceKeeper(  722): In getseinfo pid = 722 uid = 1000 seinfo= system
I/ServiceKeeper(  722): In getappinfo pid = 722 pkgName = android appinfo = null
I/ServiceKeeper(  722): In getseinfo pid = 722 uid = 1000 seinfo= system
I/ServiceKeeper(  722): In getappinfo pid = 722 pkgName = android appinfo = null
I/ServiceKeeper(  722): In getseinfo pid = 722 uid = 1000 seinfo= system
I/ServiceKeeper(  722): In getappinfo pid = 722 pkgName = android appinfo = null
I/ServiceKeeper(  722): In getseinfo pid = 722 uid = 1000 seinfo= system
I/ServiceKeeper(  722): In getappinfo pid = 722 pkgName = android appinfo = null
I/ServiceKeeper(  722): In getseinfo pid = 722 uid = 1000 seinfo= system
I/ServiceKeeper(  722): In getappinfo pid = 722 pkgName = android appinfo = null
I/ServiceKeeper(  722): In getseinfo pid = 722 uid = 1000 seinfo= system
I/ServiceKeeper(  722): In getappinfo pid = 722 pkgName = android appinfo = null
I/ServiceKeeper(  722): In getseinfo pid = 722 uid = 1000 seinfo= system
I/ServiceKeeper(  722): In getappinfo pid = 722 pkgName = android appinfo = null
I/ServiceKeeper(  722): In getseinfo pid = 722 uid = 1000 seinfo= system
I/wpa_supplicant( 1056): nl80211: Received scan results (16 BSSes)
D/Tethering(  722): interfaceLinkStateChanged wlan0, true
D/Tethering(  722): interfaceStatusChanged wlan0, true
I/ServiceKeeper(  722): In getappinfo pid = 722 pkgName = android appinfo = null
I/ServiceKeeper(  722): In getseinfo pid = 722 uid = 1000 seinfo= system
I/ServiceKeeper(  722): In getappinfo pid = 722 pkgName = android appinfo = null
I/ServiceKeeper(  722): In getseinfo pid = 722 uid = 1000 seinfo= system
I/ServiceKeeper(  722): In getappinfo pid = 722 pkgName = android appinfo = null
W/ctxmgr  ( 1244): [FenceSchedulerOperation]Invalid Fence scheduler state. Received any epoch time but context production was not running for context = [7]
I/ServiceKeeper(  722): In getseinfo pid = 722 uid = 1000 seinfo= system
I/ServiceKeeper(  722): In getappinfo pid = 722 pkgName = android appinfo = null
I/ServiceKeeper(  722): In getseinfo pid = 722 uid = 1000 seinfo= system
I/ServiceKeeper(  722): In getappinfo pid = 722 pkgName = android appinfo = null
I/ServiceKeeper(  722): In getseinfo pid = 722 uid = 1000 seinfo= system
D/LocationFilter( 1244): Forcing stable location. Original location:Location[fused 36.973394,-122.050229 acc=20 et=+2d0h13m59s818ms {Bundle[{wifiScan=[B@43002128, noGPSLocation=Location[fused 36.973394,-122.050229 acc=20 et=+2d0h13m59s818ms {Bundle[mParcelledData.dataSize=268]}], locationType=3}]}] because SMD didn't trigger.
I/ServiceKeeper(  722): In getappinfo pid = 722 pkgName = android appinfo = null
I/ServiceKeeper(  722): In getseinfo pid = 722 uid = 1000 seinfo= system
I/ServiceKeeper(  722): In getappinfo pid = 722 pkgName = android appinfo = null
I/ServiceKeeper(  722): In getseinfo pid = 722 uid = 1000 seinfo= system
I/ServiceKeeper(  722): In getappinfo pid = 722 pkgName = android appinfo = null
I/ServiceKeeper(  722): In getseinfo pid = 722 uid = 1000 seinfo= system
I/ServiceKeeper(  722): In getappinfo pid = 722 pkgName = android appinfo = null
I/ServiceKeeper(  722): In getseinfo pid = 722 uid = 1000 seinfo= system
I/ServiceKeeper(  722): In getappinfo pid = 722 pkgName = android appinfo = null
I/ServiceKeeper(  722): In getseinfo pid = 722 uid = 1000 seinfo= system
I/ServiceKeeper(  722): In getappinfo pid = 722 pkgName = android appinfo = null
I/ServiceKeeper(  722): In getseinfo pid = 722 uid = 1000 seinfo= system
I/ServiceKeeper(  722): In getappinfo pid = 722 pkgName = android appinfo = null
I/ServiceKeeper(  722): In getseinfo pid = 722 uid = 1000 seinfo= system
I/ServiceKeeper(  722): In getappinfo pid = 722 pkgName = android appinfo = null
I/ServiceKeeper(  722): In getseinfo pid = 722 uid = 1000 seinfo= system
I/ServiceKeeper(  722): In getappinfo pid = 722 pkgName = android appinfo = null
I/ServiceKeeper(  722): In getseinfo pid = 722 uid = 1000 seinfo= system
I/ServiceKeeper(  722): In getappinfo pid = 722 pkgName = android appinfo = null
I/ServiceKeeper(  722): In getseinfo pid = 722 uid = 1000 seinfo= system
I/ServiceKeeper(  722): In getappinfo pid = 722 pkgName = android appinfo = null
I/ServiceKeeper(  722): In getseinfo pid = 722 uid = 1000 seinfo= system
I/ServiceKeeper(  722): In getappinfo pid = 722 pkgName = android appinfo = null
I/ServiceKeeper(  722): In getseinfo pid = 722 uid = 1000 seinfo= system
I/ServiceKeeper(  722): In getappinfo pid = 722 pkgName = android appinfo = null
I/ServiceKeeper(  722): In getseinfo pid = 722 uid = 1000 seinfo= system
I/ServiceKeeper(  722): In getappinfo pid = 722 pkgName = android appinfo = null
I/ServiceKeeper(  722): In getseinfo pid = 722 uid = 1000 seinfo= system
I/ServiceKeeper(  722): In getappinfo pid = 722 pkgName = android appinfo = null
I/ServiceKeeper(  722): In getseinfo pid = 722 uid = 1000 seinfo= system
I/ServiceKeeper(  722): In getappinfo pid = 722 pkgName = android appinfo = null
I/ServiceKeeper(  722): In getseinfo pid = 722 uid = 1000 seinfo= system
I/ServiceKeeper(  722): In getappinfo pid = 722 pkgName = android appinfo = null
I/ServiceKeeper(  722): In getseinfo pid = 722 uid = 1000 seinfo= system
I/ServiceKeeper(  722): In getappinfo pid = 722 pkgName = android appinfo = null
I/ServiceKeeper(  722): In getseinfo pid = 722 uid = 1000 seinfo= system
I/ServiceKeeper(  722): In getappinfo pid = 722 pkgName = android appinfo = null
I/ServiceKeeper(  722): In getseinfo pid = 722 uid = 1000 seinfo= system
I/ServiceKeeper(  722): In getappinfo pid = 722 pkgName = android appinfo = null
I/ServiceKeeper(  722): In getseinfo pid = 722 uid = 1000 seinfo= system
I/ServiceKeeper(  722): In getappinfo pid = 722 pkgName = android appinfo = null
I/ServiceKeeper(  722): In getseinfo pid = 722 uid = 1000 seinfo= system
I/ServiceKeeper(  722): In getappinfo pid = 722 pkgName = android appinfo = null
I/ServiceKeeper(  722): In getseinfo pid = 722 uid = 1000 seinfo= system
I/ServiceKeeper(  722): In getappinfo pid = 722 pkgName = android appinfo = null
I/ServiceKeeper(  722): In getseinfo pid = 722 uid = 1000 seinfo= system
I/ServiceKeeper(  722): In getappinfo pid = 722 pkgName = android appinfo = null
I/ServiceKeeper(  722): In getseinfo pid = 722 uid = 1000 seinfo= system
I/ServiceKeeper(  722): In getappinfo pid = 722 pkgName = android appinfo = null
I/ServiceKeeper(  722): In getseinfo pid = 722 uid = 1000 seinfo= system
I/ServiceKeeper(  722): In getappinfo pid = 722 pkgName = android appinfo = null
I/ServiceKeeper(  722): In getseinfo pid = 722 uid = 1000 seinfo= system
I/ServiceKeeper(  722): In getappinfo pid = 722 pkgName = android appinfo = null
I/ServiceKeeper(  722): In getseinfo pid = 722 uid = 1000 seinfo= system
I/ServiceKeeper(  722): In getappinfo pid = 722 pkgName = android appinfo = null
I/ServiceKeeper(  722): In getseinfo pid = 722 uid = 1000 seinfo= system
E/SQLiteDatabase( 1244): Error inserting time_type=3 proto_blob=[B@4300ca18 sync_state_mod_time_millis=1463287362247 context_id=f81b5300-07d3-4051-92a1-ee443ddcc034 end_time=1463287360839 module_id=com.google.android.contextmanager.module.DetectedActivityProducer start_time=1463285111234 sync_state=0 context_family=1 context_name=6 version=1
E/SQLiteDatabase( 1244): android.database.sqlite.SQLiteConstraintException: column context_id is not unique (code 19)
E/SQLiteDatabase( 1244): 	at android.database.sqlite.SQLiteConnection.nativeExecuteForLastInsertedRowId(Native Method)
E/SQLiteDatabase( 1244): 	at android.database.sqlite.SQLiteConnection.executeForLastInsertedRowId(SQLiteConnection.java:972)
E/SQLiteDatabase( 1244): 	at android.database.sqlite.SQLiteSession.executeForLastInsertedRowId(SQLiteSession.java:788)
E/SQLiteDatabase( 1244): 	at android.database.sqlite.SQLiteStatement.executeInsert(SQLiteStatement.java:86)
E/SQLiteDatabase( 1244): 	at android.database.sqlite.SQLiteDatabase.insertWithOnConflict(SQLiteDatabase.java:1603)
E/SQLiteDatabase( 1244): 	at android.database.sqlite.SQLiteDatabase.insert(SQLiteDatabase.java:1473)
E/SQLiteDatabase( 1244): 	at com.google.android.contextmanager.q.ak.a(SourceFile:445)
E/SQLiteDatabase( 1244): 	at com.google.android.contextmanager.q.ak.b(SourceFile:420)
E/SQLiteDatabase( 1244): 	at com.google.android.contextmanager.q.ak.a(SourceFile:370)
E/SQLiteDatabase( 1244): 	at com.google.android.contextmanager.q.ak.a(SourceFile:147)
E/SQLiteDatabase( 1244): 	at com.google.android.contextmanager.q.r.a(SourceFile:247)
E/SQLiteDatabase( 1244): 	at com.google.android.contextmanager.m.a.k.<init>(SourceFile:83)
E/SQLiteDatabase( 1244): 	at com.google.android.contextmanager.m.a.l.a(SourceFile:59)
E/SQLiteDatabase( 1244): 	at com.google.android.contextmanager.m.b.a(SourceFile:167)
E/SQLiteDatabase( 1244): 	at com.google.android.contextmanager.interest.f.a(SourceFile:512)
E/SQLiteDatabase( 1244): 	at com.google.android.contextmanager.s.j.run(SourceFile:93)
E/SQLiteDatabase( 1244): 	at com.google.android.contextmanager.g.i.a(SourceFile:263)
E/SQLiteDatabase( 1244): 	at com.google.android.contextmanager.g.i.handleMessage(SourceFile:254)
E/SQLiteDatabase( 1244): 	at android.os.Handler.dispatchMessage(Handler.java:102)
E/SQLiteDatabase( 1244): 	at android.os.Looper.loop(Looper.java:136)
E/SQLiteDatabase( 1244): 	at android.os.HandlerThread.run(HandlerThread.java:61)
E/SQLiteDatabase( 1244): Error inserting time_type=3 proto_blob=[B@42fb5640 sync_state_mod_time_millis=1463287362262 context_id=0e8a5804-2037-401d-a2a0-00905ac76729 end_time=1463287360861 module_id=com.google.android.contextmanager.module.ScreenModule start_time=1463285420752 sync_state=0 context_family=7 context_name=7 version=1
E/SQLiteDatabase( 1244): android.database.sqlite.SQLiteConstraintException: column context_id is not unique (code 19)
E/SQLiteDatabase( 1244): 	at android.database.sqlite.SQLiteConnection.nativeExecuteForLastInsertedRowId(Native Method)
E/SQLiteDatabase( 1244): 	at android.database.sqlite.SQLiteConnection.executeForLastInsertedRowId(SQLiteConnection.java:972)
E/SQLiteDatabase( 1244): 	at android.database.sqlite.SQLiteSession.executeForLastInsertedRowId(SQLiteSession.java:788)
E/SQLiteDatabase( 1244): 	at android.database.sqlite.SQLiteStatement.executeInsert(SQLiteStatement.java:86)
E/SQLiteDatabase( 1244): 	at android.database.sqlite.SQLiteDatabase.insertWithOnConflict(SQLiteDatabase.java:1603)
E/SQLiteDatabase( 1244): 	at android.database.sqlite.SQLiteDatabase.insert(SQLiteDatabase.java:1473)
E/SQLiteDatabase( 1244): 	at com.google.android.contextmanager.q.ak.a(SourceFile:445)
E/SQLiteDatabase( 1244): 	at com.google.android.contextmanager.q.ak.b(SourceFile:420)
E/SQLiteDatabase( 1244): 	at com.google.android.contextmanager.q.ak.a(SourceFile:370)
E/SQLiteDatabase( 1244): 	at com.google.android.contextmanager.q.ak.a(SourceFile:147)
E/SQLiteDatabase( 1244): 	at com.google.android.contextmanager.q.r.a(SourceFile:247)
E/SQLiteDatabase( 1244): 	at com.google.android.contextmanager.m.a.k.<init>(SourceFile:83)
E/SQLiteDatabase( 1244): 	at com.google.android.contextmanager.m.a.l.a(SourceFile:59)
E/SQLiteDatabase( 1244): 	at com.google.android.contextmanager.m.b.a(SourceFile:167)
E/SQLiteDatabase( 1244): 	at com.google.android.contextmanager.interest.f.a(SourceFile:512)
E/SQLiteDatabase( 1244): 	at com.google.android.contextmanager.s.j.run(SourceFile:93)
E/SQLiteDatabase( 1244): 	at com.google.android.contextmanager.g.i.a(SourceFile:263)
E/SQLiteDatabase( 1244): 	at com.google.android.contextmanager.g.i.handleMessage(SourceFile:254)
E/SQLiteDatabase( 1244): 	at android.os.Handler.dispatchMessage(Handler.java:102)
E/SQLiteDatabase( 1244): 	at android.os.Looper.loop(Looper.java:136)
E/SQLiteDatabase( 1244): 	at android.os.HandlerThread.run(HandlerThread.java:61)
