W/Settings(14132): Setting airplane_mode_on has moved from android.provider.Settings.System to android.provider.Settings.Global, returning read-only value.
I/AvailabilitySDK(14132): looking for venezia measurements to submit...
I/AvailabilitySDK(14132): analyzing zeroes submission policies
W/Settings(14132): Setting airplane_mode_on has moved from android.provider.Settings.System to android.provider.Settings.Global, returning read-only value.
I/ServiceKeeper(  722): In getappinfo pid = 722 pkgName = android appinfo = null
I/ServiceKeeper(  722): In getseinfo pid = 722 uid = 1000 seinfo= system
I/ServiceKeeper(  722): In getappinfo pid = 722 pkgName = android appinfo = null
I/ServiceKeeper(  722): In getseinfo pid = 722 uid = 1000 seinfo= system
D/ConnectivityService(  722): Sampling interval elapsed, updating statistics ..
I/ServiceKeeper(  722): In getappinfo pid = 722 pkgName = android appinfo = null
I/ServiceKeeper(  722): In getseinfo pid = 722 uid = 1000 seinfo= system
E/SPPClientService( 4232): [[PushClientService]] F:false, D:false, E:false, T:false, S:true, R:false
I/AvailabilitySDK(14132): looking for zeroes measurements to submit...
I/AvailabilitySDK(14132): analyzing gamelab submission policies
W/Settings(14132): Setting airplane_mode_on has moved from android.provider.Settings.System to android.provider.Settings.Global, returning read-only value.
D/ConnectivityService(  722): Done.
D/ConnectivityService(  722): Setting timer for 720seconds
I/AvailabilitySDK(14132): looking for gamelab measurements to submit...
W/AvailabilitySDK(14132): File is less than minimum size.
I/AvailabilitySDK(14132): analyzing ad3-meta submission policies
W/Settings(14132): Setting airplane_mode_on has moved from android.provider.Settings.System to android.provider.Settings.Global, returning read-only value.
I/AvailabilitySDK(14132): analyzing venezia-metrics submission policies
W/Settings(14132): Setting airplane_mode_on has moved from android.provider.Settings.System to android.provider.Settings.Global, returning read-only value.
I/AvailabilitySDK(14132): looking for venezia-metrics measurements to submit...
W/AvailabilitySDK(14132): File is less than minimum size.
I/AvailabilitySDK(14132): analyzing ad3.report.venezia submission policies
W/Settings(14132): Setting airplane_mode_on has moved from android.provider.Settings.System to android.provider.Settings.Global, returning read-only value.
I/AvailabilitySDK(14132): looking for ad3.report.venezia measurements to submit...
I/AvailabilitySDK(14132): analyzing engagement submission policies
W/Settings(14132): Setting airplane_mode_on has moved from android.provider.Settings.System to android.provider.Settings.Global, returning read-only value.
I/AvailabilitySDK(14132): looking for engagement measurements to submit...
W/AvailabilitySDK(14132): File is less than minimum size.
I/AmazonAppstore.SchedulePeriodicWork(14132): com.amazon.mShop.android/com.amazon.sdk.availability.AvailabilityService-SubmitMeasurements - next work will occur at Sat May 14 23:47:12 PDT 2016 (SCHEDULER)
I/ServiceKeeper(  722): In getappinfo pid = 722 pkgName = android appinfo = null
I/ServiceKeeper(  722): In getseinfo pid = 722 uid = 1000 seinfo= system
E/SMD     (  253): DCD ON
D/SSRMv2:SIOP(  722): SIOP:: AP = 310, PST = 310, Delta = 0
D/STATUSBAR-NetworkController( 1083): refreshSignalCluster - setNWBoosterIndicators(false)
D/STATUSBAR-NetworkController( 1083): refreshSignalCluster: data=0 bt=false
D/STATUSBAR-IconMerger( 1083): checkOverflow(360), More:false, Req:false Child:5
D/STATUSBAR-NetworkController( 1083): onSignalStrengthsChanged signalStrength=SignalStrength: 99 -1 -1 -1 -1 -1 -1 18 -105 -12 26 -1 2147483647 gsm|lte 0x2 level=2
D/dalvikvm(  722): GC_CONCURRENT freed 8043K, 21% free 63845K/79812K, paused 28ms+11ms, total 266ms
W/WifiP2pStateTracker(  722): WifiP2pStateReceiver : android.net.wifi.LINK_CONFIGURATION_CHANGED
W/WifiP2pStateTracker(  722): WifiP2pStateReceiver : android.net.wifi.LINK_CONFIGURATION_CHANGED
D/ConnectivityService(  722): handleConnectivityChange: address are the same reset per doReset linkProperty[1]: resetMask=0
D/ConnectivityService(  722): handleConnectivityChange: setting default proxy info 
D/AmoledAdjustTimer(  722): prevTemp = 260, currTemp = 260, prevStep = 4, currStep = 4
D/ConnectivityService(  722): updateSourceRoutes : no source routing conditions
D/ConnectivityService(  722): handleConnectivityChange: address are the same reset per doReset linkProperty[1]: resetMask=0
D/ConnectivityService(  722): handleConnectivityChange: setting default proxy info 
D/ConnectivityService(  722): updateSourceRoutes : no source routing conditions
D/STATUSBAR-NetworkController( 1083): refreshSignalCluster - setNWBoosterIndicators(false)
D/STATUSBAR-NetworkController( 1083): refreshSignalCluster: data=0 bt=false
D/STATUSBAR-IconMerger( 1083): checkOverflow(360), More:false, Req:false Child:5
D/STATUSBAR-NetworkController( 1083): refreshSignalCluster - setNWBoosterIndicators(false)
D/STATUSBAR-NetworkController( 1083): refreshSignalCluster: data=0 bt=false
D/STATUSBAR-IconMerger( 1083): checkOverflow(360), More:false, Req:false Child:5
E/SMD     (  253): DCD ON
W/WifiP2pStateTracker(  722): WifiP2pStateReceiver : android.net.wifi.LINK_CONFIGURATION_CHANGED
W/WifiP2pStateTracker(  722): WifiP2pStateReceiver : android.net.wifi.LINK_CONFIGURATION_CHANGED
D/ConnectivityService(  722): handleConnectivityChange: address are the same reset per doReset linkProperty[1]: resetMask=0
D/ConnectivityService(  722): handleConnectivityChange: setting default proxy info 
D/ConnectivityService(  722): updateSourceRoutes : no source routing conditions
D/ConnectivityService(  722): handleConnectivityChange: address are the same reset per doReset linkProperty[1]: resetMask=0
D/ConnectivityService(  722): handleConnectivityChange: setting default proxy info 
D/ConnectivityService(  722): updateSourceRoutes : no source routing conditions
D/STATUSBAR-NetworkController( 1083): refreshSignalCluster - setNWBoosterIndicators(false)
D/STATUSBAR-NetworkController( 1083): refreshSignalCluster: data=0 bt=false
D/STATUSBAR-IconMerger( 1083): checkOverflow(360), More:false, Req:false Child:5
I/Metrics:BatchTransmitte(14132): QueuePusher.sendBatches - Drained batch queue.; Number of HIGH queue batches sent: 0
D/STATUSBAR-NetworkController( 1083): refreshSignalCluster - setNWBoosterIndicators(false)
D/STATUSBAR-NetworkController( 1083): refreshSignalCluster: data=0 bt=false
D/STATUSBAR-IconMerger( 1083): checkOverflow(360), More:false, Req:false Child:5
E/SMD     (  253): DCD ON
W/WifiP2pStateTracker(  722): WifiP2pStateReceiver : android.net.wifi.LINK_CONFIGURATION_CHANGED
W/WifiP2pStateTracker(  722): WifiP2pStateReceiver : android.net.wifi.LINK_CONFIGURATION_CHANGED
D/ConnectivityService(  722): handleConnectivityChange: address are the same reset per doReset linkProperty[1]: resetMask=0
D/ConnectivityService(  722): handleConnectivityChange: setting default proxy info 
D/ConnectivityService(  722): updateSourceRoutes : no source routing conditions
D/ConnectivityService(  722): handleConnectivityChange: address are the same reset per doReset linkProperty[1]: resetMask=0
D/ConnectivityService(  722): handleConnectivityChange: setting default proxy info 
D/ConnectivityService(  722): updateSourceRoutes : no source routing conditions
D/STATUSBAR-NetworkController( 1083): refreshSignalCluster - setNWBoosterIndicators(false)
D/STATUSBAR-NetworkController( 1083): refreshSignalCluster: data=0 bt=false
D/STATUSBAR-IconMerger( 1083): checkOverflow(360), More:false, Req:false Child:5
D/STATUSBAR-NetworkController( 1083): refreshSignalCluster - setNWBoosterIndicators(false)
D/STATUSBAR-NetworkController( 1083): refreshSignalCluster: data=0 bt=false
D/STATUSBAR-IconMerger( 1083): checkOverflow(360), More:false, Req:false Child:5
E/SMD     (  253): DCD ON
D/STATUSBAR-NetworkController( 1083): refreshSignalCluster - setNWBoosterIndicators(false)
D/STATUSBAR-NetworkController( 1083): refreshSignalCluster: data=0 bt=false
D/STATUSBAR-IconMerger( 1083): checkOverflow(360), More:false, Req:false Child:5
D/BatteryService(  722): level:27, scale:100, status:2, health:2, present:true, voltage: 3852, temperature: 260, technology: Li-ion, AC powered:false, USB powered:true, Wireless powered:false, icon:17303542, invalid charger:0, online:4, current avg:450, charge type:1, power sharing:false
D/BatteryService(  722): Sending ACTION_BATTERY_CHANGED.
D/KeyguardUpdateMonitor( 1083): received broadcast android.intent.action.BATTERY_CHANGED
D/KeyguardUpdateMonitor( 1083): handleBatteryUpdate
D/CMASMessage( 1083): [update] mShowingCMASText is false
D/CMASMessage( 1083): CMASIcon was GONE : 
D/CMASMessage( 1083): [update] mShowingCMASText is false
D/CMASMessage( 1083): CMASIcon was GONE : 
D/UiModeManager(  722): mCoverManager.getCoverState() : true
D/STATUSBAR-PhoneStatusBar( 1083):  mBrightnessEnablebySettings = true mBrightnessEnablebyBattery = true mBrightnessEnablebyDisableFlag = true mPmsBrightnessEnablebySettings = true
D/STATUSBAR-IconMerger( 1083): checkOverflow(360), More:false, Req:false Child:5
D/BatteryMeterView( 1083): ACTION_BATTERY_CHANGED : level:27 status:2 health:2
W/WifiP2pStateTracker(  722): WifiP2pStateReceiver : android.net.wifi.LINK_CONFIGURATION_CHANGED
V/RouteController(  250): /system/bin/ip -6 route del default table 2 2>&1
D/ConnectivityService(  722): handleConnectivityChange: addresses changed linkProperty[1]: resetMask=2
D/ConnectivityService(  722):    car=removed=[2601:647:cb00:691d:80f:9b5a:fac2:5004/64,] added=[2601:647:cb00:691d:fec2:deff:fe59:408a/64,]
D/ConnectivityService(  722): handleConnectivityChange: setting default proxy info 
W/WifiP2pStateTracker(  722): WifiP2pStateReceiver : android.net.wifi.LINK_CONFIGURATION_CHANGED
V/RouteController(  250): RTNETLINK answers: No such process
V/RouteController(  250): /system/bin/ip -6 rule del table 2 2>&1
V/RouteController(  250): RTNETLINK answers: No such file or directory
D/SSRMv2:SIOP(  722): SIOP:: AP = 310, PST = 310, Delta = 0
W/NetworkManagementService(  722): route cmd failed: 
W/NetworkManagementService(  722): com.android.server.NativeDaemonConnector$NativeDaemonFailureException: command '47314 route del src v6 2' failed with '400 47314 -6 rule del table 2: RTNETLINK answers: No such file or directory
W/NetworkManagementService(  722): '
W/NetworkManagementService(  722): 	at com.android.server.NativeDaemonConnector.execute(NativeDaemonConnector.java:406)
W/NetworkManagementService(  722): 	at com.android.server.NativeDaemonConnector.executeForList(NativeDaemonConnector.java:338)
W/NetworkManagementService(  722): 	at com.android.server.NativeDaemonConnector.execute(NativeDaemonConnector.java:303)
W/NetworkManagementService(  722): 	at com.android.server.NativeDaemonConnector.execute(NativeDaemonConnector.java:288)
W/NetworkManagementService(  722): 	at com.android.server.NetworkManagementService.delSrcRoute(NetworkManagementService.java:2375)
W/NetworkManagementService(  722): 	at com.android.server.ConnectivityService.updateSourceRoutes(ConnectivityService.java:4042)
W/NetworkManagementService(  722): 	at com.android.server.ConnectivityService.handleConnectivityChange(ConnectivityService.java:3819)
W/NetworkManagementService(  722): 	at com.android.server.ConnectivityService.access$2400(ConnectivityService.java:256)
W/NetworkManagementService(  722): 	at com.android.server.ConnectivityService$NetworkStateTrackerHandler.handleMessage(ConnectivityService.java:4599)
W/NetworkManagementService(  722): 	at android.os.Handler.dispatchMessage(Handler.java:102)
W/NetworkManagementService(  722): 	at android.os.Looper.loop(Looper.java:136)
W/NetworkManagementService(  722): 	at android.os.HandlerThread.run(HandlerThread.java:61)
D/NetUtils(  722): android_net_utils_resetConnections in env=0x7a701438 clazz=0xb9400001 iface=wlan0 mask=0x2
D/ConnectivityService(  722): resetConnections(wlan0, 2)
D/ConnectivityService(  722): updateSourceRoutes : no source routing conditions
V/RouteController(  250): /system/bin/ip -6 route del default table 2 2>&1
D/ConnectivityService(  722): handleConnectivityChange: addresses changed linkProperty[1]: resetMask=2
D/ConnectivityService(  722):    car=removed=[2601:647:cb00:691d:fec2:deff:fe59:408a/64,] added=[2601:647:cb00:691d:80f:9b5a:fac2:5004/64,]
D/ConnectivityService(  722): handleConnectivityChange: setting default proxy info 
V/RouteController(  250): RTNETLINK answers: No such process
V/RouteController(  250): /system/bin/ip -6 rule del table 2 2>&1
V/RouteController(  250): RTNETLINK answers: No such file or directory
W/NetworkManagementService(  722): route cmd failed: 
W/NetworkManagementService(  722): com.android.server.NativeDaemonConnector$NativeDaemonFailureException: command '47317 route del src v6 2' failed with '400 47317 -6 rule del table 2: RTNETLINK answers: No such file or directory
W/NetworkManagementService(  722): '
W/NetworkManagementService(  722): 	at com.android.server.NativeDaemonConnector.execute(NativeDaemonConnector.java:406)
W/NetworkManagementService(  722): 	at com.android.server.NativeDaemonConnector.executeForList(NativeDaemonConnector.java:338)
W/NetworkManagementService(  722): 	at com.android.server.NativeDaemonConnector.execute(NativeDaemonConnector.java:303)
W/NetworkManagementService(  722): 	at com.android.server.NativeDaemonConnector.execute(NativeDaemonConnector.java:288)
W/NetworkManagementService(  722): 	at com.android.server.NetworkManagementService.delSrcRoute(NetworkManagementService.java:2375)
W/NetworkManagementService(  722): 	at com.android.server.ConnectivityService.updateSourceRoutes(ConnectivityService.java:4042)
W/NetworkManagementService(  722): 	at com.android.server.ConnectivityService.handleConnectivityChange(ConnectivityService.java:3819)
W/NetworkManagementService(  722): 	at com.android.server.ConnectivityService.access$2400(ConnectivityService.java:256)
W/NetworkManagementService(  722): 	at com.android.server.ConnectivityService$NetworkStateTrackerHandler.handleMessage(ConnectivityService.java:4599)
W/NetworkManagementService(  722): 	at android.os.Handler.dispatchMessage(Handler.java:102)
W/NetworkManagementService(  722): 	at android.os.Looper.loop(Looper.java:136)
W/NetworkManagementService(  722): 	at android.os.HandlerThread.run(HandlerThread.java:61)
D/NetUtils(  722): android_net_utils_resetConnections in env=0x7a701438 clazz=0xfe500001 iface=wlan0 mask=0x2
D/ConnectivityService(  722): resetConnections(wlan0, 2)
D/ConnectivityService(  722): updateSourceRoutes : no source routing conditions
D/AmoledAdjustTimer(  722): prevTemp = 260, currTemp = 260, prevStep = 4, currStep = 4
D/STATUSBAR-NetworkController( 1083): refreshSignalCluster - setNWBoosterIndicators(false)
D/STATUSBAR-NetworkController( 1083): refreshSignalCluster: data=0 bt=false
D/STATUSBAR-IconMerger( 1083): checkOverflow(360), More:false, Req:false Child:5
E/SMD     (  253): DCD ON
W/WifiP2pStateTracker(  722): WifiP2pStateReceiver : android.net.wifi.LINK_CONFIGURATION_CHANGED
W/WifiP2pStateTracker(  722): WifiP2pStateReceiver : android.net.wifi.LINK_CONFIGURATION_CHANGED
D/ConnectivityService(  722): handleConnectivityChange: address are the same reset per doReset linkProperty[1]: resetMask=0
D/ConnectivityService(  722): handleConnectivityChange: setting default proxy info 
D/ConnectivityService(  722): updateSourceRoutes : no source routing conditions
D/ConnectivityService(  722): handleConnectivityChange: address are the same reset per doReset linkProperty[1]: resetMask=0
D/ConnectivityService(  722): handleConnectivityChange: setting default proxy info 
D/ConnectivityService(  722): updateSourceRoutes : no source routing conditions
D/AbstractMetricsFactoryImpl(17701): record : No data points in metrics event
D/STATUSBAR-NetworkController( 1083): refreshSignalCluster - setNWBoosterIndicators(false)
D/STATUSBAR-NetworkController( 1083): refreshSignalCluster: data=0 bt=false
D/STATUSBAR-IconMerger( 1083): checkOverflow(360), More:false, Req:false Child:5
I/ServiceKeeper(  722): In getappinfo pid = 722 pkgName = android appinfo = null
I/ServiceKeeper(  722): In getseinfo pid = 722 uid = 1000 seinfo= system
D/TimaService(  722): TIMA: TimaService scheduler is intialized. 
D/TimaService(  722): TIMA: checkEvent, operation: 50000 subject: 10000
D/TimaService(  722): TimaServiceHandler.handleMessage what =1
D/AbstractMetricsFactoryImpl(17701): record : No data points in metrics event
D/STATUSBAR-NetworkController( 1083): refreshSignalCluster - setNWBoosterIndicators(false)
D/STATUSBAR-NetworkController( 1083): refreshSignalCluster: data=0 bt=false
D/STATUSBAR-IconMerger( 1083): checkOverflow(360), More:false, Req:false Child:5
E/SMD     (  253): DCD ON
W/WifiP2pStateTracker(  722): WifiP2pStateReceiver : android.net.wifi.LINK_CONFIGURATION_CHANGED
W/WifiP2pStateTracker(  722): WifiP2pStateReceiver : android.net.wifi.LINK_CONFIGURATION_CHANGED
D/ConnectivityService(  722): handleConnectivityChange: address are the same reset per doReset linkProperty[1]: resetMask=0
D/ConnectivityService(  722): handleConnectivityChange: setting default proxy info 
D/ConnectivityService(  722): updateSourceRoutes : no source routing conditions
D/ConnectivityService(  722): handleConnectivityChange: address are the same reset per doReset linkProperty[1]: resetMask=0
D/ConnectivityService(  722): handleConnectivityChange: setting default proxy info 
D/dalvikvm(  722): GC_CONCURRENT freed 8215K, 21% free 63822K/79812K, paused 14ms+12ms, total 277ms
D/dalvikvm(  722): WAIT_FOR_CONCURRENT_GC blocked 58ms
D/dalvikvm(  722): WAIT_FOR_CONCURRENT_GC blocked 52ms
D/dalvikvm(  722): WAIT_FOR_CONCURRENT_GC blocked 256ms
D/STATUSBAR-NetworkController( 1083): refreshSignalCluster - setNWBoosterIndicators(false)
D/STATUSBAR-NetworkController( 1083): refreshSignalCluster: data=0 bt=false
D/STATUSBAR-IconMerger( 1083): checkOverflow(360), More:false, Req:false Child:5
D/ConnectivityService(  722): updateSourceRoutes : no source routing conditions
E/Watchdog(  722): !@Sync 3717
D/STATUSBAR-NetworkController( 1083): refreshSignalCluster - setNWBoosterIndicators(false)
D/STATUSBAR-NetworkController( 1083): refreshSignalCluster: data=0 bt=false
D/STATUSBAR-IconMerger( 1083): checkOverflow(360), More:false, Req:false Child:5
E/SMD     (  253): DCD ON
W/WifiP2pStateTracker(  722): WifiP2pStateReceiver : android.net.wifi.LINK_CONFIGURATION_CHANGED
W/WifiP2pStateTracker(  722): WifiP2pStateReceiver : android.net.wifi.LINK_CONFIGURATION_CHANGED
D/ConnectivityService(  722): handleConnectivityChange: address are the same reset per doReset linkProperty[1]: resetMask=0
D/ConnectivityService(  722): handleConnectivityChange: setting default proxy info 
D/ConnectivityService(  722): updateSourceRoutes : no source routing conditions
D/ConnectivityService(  722): handleConnectivityChange: address are the same reset per doReset linkProperty[1]: resetMask=0
D/ConnectivityService(  722): handleConnectivityChange: setting default proxy info 
D/ConnectivityService(  722): updateSourceRoutes : no source routing conditions
D/STATUSBAR-NetworkController( 1083): refreshSignalCluster - setNWBoosterIndicators(false)
D/STATUSBAR-NetworkController( 1083): refreshSignalCluster: data=0 bt=false
D/STATUSBAR-IconMerger( 1083): checkOverflow(360), More:false, Req:false Child:5
D/BatteryService(  722): level:27, scale:100, status:2, health:2, present:true, voltage: 3845, temperature: 260, technology: Li-ion, AC powered:false, USB powered:true, Wireless powered:false, icon:17303542, invalid charger:0, online:4, current avg:450, charge type:1, power sharing:false
D/BatteryService(  722): Sending ACTION_BATTERY_CHANGED.
D/KeyguardUpdateMonitor( 1083): received broadcast android.intent.action.BATTERY_CHANGED
D/UiModeManager(  722): mCoverManager.getCoverState() : true
D/KeyguardUpdateMonitor( 1083): handleBatteryUpdate
D/CMASMessage( 1083): [update] mShowingCMASText is false
D/CMASMessage( 1083): CMASIcon was GONE : 
D/CMASMessage( 1083): [update] mShowingCMASText is false
D/CMASMessage( 1083): CMASIcon was GONE : 
D/STATUSBAR-PhoneStatusBar( 1083):  mBrightnessEnablebySettings = true mBrightnessEnablebyBattery = true mBrightnessEnablebyDisableFlag = true mPmsBrightnessEnablebySettings = true
D/STATUSBAR-IconMerger( 1083): checkOverflow(360), More:false, Req:false Child:5
D/BatteryMeterView( 1083): ACTION_BATTERY_CHANGED : level:27 status:2 health:2
D/SSRMv2:SIOP(  722): SIOP:: AP = 310, PST = 310, Delta = 0
D/STATUSBAR-NetworkController( 1083): refreshSignalCluster - setNWBoosterIndicators(false)
D/STATUSBAR-NetworkController( 1083): refreshSignalCluster: data=0 bt=false
D/STATUSBAR-IconMerger( 1083): checkOverflow(360), More:false, Req:false Child:5
I/TLC_TIMA_PKM_measure_kernel(  722): TIMA: response_id = 3
I/TLC_TIMA_PKM_measure_kernel(  722): TIMA: response ret = 0, result_ondemand = MSG=Kernel Verification Success;
I/ServiceKeeper(  722): In getappinfo pid = 722 pkgName = android appinfo = null
I/ServiceKeeper(  722): In getseinfo pid = 722 uid = 1000 seinfo= system
D/TimaService(  722): TIMA MEASUREMENT Result: TIMA_STATUS=0;MSG=Kernel Verification Success;
D/TimaService(  722): TIMA MEASUREMENT success status: TIMA_STATUS=0;MSG=Kernel Verification Success;
E/SMD     (  253): DCD ON
D/STATUSBAR-NetworkController( 1083): onSignalStrengthsChanged signalStrength=SignalStrength: 99 -1 -1 -1 -1 -1 -1 17 -105 -11 30 -1 2147483647 gsm|lte 0x2 level=2
D/AmoledAdjustTimer(  722): prevTemp = 260, currTemp = 260, prevStep = 4, currStep = 4
W/WifiP2pStateTracker(  722): WifiP2pStateReceiver : android.net.wifi.LINK_CONFIGURATION_CHANGED
W/WifiP2pStateTracker(  722): WifiP2pStateReceiver : android.net.wifi.LINK_CONFIGURATION_CHANGED
D/ConnectivityService(  722): handleConnectivityChange: address are the same reset per doReset linkProperty[1]: resetMask=0
D/ConnectivityService(  722): handleConnectivityChange: setting default proxy info 
D/ConnectivityService(  722): updateSourceRoutes : no source routing conditions
D/ConnectivityService(  722): handleConnectivityChange: address are the same reset per doReset linkProperty[1]: resetMask=0
D/ConnectivityService(  722): handleConnectivityChange: setting default proxy info 
D/ConnectivityService(  722): updateSourceRoutes : no source routing conditions
D/STATUSBAR-NetworkController( 1083): refreshSignalCluster - setNWBoosterIndicators(false)
D/STATUSBAR-NetworkController( 1083): refreshSignalCluster: data=0 bt=false
D/STATUSBAR-IconMerger( 1083): checkOverflow(360), More:false, Req:false Child:5
D/STATUSBAR-NetworkController( 1083): refreshSignalCluster - setNWBoosterIndicators(false)
D/STATUSBAR-NetworkController( 1083): refreshSignalCluster: data=0 bt=false
D/STATUSBAR-IconMerger( 1083): checkOverflow(360), More:false, Req:false Child:5
E/SMD     (  253): DCD ON
W/WifiP2pStateTracker(  722): WifiP2pStateReceiver : android.net.wifi.LINK_CONFIGURATION_CHANGED
W/WifiP2pStateTracker(  722): WifiP2pStateReceiver : android.net.wifi.LINK_CONFIGURATION_CHANGED
D/ConnectivityService(  722): handleConnectivityChange: address are the same reset per doReset linkProperty[1]: resetMask=0
D/ConnectivityService(  722): handleConnectivityChange: setting default proxy info 
D/ConnectivityService(  722): updateSourceRoutes : no source routing conditions
D/ConnectivityService(  722): handleConnectivityChange: address are the same reset per doReset linkProperty[1]: resetMask=0
D/ConnectivityService(  722): handleConnectivityChange: setting default proxy info 
D/ConnectivityService(  722): updateSourceRoutes : no source routing conditions
D/STATUSBAR-NetworkController( 1083): refreshSignalCluster - setNWBoosterIndicators(false)
D/STATUSBAR-NetworkController( 1083): refreshSignalCluster: data=0 bt=false
D/STATUSBAR-IconMerger( 1083): checkOverflow(360), More:false, Req:false Child:5
D/STATUSBAR-NetworkController( 1083): refreshSignalCluster - setNWBoosterIndicators(false)
D/STATUSBAR-NetworkController( 1083): refreshSignalCluster: data=0 bt=false
D/STATUSBAR-IconMerger( 1083): checkOverflow(360), More:false, Req:false Child:5
E/SMD     (  253): DCD ON
W/PersonaManager(  722): getPersonaIds()
V/AlarmManager(  722): waitForAlarm result :8
I/ServiceKeeper(  722): In getappinfo pid = 722 pkgName = android appinfo = null
I/ServiceKeeper(  722): In getseinfo pid = 722 uid = 1000 seinfo= system
V/AlarmManager(  722): ClockReceiver onReceive() ACTION_TIME_TICK
D/KeyguardUpdateMonitor( 1083): received broadcast android.intent.action.TIME_TICK
D/KeyguardUpdateMonitor( 1083): handleTimeUpdate
V/AlarmManager(  722): ___SyncScheduler (v3) ACTIVATED___
V/AlarmManager(  722): <AppSync3 Whitelist>
V/AlarmManager(  722): (AppSync) com.android.email : 3600(3600)
V/AlarmManager(  722): (AppSync) io.crash.air : 7200(7080)
V/AlarmManager(  722): (AppSync) com.cmplay.tiles2 : 21600(16680)
V/AlarmManager(  722): (AppSync) com.google.android.gms : 1680(8400)
V/AlarmManager(  722): (AppSync) com.viber.voip : 600(900)
V/AlarmManager(  722): (AppSync) com.facebook.orca : 900(900)
V/AlarmManager(  722): (AppSync) com.sec.spp.push : 1200(1800)
V/AlarmManager(  722): (AppSync) com.facebook.orca : 3600(3540)
V/AlarmManager(  722): (AppSync) com.facebook.katana : 300(300)
V/AlarmManager(  722): (AppSync) com.instagram.android : 300(300)
V/AlarmManager(  722): (AppSync) ### 10 added ###
D/STATUSBAR-IconMerger( 1083): checkOverflow(360), More:false, Req:false Child:5
D/daemonapp( 1669): [MSC_Daemon]>>> WU:237 [0:0] regintype : NA
D/daemonapp( 1669): [MSC_Daemon]>>> WU:288 [0:0] cp type is : cp_eng
I/ServiceKeeper(  722): In getappinfo pid = 722 pkgName = android appinfo = null
I/ServiceKeeper(  722): In getseinfo pid = 722 uid = 1000 seinfo= system
W/WifiP2pStateTracker(  722): WifiP2pStateReceiver : android.net.wifi.LINK_CONFIGURATION_CHANGED
W/WifiP2pStateTracker(  722): WifiP2pStateReceiver : android.net.wifi.LINK_CONFIGURATION_CHANGED
D/ConnectivityService(  722): handleConnectivityChange: address are the same reset per doReset linkProperty[1]: resetMask=0
D/ConnectivityService(  722): handleConnectivityChange: setting default proxy info 
D/ConnectivityService(  722): updateSourceRoutes : no source routing conditions
D/ConnectivityService(  722): handleConnectivityChange: address are the same reset per doReset linkProperty[1]: resetMask=0
D/ConnectivityService(  722): handleConnectivityChange: setting default proxy info 
D/ConnectivityService(  722): updateSourceRoutes : no source routing conditions
D/STATUSBAR-NetworkController( 1083): refreshSignalCluster - setNWBoosterIndicators(false)
D/STATUSBAR-NetworkController( 1083): refreshSignalCluster: data=0 bt=false
D/STATUSBAR-IconMerger( 1083): checkOverflow(360), More:false, Req:false Child:5
D/STATUSBAR-NetworkController( 1083): refreshSignalCluster - setNWBoosterIndicators(false)
D/STATUSBAR-NetworkController( 1083): refreshSignalCluster: data=0 bt=false
D/STATUSBAR-IconMerger( 1083): checkOverflow(360), More:false, Req:false Child:5
D/BatteryService(  722): level:27, scale:100, status:2, health:2, present:true, voltage: 3851, temperature: 260, technology: Li-ion, AC powered:false, USB powered:true, Wireless powered:false, icon:17303542, invalid charger:0, online:4, current avg:450, charge type:1, power sharing:false
D/BatteryService(  722): Sending ACTION_BATTERY_CHANGED.
D/KeyguardUpdateMonitor( 1083): received broadcast android.intent.action.BATTERY_CHANGED
D/KeyguardUpdateMonitor( 1083): handleBatteryUpdate
D/CMASMessage( 1083): [update] mShowingCMASText is false
D/CMASMessage( 1083): CMASIcon was GONE : 
D/CMASMessage( 1083): [update] mShowingCMASText is false
D/UiModeManager(  722): mCoverManager.getCoverState() : true
D/CMASMessage( 1083): CMASIcon was GONE : 
D/STATUSBAR-PhoneStatusBar( 1083):  mBrightnessEnablebySettings = true mBrightnessEnablebyBattery = true mBrightnessEnablebyDisableFlag = true mPmsBrightnessEnablebySettings = true
D/BatteryMeterView( 1083): ACTION_BATTERY_CHANGED : level:27 status:2 health:2
I/AvailabilitySDK(14132): analyzing venezia submission policies
D/STATUSBAR-IconMerger( 1083): checkOverflow(360), More:false, Req:false Child:5
E/SMD     (  253): DCD ON
I/AvailabilitySDK(14132): analyzing zeroes submission policies
I/AvailabilitySDK(14132): analyzing gamelab submission policies
D/SSRMv2:SIOP(  722): SIOP:: AP = 310, PST = 310, Delta = 0
D/AmoledAdjustTimer(  722): prevTemp = 260, currTemp = 260, prevStep = 4, currStep = 4
W/WifiP2pStateTracker(  722): WifiP2pStateReceiver : android.net.wifi.LINK_CONFIGURATION_CHANGED
W/WifiP2pStateTracker(  722): WifiP2pStateReceiver : android.net.wifi.LINK_CONFIGURATION_CHANGED
D/ConnectivityService(  722): handleConnectivityChange: address are the same reset per doReset linkProperty[1]: resetMask=0
D/ConnectivityService(  722): handleConnectivityChange: setting default proxy info 
D/ConnectivityService(  722): updateSourceRoutes : no source routing conditions
D/ConnectivityService(  722): handleConnectivityChange: address are the same reset per doReset linkProperty[1]: resetMask=0
D/ConnectivityService(  722): handleConnectivityChange: setting default proxy info 
D/ConnectivityService(  722): updateSourceRoutes : no source routing conditions
D/STATUSBAR-NetworkController( 1083): refreshSignalCluster - setNWBoosterIndicators(false)
D/STATUSBAR-NetworkController( 1083): refreshSignalCluster: data=0 bt=false
D/STATUSBAR-IconMerger( 1083): checkOverflow(360), More:false, Req:false Child:5
V/AlarmManager(  722): waitForAlarm result :8
W/PersonaManager(  722): getPersonaIds()
I/ServiceKeeper(  722): In getappinfo pid = 722 pkgName = android appinfo = null
I/ServiceKeeper(  722): In getseinfo pid = 722 uid = 1000 seinfo= system
I/ServiceKeeper(  722): In getappinfo pid = 722 pkgName = android appinfo = null
I/ServiceKeeper(  722): In getseinfo pid = 722 uid = 1000 seinfo= system
I/ServiceKeeper(  722): In getappinfo pid = 722 pkgName = android appinfo = null
I/ServiceKeeper(  722): In getseinfo pid = 722 uid = 1000 seinfo= system
I/AmazonAppstore.ServiceConfigService(14132): Get the service configurations from DS
D/AbstractMetricsFactoryImpl(14132): record : No data points in metrics event
D/AbstractMetricsFactoryImpl(14132): record : No data points in metrics event
I/System.out(14132): IntentService[ServiceConfigService] calls detatch()
W/IdleConnectionHandler(14132): Removing a connection that never existed!
D/STATUSBAR-NetworkController( 1083): refreshSignalCluster - setNWBoosterIndicators(false)
D/STATUSBAR-NetworkController( 1083): refreshSignalCluster: data=0 bt=false
D/STATUSBAR-IconMerger( 1083): checkOverflow(360), More:false, Req:false Child:5
D/dalvikvm(14132): GC_CONCURRENT freed 8014K, 30% free 23828K/33800K, paused 3ms+7ms, total 53ms
D/dalvikvm(14132): WAIT_FOR_CONCURRENT_GC blocked 32ms
W/CursorWrapperInner(14132): Cursor finalized without prior close()
E/SMD     (  253): DCD ON
I/AmazonAppstore.SchedulePeriodicWork(14132): com.amazon.mShop.android/com.amazon.mas.client.serviceconfig.ServiceConfigService-com.amazon.mas.client.serviceconfig.SC_ACTION_REFRESH_CONFIG - next work will occur at Sun May 15 04:47:08 PDT 2016 (SCHEDULER)
I/ServiceKeeper(  722): In getappinfo pid = 722 pkgName = android appinfo = null
I/ServiceKeeper(  722): In getseinfo pid = 722 uid = 1000 seinfo= system
I/AmazonAppstore.LockerSyncDecisionDelegate(14132): handling intent action 'com.amazon.mas.client.serviceconfig.SC_ACTION_CHANGED'
I/AmazonAppstore.LockerSyncDecisionDelegate(14132): Service config change previously detected. Ignoring.
I/ServiceKeeper(  722): In getappinfo pid = 722 pkgName = android appinfo = null
I/ServiceKeeper(  722): In getseinfo pid = 722 uid = 1000 seinfo= system
I/ServiceKeeper(  722): In getappinfo pid = 722 pkgName = android appinfo = null
I/ServiceKeeper(  722): In getseinfo pid = 722 uid = 1000 seinfo= system
I/AmazonAppstore.FeatureConfigService(14132): Service config changed, refreshing feature config.
I/ServiceKeeper(  722): In getappinfo pid = 722 pkgName = android appinfo = null
I/ServiceKeeper(  722): In getseinfo pid = 722 uid = 1000 seinfo= system
D/AbstractMetricsFactoryImpl(14132): record : No data points in metrics event
D/AbstractMetricsFactoryImpl(14132): record : No data points in metrics event
I/System.out(14132): IntentService[FeatureConfigRefreshService] calls detatch()
W/IdleConnectionHandler(14132): Removing a connection that never existed!
I/ServiceKeeper(  722): In getappinfo pid = 722 pkgName = android appinfo = null
I/ServiceKeeper(  722): In getseinfo pid = 722 uid = 1000 seinfo= system
I/AmazonAppstore.LockerSyncDecisionDelegate(14132): handling intent action 'com.amazon.mas.client.featureconfig.FEATURE_CONFIG_REFRESHED'
I/AmazonAppstore.LockerSyncDecisionDelegate(14132): Appstore FTUE requirements met.
I/AmazonAppstore.LockerSyncDecisionDelegate(14132): FC values not changed. Ignoring locker sync request.
I/ServiceKeeper(  722): In getappinfo pid = 722 pkgName = android appinfo = null
I/ServiceKeeper(  722): In getseinfo pid = 722 uid = 1000 seinfo= system
I/ServiceKeeper(  722): In getappinfo pid = 722 pkgName = android appinfo = null
I/ServiceKeeper(  722): In getseinfo pid = 722 uid = 1000 seinfo= system
I/AmazonAppstore.ZeroesStatus(14132): Zeroes enabled status=true
I/AmazonAppstore.DataBackedGlobalConfig(14132): Banjo status: nothing changed since last feature config update.
W/WifiP2pStateTracker(  722): WifiP2pStateReceiver : android.net.wifi.LINK_CONFIGURATION_CHANGED
W/WifiP2pStateTracker(  722): WifiP2pStateReceiver : android.net.wifi.LINK_CONFIGURATION_CHANGED
D/ConnectivityService(  722): handleConnectivityChange: address are the same reset per doReset linkProperty[1]: resetMask=0
D/ConnectivityService(  722): handleConnectivityChange: setting default proxy info 
D/dalvikvm(  722): GC_CONCURRENT freed 8173K, 21% free 63840K/79812K, paused 21ms+19ms, total 253ms
D/dalvikvm(  722): WAIT_FOR_CONCURRENT_GC blocked 216ms
D/dalvikvm(  722): WAIT_FOR_CONCURRENT_GC blocked 209ms
D/ConnectivityService(  722): updateSourceRoutes : no source routing conditions
D/ConnectivityService(  722): handleConnectivityChange: address are the same reset per doReset linkProperty[1]: resetMask=0
D/ConnectivityService(  722): handleConnectivityChange: setting default proxy info 
D/ConnectivityService(  722): updateSourceRoutes : no source routing conditions
E/WifiWatchdogStateMachine.QualitySocketHandler(  722): No http request!
I/WifiWatchdogStateMachine(  722): 05-14 09:49:07 878,QualityCheckingState, [s]1, 1, [t]1, [e]5, 1, -42, 5, true, true, 11, 225465736c61526f61647374657222, 401, -1
E/SMD     (  253): DCD ON
W/WifiP2pStateTracker(  722): WifiP2pStateReceiver : android.net.wifi.LINK_CONFIGURATION_CHANGED
W/WifiP2pStateTracker(  722): WifiP2pStateReceiver : android.net.wifi.LINK_CONFIGURATION_CHANGED
D/ConnectivityService(  722): handleConnectivityChange: address are the same reset per doReset linkProperty[1]: resetMask=0
D/ConnectivityService(  722): handleConnectivityChange: setting default proxy info 
D/ConnectivityService(  722): updateSourceRoutes : no source routing conditions
D/ConnectivityService(  722): handleConnectivityChange: address are the same reset per doReset linkProperty[1]: resetMask=0
D/ConnectivityService(  722): handleConnectivityChange: setting default proxy info 
D/ConnectivityService(  722): updateSourceRoutes : no source routing conditions
D/STATUSBAR-NetworkController( 1083): refreshSignalCluster - setNWBoosterIndicators(false)
D/STATUSBAR-NetworkController( 1083): refreshSignalCluster: data=0 bt=false
D/STATUSBAR-IconMerger( 1083): checkOverflow(360), More:false, Req:false Child:5
D/STATUSBAR-NetworkController( 1083): refreshSignalCluster - setNWBoosterIndicators(false)
D/STATUSBAR-NetworkController( 1083): refreshSignalCluster: data=0 bt=false
D/STATUSBAR-IconMerger( 1083): checkOverflow(360), More:false, Req:false Child:5
E/SMD     (  253): DCD ON
D/STATUSBAR-NetworkController( 1083): refreshSignalCluster - setNWBoosterIndicators(false)
D/STATUSBAR-NetworkController( 1083): refreshSignalCluster: data=0 bt=false
D/STATUSBAR-IconMerger( 1083): checkOverflow(360), More:false, Req:false Child:5
D/BatteryService(  722): level:27, scale:100, status:2, health:2, present:true, voltage: 3842, temperature: 260, technology: Li-ion, AC powered:false, USB powered:true, Wireless powered:false, icon:17303542, invalid charger:0, online:4, current avg:450, charge type:1, power sharing:false
D/BatteryService(  722): Sending ACTION_BATTERY_CHANGED.
D/UiModeManager(  722): mCoverManager.getCoverState() : true
D/KeyguardUpdateMonitor( 1083): received broadcast android.intent.action.BATTERY_CHANGED
D/KeyguardUpdateMonitor( 1083): handleBatteryUpdate
D/CMASMessage( 1083): [update] mShowingCMASText is false
D/CMASMessage( 1083): CMASIcon was GONE : 
D/CMASMessage( 1083): [update] mShowingCMASText is false
D/CMASMessage( 1083): CMASIcon was GONE : 
D/STATUSBAR-PhoneStatusBar( 1083):  mBrightnessEnablebySettings = true mBrightnessEnablebyBattery = true mBrightnessEnablebyDisableFlag = true mPmsBrightnessEnablebySettings = true
D/BatteryMeterView( 1083): ACTION_BATTERY_CHANGED : level:27 status:2 health:2
D/STATUSBAR-IconMerger( 1083): checkOverflow(360), More:false, Req:false Child:5
D/SSRMv2:SIOP(  722): SIOP:: AP = 310, PST = 310, Delta = 0
W/WifiP2pStateTracker(  722): WifiP2pStateReceiver : android.net.wifi.LINK_CONFIGURATION_CHANGED
W/WifiP2pStateTracker(  722): WifiP2pStateReceiver : android.net.wifi.LINK_CONFIGURATION_CHANGED
D/ConnectivityService(  722): handleConnectivityChange: address are the same reset per doReset linkProperty[1]: resetMask=0
D/ConnectivityService(  722): handleConnectivityChange: setting default proxy info 
D/ConnectivityService(  722): updateSourceRoutes : no source routing conditions
D/ConnectivityService(  722): handleConnectivityChange: address are the same reset per doReset linkProperty[1]: resetMask=0
D/ConnectivityService(  722): handleConnectivityChange: setting default proxy info 
D/ConnectivityService(  722): updateSourceRoutes : no source routing conditions
D/AmoledAdjustTimer(  722): prevTemp = 260, currTemp = 260, prevStep = 4, currStep = 4
D/STATUSBAR-NetworkController( 1083): refreshSignalCluster - setNWBoosterIndicators(false)
D/STATUSBAR-NetworkController( 1083): refreshSignalCluster: data=0 bt=false
D/STATUSBAR-IconMerger( 1083): checkOverflow(360), More:false, Req:false Child:5
E/SMD     (  253): DCD ON
W/WifiP2pStateTracker(  722): WifiP2pStateReceiver : android.net.wifi.LINK_CONFIGURATION_CHANGED
W/WifiP2pStateTracker(  722): WifiP2pStateReceiver : android.net.wifi.LINK_CONFIGURATION_CHANGED
D/ConnectivityService(  722): handleConnectivityChange: address are the same reset per doReset linkProperty[1]: resetMask=0
D/ConnectivityService(  722): handleConnectivityChange: setting default proxy info 
D/ConnectivityService(  722): updateSourceRoutes : no source routing conditions
D/ConnectivityService(  722): handleConnectivityChange: address are the same reset per doReset linkProperty[1]: resetMask=0
D/ConnectivityService(  722): handleConnectivityChange: setting default proxy info 
D/ConnectivityService(  722): updateSourceRoutes : no source routing conditions
D/STATUSBAR-NetworkController( 1083): refreshSignalCluster - setNWBoosterIndicators(false)
D/STATUSBAR-NetworkController( 1083): refreshSignalCluster: data=0 bt=false
D/STATUSBAR-IconMerger( 1083): checkOverflow(360), More:false, Req:false Child:5
D/STATUSBAR-NetworkController( 1083): refreshSignalCluster - setNWBoosterIndicators(false)
D/STATUSBAR-NetworkController( 1083): refreshSignalCluster: data=0 bt=false
D/STATUSBAR-IconMerger( 1083): checkOverflow(360), More:false, Req:false Child:5
E/SMD     (  253): DCD ON
W/WifiP2pStateTracker(  722): WifiP2pStateReceiver : android.net.wifi.LINK_CONFIGURATION_CHANGED
W/WifiP2pStateTracker(  722): WifiP2pStateReceiver : android.net.wifi.LINK_CONFIGURATION_CHANGED
D/ConnectivityService(  722): handleConnectivityChange: address are the same reset per doReset linkProperty[1]: resetMask=0
D/ConnectivityService(  722): handleConnectivityChange: setting default proxy info 
D/ConnectivityService(  722): updateSourceRoutes : no source routing conditions
D/ConnectivityService(  722): handleConnectivityChange: address are the same reset per doReset linkProperty[1]: resetMask=0
D/ConnectivityService(  722): handleConnectivityChange: setting default proxy info 
D/ConnectivityService(  722): updateSourceRoutes : no source routing conditions
D/STATUSBAR-NetworkController( 1083): refreshSignalCluster - setNWBoosterIndicators(false)
D/STATUSBAR-NetworkController( 1083): refreshSignalCluster: data=0 bt=false
D/STATUSBAR-IconMerger( 1083): checkOverflow(360), More:false, Req:false Child:5
E/Watchdog(  722): !@Sync 3718
E/SMD     (  253): DCD ON
D/STATUSBAR-NetworkController( 1083): refreshSignalCluster - setNWBoosterIndicators(false)
D/STATUSBAR-NetworkController( 1083): refreshSignalCluster: data=0 bt=false
D/STATUSBAR-IconMerger( 1083): checkOverflow(360), More:false, Req:false Child:5
W/WifiP2pStateTracker(  722): WifiP2pStateReceiver : android.net.wifi.LINK_CONFIGURATION_CHANGED
W/WifiP2pStateTracker(  722): WifiP2pStateReceiver : android.net.wifi.LINK_CONFIGURATION_CHANGED
D/ConnectivityService(  722): handleConnectivityChange: address are the same reset per doReset linkProperty[1]: resetMask=0
D/ConnectivityService(  722): handleConnectivityChange: setting default proxy info 
D/ConnectivityService(  722): updateSourceRoutes : no source routing conditions
D/dalvikvm(  722): GC_CONCURRENT freed 8214K, 21% free 63815K/79812K, paused 15ms+9ms, total 216ms
D/dalvikvm(  722): WAIT_FOR_CONCURRENT_GC blocked 192ms
D/ConnectivityService(  722): handleConnectivityChange: address are the same reset per doReset linkProperty[1]: resetMask=0
D/ConnectivityService(  722): handleConnectivityChange: setting default proxy info 
D/ConnectivityService(  722): updateSourceRoutes : no source routing conditions
D/STATUSBAR-NetworkController( 1083): refreshSignalCluster - setNWBoosterIndicators(false)
D/STATUSBAR-NetworkController( 1083): refreshSignalCluster: data=0 bt=false
D/STATUSBAR-IconMerger( 1083): checkOverflow(360), More:false, Req:false Child:5
D/BatteryService(  722): level:27, scale:100, status:2, health:2, present:true, voltage: 3817, temperature: 259, technology: Li-ion, AC powered:false, USB powered:true, Wireless powered:false, icon:17303542, invalid charger:0, online:4, current avg:450, charge type:1, power sharing:false
D/BatteryService(  722): Sending ACTION_BATTERY_CHANGED.
D/KeyguardUpdateMonitor( 1083): received broadcast android.intent.action.BATTERY_CHANGED
D/KeyguardUpdateMonitor( 1083): handleBatteryUpdate
D/UiModeManager(  722): mCoverManager.getCoverState() : true
D/CMASMessage( 1083): [update] mShowingCMASText is false
D/CMASMessage( 1083): CMASIcon was GONE : 
D/CMASMessage( 1083): [update] mShowingCMASText is false
D/CMASMessage( 1083): CMASIcon was GONE : 
D/STATUSBAR-PhoneStatusBar( 1083):  mBrightnessEnablebySettings = true mBrightnessEnablebyBattery = true mBrightnessEnablebyDisableFlag = true mPmsBrightnessEnablebySettings = true
D/BatteryMeterView( 1083): ACTION_BATTERY_CHANGED : level:27 status:2 health:2
D/STATUSBAR-IconMerger( 1083): checkOverflow(360), More:false, Req:false Child:5
D/SSRMv2:SIOP(  722): SIOP:: AP = 310, PST = 310, Delta = 0
E/SMD     (  253): DCD ON
D/STATUSBAR-NetworkController( 1083): refreshSignalCluster - setNWBoosterIndicators(false)
D/STATUSBAR-NetworkController( 1083): refreshSignalCluster: data=0 bt=false
D/STATUSBAR-IconMerger( 1083): checkOverflow(360), More:false, Req:false Child:5
D/AmoledAdjustTimer(  722): prevTemp = 260, currTemp = 259, prevStep = 4, currStep = 4
W/WifiP2pStateTracker(  722): WifiP2pStateReceiver : android.net.wifi.LINK_CONFIGURATION_CHANGED
W/WifiP2pStateTracker(  722): WifiP2pStateReceiver : android.net.wifi.LINK_CONFIGURATION_CHANGED
D/ConnectivityService(  722): handleConnectivityChange: address are the same reset per doReset linkProperty[1]: resetMask=0
D/ConnectivityService(  722): handleConnectivityChange: setting default proxy info 
D/ConnectivityService(  722): updateSourceRoutes : no source routing conditions
D/ConnectivityService(  722): handleConnectivityChange: address are the same reset per doReset linkProperty[1]: resetMask=0
D/ConnectivityService(  722): handleConnectivityChange: setting default proxy info 
D/ConnectivityService(  722): updateSourceRoutes : no source routing conditions
D/STATUSBAR-NetworkController( 1083): refreshSignalCluster - setNWBoosterIndicators(false)
D/STATUSBAR-NetworkController( 1083): refreshSignalCluster: data=0 bt=false
D/STATUSBAR-IconMerger( 1083): checkOverflow(360), More:false, Req:false Child:5
E/SMD     (  253): DCD ON
D/STATUSBAR-NetworkController( 1083): refreshSignalCluster - setNWBoosterIndicators(false)
D/STATUSBAR-NetworkController( 1083): refreshSignalCluster: data=0 bt=false
D/STATUSBAR-IconMerger( 1083): checkOverflow(360), More:false, Req:false Child:5
D/STATUSBAR-NetworkController( 1083): refreshSignalCluster - setNWBoosterIndicators(false)
D/STATUSBAR-NetworkController( 1083): refreshSignalCluster: data=0 bt=false
D/STATUSBAR-IconMerger( 1083): checkOverflow(360), More:false, Req:false Child:5
W/WifiP2pStateTracker(  722): WifiP2pStateReceiver : android.net.wifi.LINK_CONFIGURATION_CHANGED
W/WifiP2pStateTracker(  722): WifiP2pStateReceiver : android.net.wifi.LINK_CONFIGURATION_CHANGED
D/ConnectivityService(  722): handleConnectivityChange: address are the same reset per doReset linkProperty[1]: resetMask=0
D/ConnectivityService(  722): handleConnectivityChange: setting default proxy info 
D/ConnectivityService(  722): updateSourceRoutes : no source routing conditions
D/ConnectivityService(  722): handleConnectivityChange: address are the same reset per doReset linkProperty[1]: resetMask=0
D/ConnectivityService(  722): handleConnectivityChange: setting default proxy info 
D/ConnectivityService(  722): updateSourceRoutes : no source routing conditions
E/SMD     (  253): DCD ON
D/STATUSBAR-NetworkController( 1083): refreshSignalCluster - setNWBoosterIndicators(false)
D/STATUSBAR-NetworkController( 1083): refreshSignalCluster: data=0 bt=false
D/STATUSBAR-IconMerger( 1083): checkOverflow(360), More:false, Req:false Child:5
W/WifiP2pStateTracker(  722): WifiP2pStateReceiver : android.net.wifi.LINK_CONFIGURATION_CHANGED
W/WifiP2pStateTracker(  722): WifiP2pStateReceiver : android.net.wifi.LINK_CONFIGURATION_CHANGED
D/ConnectivityService(  722): handleConnectivityChange: address are the same reset per doReset linkProperty[1]: resetMask=0
D/ConnectivityService(  722): handleConnectivityChange: setting default proxy info 
D/ConnectivityService(  722): updateSourceRoutes : no source routing conditions
D/ConnectivityService(  722): handleConnectivityChange: address are the same reset per doReset linkProperty[1]: resetMask=0
D/ConnectivityService(  722): handleConnectivityChange: setting default proxy info 
D/ConnectivityService(  722): updateSourceRoutes : no source routing conditions
D/STATUSBAR-NetworkController( 1083): refreshSignalCluster - setNWBoosterIndicators(false)
D/STATUSBAR-NetworkController( 1083): refreshSignalCluster: data=0 bt=false
D/STATUSBAR-IconMerger( 1083): checkOverflow(360), More:false, Req:false Child:5
E/SMD     (  253): DCD ON
D/STATUSBAR-NetworkController( 1083): refreshSignalCluster - setNWBoosterIndicators(false)
D/STATUSBAR-NetworkController( 1083): refreshSignalCluster: data=0 bt=false
D/STATUSBAR-IconMerger( 1083): checkOverflow(360), More:false, Req:false Child:5
D/BatteryService(  722): level:27, scale:100, status:2, health:2, present:true, voltage: 3846, temperature: 259, technology: Li-ion, AC powered:false, USB powered:true, Wireless powered:false, icon:17303542, invalid charger:0, online:4, current avg:450, charge type:1, power sharing:false
D/BatteryService(  722): Sending ACTION_BATTERY_CHANGED.
D/KeyguardUpdateMonitor( 1083): received broadcast android.intent.action.BATTERY_CHANGED
D/KeyguardUpdateMonitor( 1083): handleBatteryUpdate
D/CMASMessage( 1083): [update] mShowingCMASText is false
D/CMASMessage( 1083): CMASIcon was GONE : 
D/CMASMessage( 1083): [update] mShowingCMASText is false
D/UiModeManager(  722): mCoverManager.getCoverState() : true
D/CMASMessage( 1083): CMASIcon was GONE : 
D/STATUSBAR-PhoneStatusBar( 1083):  mBrightnessEnablebySettings = true mBrightnessEnablebyBattery = true mBrightnessEnablebyDisableFlag = true mPmsBrightnessEnablebySettings = true
D/BatteryMeterView( 1083): ACTION_BATTERY_CHANGED : level:27 status:2 health:2
D/STATUSBAR-IconMerger( 1083): checkOverflow(360), More:false, Req:false Child:5
D/SSRMv2:SIOP(  722): SIOP:: AP = 310, PST = 310, Delta = 0
D/AmoledAdjustTimer(  722): prevTemp = 259, currTemp = 259, prevStep = 4, currStep = 4
W/WifiP2pStateTracker(  722): WifiP2pStateReceiver : android.net.wifi.LINK_CONFIGURATION_CHANGED
W/WifiP2pStateTracker(  722): WifiP2pStateReceiver : android.net.wifi.LINK_CONFIGURATION_CHANGED
D/ConnectivityService(  722): handleConnectivityChange: address are the same reset per doReset linkProperty[1]: resetMask=0
D/ConnectivityService(  722): handleConnectivityChange: setting default proxy info 
D/ConnectivityService(  722): updateSourceRoutes : no source routing conditions
D/ConnectivityService(  722): handleConnectivityChange: address are the same reset per doReset linkProperty[1]: resetMask=0
D/ConnectivityService(  722): handleConnectivityChange: setting default proxy info 
D/ConnectivityService(  722): updateSourceRoutes : no source routing conditions
D/STATUSBAR-NetworkController( 1083): refreshSignalCluster - setNWBoosterIndicators(false)
D/STATUSBAR-NetworkController( 1083): refreshSignalCluster: data=0 bt=false
D/STATUSBAR-IconMerger( 1083): checkOverflow(360), More:false, Req:false Child:5
E/SMD     (  253): DCD ON
