I/ServiceKeeper(  722): In getappinfo pid = 722 pkgName = android appinfo = null
I/ServiceKeeper(  722): In getseinfo pid = 722 uid = 1000 seinfo= system
I/ServiceKeeper(  722): In getappinfo pid = 722 pkgName = android appinfo = null
I/ServiceKeeper(  722): In getseinfo pid = 722 uid = 1000 seinfo= system
I/ServiceKeeper(  722): In getappinfo pid = 722 pkgName = android appinfo = null
I/ServiceKeeper(  722): In getseinfo pid = 722 uid = 1000 seinfo= system
I/ServiceKeeper(  722): In getappinfo pid = 722 pkgName = android appinfo = null
I/ServiceKeeper(  722): In getseinfo pid = 722 uid = 1000 seinfo= system
I/ServiceKeeper(  722): In getappinfo pid = 722 pkgName = android appinfo = null
I/ServiceKeeper(  722): In getseinfo pid = 722 uid = 1000 seinfo= system
I/ServiceKeeper(  722): In getappinfo pid = 722 pkgName = android appinfo = null
I/ServiceKeeper(  722): In getseinfo pid = 722 uid = 1000 seinfo= system
I/ServiceKeeper(  722): In getappinfo pid = 722 pkgName = android appinfo = null
I/ServiceKeeper(  722): In getseinfo pid = 722 uid = 1000 seinfo= system
I/ServiceKeeper(  722): In getappinfo pid = 722 pkgName = android appinfo = null
I/ServiceKeeper(  722): In getseinfo pid = 722 uid = 1000 seinfo= system
I/ServiceKeeper(  722): In getappinfo pid = 722 pkgName = android appinfo = null
I/ServiceKeeper(  722): In getseinfo pid = 722 uid = 1000 seinfo= system
I/ServiceKeeper(  722): In getappinfo pid = 722 pkgName = android appinfo = null
I/ServiceKeeper(  722): In getseinfo pid = 722 uid = 1000 seinfo= system
I/ServiceKeeper(  722): In getappinfo pid = 722 pkgName = android appinfo = null
I/ServiceKeeper(  722): In getseinfo pid = 722 uid = 1000 seinfo= system
I/ServiceKeeper(  722): In getappinfo pid = 722 pkgName = android appinfo = null
I/ServiceKeeper(  722): In getseinfo pid = 722 uid = 1000 seinfo= system
I/ServiceKeeper(  722): In getappinfo pid = 722 pkgName = android appinfo = null
I/ServiceKeeper(  722): In getseinfo pid = 722 uid = 1000 seinfo= system
I/ServiceKeeper(  722): In getappinfo pid = 722 pkgName = android appinfo = null
I/ServiceKeeper(  722): In getseinfo pid = 722 uid = 1000 seinfo= system
I/ServiceKeeper(  722): In getappinfo pid = 722 pkgName = android appinfo = null
I/ServiceKeeper(  722): In getseinfo pid = 722 uid = 1000 seinfo= system
I/ServiceKeeper(  722): In getappinfo pid = 722 pkgName = android appinfo = null
I/ServiceKeeper(  722): In getseinfo pid = 722 uid = 1000 seinfo= system
I/ServiceKeeper(  722): In getappinfo pid = 722 pkgName = android appinfo = null
I/ServiceKeeper(  722): In getseinfo pid = 722 uid = 1000 seinfo= system
I/ServiceKeeper(  722): In getappinfo pid = 722 pkgName = android appinfo = null
I/ServiceKeeper(  722): In getseinfo pid = 722 uid = 1000 seinfo= system
I/ServiceKeeper(  722): In getappinfo pid = 722 pkgName = android appinfo = null
I/ServiceKeeper(  722): In getseinfo pid = 722 uid = 1000 seinfo= system
I/ServiceKeeper(  722): In getappinfo pid = 722 pkgName = android appinfo = null
I/ServiceKeeper(  722): In getseinfo pid = 722 uid = 1000 seinfo= system
I/ServiceKeeper(  722): In getappinfo pid = 722 pkgName = android appinfo = null
I/ServiceKeeper(  722): In getseinfo pid = 722 uid = 1000 seinfo= system
D/ChimeraCfgMgr(20156): Loading module com.google.android.gms.cast from APK com.google.android.gms
D/MdnsClient(20156): Multicast lock held. Releasing
I/ServiceKeeper(  722): In getappinfo pid = 722 pkgName = android appinfo = null
I/ServiceKeeper(  722): In getseinfo pid = 722 uid = 1000 seinfo= system
E/SMD     (  253): DCD ON
E/SMD     (  253): DCD ON
D/KeyguardUpdateMonitor( 1083): received broadcast android.intent.action.BATTERY_CHANGED
D/KeyguardUpdateMonitor( 1083): handleBatteryUpdate
D/CMASMessage( 1083): [update] mShowingCMASText is false
D/CMASMessage( 1083): CMASIcon was GONE : 
D/CMASMessage( 1083): [update] mShowingCMASText is false
D/CMASMessage( 1083): CMASIcon was GONE : 
E/SMD     (  253): DCD ON
E/SMD     (  253): DCD ON
D/dalvikvm(  722): GC_CONCURRENT freed 8106K, 20% free 64072K/79812K, paused 21ms+12ms, total 229ms
D/dalvikvm(  722): WAIT_FOR_CONCURRENT_GC blocked 198ms
D/dalvikvm(  722): WAIT_FOR_CONCURRENT_GC blocked 146ms
E/SMD     (  253): DCD ON
D/KeyguardUpdateMonitor( 1083): received broadcast android.intent.action.BATTERY_CHANGED
D/KeyguardUpdateMonitor( 1083): handleBatteryUpdate
D/CMASMessage( 1083): [update] mShowingCMASText is false
D/CMASMessage( 1083): CMASIcon was GONE : 
D/CMASMessage( 1083): [update] mShowingCMASText is false
D/CMASMessage( 1083): CMASIcon was GONE : 
E/SMD     (  253): DCD ON
W/PersonaManager(  722): getPersonaIds()
I/ServiceKeeper(  722): In getappinfo pid = 722 pkgName = android appinfo = null
I/ServiceKeeper(  722): In getseinfo pid = 722 uid = 1000 seinfo= system
D/KeyguardUpdateMonitor( 1083): received broadcast android.intent.action.TIME_TICK
D/KeyguardUpdateMonitor( 1083): handleTimeUpdate
D/daemonapp( 1669): [MSC_Daemon]>>> WU:237 [0:0] regintype : NA
D/daemonapp( 1669): [MSC_Daemon]>>> WU:288 [0:0] cp type is : cp_eng
I/ServiceKeeper(  722): In getappinfo pid = 722 pkgName = android appinfo = null
I/ServiceKeeper(  722): In getseinfo pid = 722 uid = 1000 seinfo= system
E/SMD     (  253): DCD ON
E/SMD     (  253): DCD ON
E/SMD     (  253): DCD ON
W/PersonaManager(  722): getPersonaIds()
W/PersonaManager(  722): getPersonaIds()
I/ServiceKeeper(  722): In getappinfo pid = 722 pkgName = android appinfo = null
I/ServiceKeeper(  722): In getseinfo pid = 722 uid = 1000 seinfo= system
I/ServiceKeeper(  722): In getappinfo pid = 722 pkgName = android appinfo = null
I/ServiceKeeper(  722): In getseinfo pid = 722 uid = 1000 seinfo= system
I/ServiceKeeper(  722): In getappinfo pid = 722 pkgName = android appinfo = null
I/ServiceKeeper(  722): In getseinfo pid = 722 uid = 1000 seinfo= system
I/ServiceKeeper(  722): In getappinfo pid = 722 pkgName = android appinfo = null
I/ServiceKeeper(  722): In getseinfo pid = 722 uid = 1000 seinfo= system
I/ServiceKeeper(  722): In getappinfo pid = 722 pkgName = android appinfo = null
I/ServiceKeeper(  722): In getseinfo pid = 722 uid = 1000 seinfo= system
I/ServiceKeeper(  722): In getappinfo pid = 722 pkgName = android appinfo = null
I/ServiceKeeper(  722): In getseinfo pid = 722 uid = 1000 seinfo= system
D/KeyguardUpdateMonitor( 1083): received broadcast android.intent.action.BATTERY_CHANGED
D/KeyguardUpdateMonitor( 1083): handleBatteryUpdate
D/CMASMessage( 1083): [update] mShowingCMASText is false
D/CMASMessage( 1083): CMASIcon was GONE : 
D/CMASMessage( 1083): [update] mShowingCMASText is false
D/CMASMessage( 1083): CMASIcon was GONE : 
D/dalvikvm(  722): GC_CONCURRENT freed 8301K, 20% free 63963K/79812K, paused 7ms+10ms, total 224ms
D/dalvikvm(  722): WAIT_FOR_CONCURRENT_GC blocked 132ms
D/dalvikvm(  722): WAIT_FOR_CONCURRENT_GC blocked 107ms
D/dalvikvm(  722): WAIT_FOR_CONCURRENT_GC blocked 209ms
D/dalvikvm(  722): WAIT_FOR_CONCURRENT_GC blocked 51ms
D/dalvikvm(  722): WAIT_FOR_CONCURRENT_GC blocked 146ms
I/ServiceKeeper(  722): In getappinfo pid = 722 pkgName = android appinfo = null
I/ServiceKeeper(  722): In getseinfo pid = 722 uid = 1000 seinfo= system
I/ServiceKeeper(  722): In getappinfo pid = 722 pkgName = android appinfo = null
I/ServiceKeeper(  722): In getseinfo pid = 722 uid = 1000 seinfo= system
E/SMD     (  253): DCD ON
E/SMD     (  253): DCD ON
E/SMD     (  253): DCD ON
D/KeyguardUpdateMonitor( 1083): received broadcast android.intent.action.BATTERY_CHANGED
D/KeyguardUpdateMonitor( 1083): handleBatteryUpdate
D/CMASMessage( 1083): [update] mShowingCMASText is false
D/CMASMessage( 1083): CMASIcon was GONE : 
D/CMASMessage( 1083): [update] mShowingCMASText is false
D/CMASMessage( 1083): CMASIcon was GONE : 
E/SMD     (  253): DCD ON
D/InputReader(  722): Input event: value=1
I/InputReader(  722): Touch event's action is 0x0 (deviceType=0) [pCnt=1, s=0.6660 ] when=111231039538000
I/InputDispatcher(  722): Delivering touch to: action: 0x4, toolType: 1
I/InputDispatcher(  722): Delivering touch to: action: 0x0, toolType: 1
I/InputDispatcher(  722): Delivering touch to: action: 0x0, toolType: 1
E/lights  (  722): write_int failed to open -1
I/ServiceKeeper(  722): In getappinfo pid = 722 pkgName = android appinfo = null
I/ServiceKeeper(  722): In getseinfo pid = 722 uid = 1000 seinfo= system
D/lights  (  722): lcd : 46 +
D/lights  (  722): lcd : 46 -
D/lights  (  722): lcd : 79 +
D/lights  (  722): lcd : 79 -
D/lights  (  722): lcd : 112 +
D/lights  (  722): lcd : 112 -
D/lights  (  722): lcd : 123 +
D/lights  (  722): lcd : 123 -
E/SMD     (  253): DCD ON
I/InputReader(  722): Touch event's action is 0x1 (deviceType=0) [pCnt=1, s=1.6661 ] when=111231314108000
I/InputReader(  722): Touch event's action is 0x0 (deviceType=0) [pCnt=1, s=1.6661 ] when=111231314108000
I/InputDispatcher(  722): Delivering touch to: action: 0x1, toolType: 1
I/InputDispatcher(  722): Delivering touch to: action: 0x1, toolType: 1
I/InputDispatcher(  722): Delivering touch to: action: 0x4, toolType: 1
I/InputDispatcher(  722): Delivering touch to: action: 0x0, toolType: 1
I/InputDispatcher(  722): Delivering touch to: action: 0x0, toolType: 1
I/InputReader(  722): Touch event's action (MT) is 0x5 (deviceType=0) [pCnt=2, s=0.6662 1.6661 ] when=111231325340000
I/InputDispatcher(  722): Delivering touch to: action: 0x5, toolType: 1
I/InputDispatcher(  722): Delivering touch to: action: 0x5, toolType: 1
I/InputReader(  722): Touch event's action (MT) is 0x106 (deviceType=0) [pCnt=2, s=0.6662 ] when=111231347210000
I/InputDispatcher(  722): Delivering touch to: action: 0x106, toolType: 1
I/InputDispatcher(  722): Delivering touch to: action: 0x106, toolType: 1
D/InputReader(  722): Input event: value=0
I/InputReader(  722): Touch event's action is 0x1 (deviceType=0) [pCnt=1, s=] when=111231378311000
I/InputDispatcher(  722): Delivering touch to: action: 0x1, toolType: 1
I/InputDispatcher(  722): Delivering touch to: action: 0x1, toolType: 1
D/InputReader(  722): Input event: value=1
I/InputReader(  722): Touch event's action is 0x0 (deviceType=0) [pCnt=1, s=0.6663 ] when=111232224465000
I/InputDispatcher(  722): Delivering touch to: action: 0x4, toolType: 1
I/InputDispatcher(  722): Delivering touch to: action: 0x0, toolType: 1
I/InputDispatcher(  722): Delivering touch to: action: 0x0, toolType: 1
I/ServiceKeeper(  722): In getappinfo pid = 722 pkgName = android appinfo = null
I/ServiceKeeper(  722): In getseinfo pid = 722 uid = 1000 seinfo= system
D/InputReader(  722): Input event: value=0
I/InputReader(  722): Touch event's action is 0x1 (deviceType=0) [pCnt=1, s=] when=111232355092000
I/InputDispatcher(  722): Delivering touch to: action: 0x1, toolType: 1
I/InputDispatcher(  722): Delivering touch to: action: 0x1, toolType: 1
E/SMD     (  253): DCD ON
D/dalvikvm(  722): GC_CONCURRENT freed 8195K, 20% free 63959K/79812K, paused 20ms+10ms, total 225ms
D/dalvikvm(  722): WAIT_FOR_CONCURRENT_GC blocked 25ms
D/dalvikvm(  722): WAIT_FOR_CONCURRENT_GC blocked 197ms
D/dalvikvm(  722): WAIT_FOR_CONCURRENT_GC blocked 190ms
D/PackageManager(  722): queryIntentReceivers - Execution time: 192 ms
E/SMD     (  253): DCD ON
E/lights  (  722): write_int failed to open -1
W/PersonaManager(  722): getPersonaIds()
I/ServiceKeeper(  722): In getappinfo pid = 722 pkgName = android appinfo = null
I/ServiceKeeper(  722): In getseinfo pid = 722 uid = 1000 seinfo= system
W/PersonaManager(  722): getPersonaIds()
W/PersonaManager(  722): getPersonaIds()
W/PersonaManager(  722): getPersonaIds()
D/KeyguardUpdateMonitor( 1083): received broadcast android.intent.action.BATTERY_CHANGED
D/KeyguardUpdateMonitor( 1083): handleBatteryUpdate
D/CMASMessage( 1083): [update] mShowingCMASText is false
D/CMASMessage( 1083): CMASIcon was GONE : 
D/CMASMessage( 1083): [update] mShowingCMASText is false
D/CMASMessage( 1083): CMASIcon was GONE : 
I/ServiceKeeper(  722): In getappinfo pid = 722 pkgName = android appinfo = null
I/ServiceKeeper(  722): In getseinfo pid = 722 uid = 1000 seinfo= system
I/ServiceKeeper(  722): In getappinfo pid = 722 pkgName = android appinfo = null
I/ServiceKeeper(  722): In getseinfo pid = 722 uid = 1000 seinfo= system
I/ServiceKeeper(  722): In getappinfo pid = 722 pkgName = android appinfo = null
I/ServiceKeeper(  722): In getseinfo pid = 722 uid = 1000 seinfo= system
I/ServiceKeeper(  722): In getappinfo pid = 722 pkgName = android appinfo = null
I/ServiceKeeper(  722): In getseinfo pid = 722 uid = 1000 seinfo= system
I/ServiceKeeper(  722): In getappinfo pid = 722 pkgName = android appinfo = null
I/ServiceKeeper(  722): In getseinfo pid = 722 uid = 1000 seinfo= system
I/ServiceKeeper(  722): In getappinfo pid = 722 pkgName = android appinfo = null
I/ServiceKeeper(  722): In getseinfo pid = 722 uid = 1000 seinfo= system
I/libVoipEngineNative/EARLY( 5766): (6139/17fb) [virtual EStatus AndroidControllerDelegate::GetPersistentValue(const PooledString&, PooledString&):3700] JNI::<GetPersistentValue> 
I/ServiceKeeper(  722): In getappinfo pid = 722 pkgName = android appinfo = null
I/ServiceKeeper(  722): In getseinfo pid = 722 uid = 1000 seinfo= system
E/SMD     (  253): DCD ON
I/libVoipEngineNative/EARLY( 5766): (6139/17fb) [virtual void AndroidControllerDelegate::OnKeepaliveReply():1026] JNI<Callback>#OnKeepaliveReply (out)
E/SMD     (  253): DCD ON
I/Metrics:BatchTransmitte(14132): QueuePusher.sendBatches - Drained batch queue.; Number of NORMAL queue batches sent: 0
I/Metrics:BatchTransmitte(14132): QueuePusher.sendBatches - Drained batch queue.; Number of RESERVED_FOR_NON_ANONYMOUS_METRICS queue batches sent: 0
I/Metrics:BatchTransmitte(14132): QueuePusher.sendBatches - Drained batch queue.; Number of HIGH queue batches sent: 0
W/PersonaManager(  722): getPersonaIds()
I/ServiceKeeper(  722): In getappinfo pid = 722 pkgName = android appinfo = null
I/ServiceKeeper(  722): In getseinfo pid = 722 uid = 1000 seinfo= system
I/ServiceKeeper(  722): In getappinfo pid = 722 pkgName = android appinfo = null
I/ServiceKeeper(  722): In getseinfo pid = 722 uid = 1000 seinfo= system
I/ServiceKeeper(  722): In getappinfo pid = 722 pkgName = android appinfo = null
I/ServiceKeeper(  722): In getseinfo pid = 722 uid = 1000 seinfo= system
E/SMD     (  253): DCD ON
I/ServiceKeeper(  722): In getappinfo pid = 722 pkgName = android appinfo = null
I/ServiceKeeper(  722): In getseinfo pid = 722 uid = 1000 seinfo= system
E/SMD     (  253): DCD ON
D/KeyguardUpdateMonitor( 1083): received broadcast android.intent.action.BATTERY_CHANGED
D/KeyguardUpdateMonitor( 1083): handleBatteryUpdate
D/CMASMessage( 1083): [update] mShowingCMASText is false
D/CMASMessage( 1083): CMASIcon was GONE : 
D/CMASMessage( 1083): [update] mShowingCMASText is false
D/CMASMessage( 1083): CMASIcon was GONE : 
D/dalvikvm(  722): GC_CONCURRENT freed 8170K, 20% free 63978K/79812K, paused 9ms+10ms, total 225ms
D/dalvikvm(  722): WAIT_FOR_CONCURRENT_GC blocked 205ms
E/SMD     (  253): DCD ON
D/AbstractMetricsFactoryImpl(17701): record : No data points in metrics event
I/ServiceKeeper(  722): In getappinfo pid = 722 pkgName = android appinfo = null
I/ServiceKeeper(  722): In getseinfo pid = 722 uid = 1000 seinfo= system
D/AbstractMetricsFactoryImpl(17701): record : No data points in metrics event
E/SMD     (  253): DCD ON
E/SMD     (  253): DCD ON
E/SMD     (  253): DCD ON
I/TLC_TIMA_PKM_measure_kernel(  722): TIMA: response_id = 3
I/TLC_TIMA_PKM_measure_kernel(  722): TIMA: response ret = 0, result_ondemand = MSG=Kernel Verification Success;
I/ServiceKeeper(  722): In getappinfo pid = 722 pkgName = android appinfo = null
I/ServiceKeeper(  722): In getseinfo pid = 722 uid = 1000 seinfo= system
E/SMD     (  253): DCD ON
E/SMD     (  253): DCD ON
W/PersonaManager(  722): getPersonaIds()
I/ServiceKeeper(  722): In getappinfo pid = 722 pkgName = android appinfo = null
I/ServiceKeeper(  722): In getseinfo pid = 722 uid = 1000 seinfo= system
D/KeyguardUpdateMonitor( 1083): received broadcast android.intent.action.TIME_TICK
D/KeyguardUpdateMonitor( 1083): handleTimeUpdate
D/daemonapp( 1669): [MSC_Daemon]>>> WU:237 [0:0] regintype : NA
D/daemonapp( 1669): [MSC_Daemon]>>> WU:288 [0:0] cp type is : cp_eng
I/ServiceKeeper(  722): In getappinfo pid = 722 pkgName = android appinfo = null
I/ServiceKeeper(  722): In getseinfo pid = 722 uid = 1000 seinfo= system
D/dalvikvm( 1669): GC_CONCURRENT freed 2666K, 35% free 17518K/26940K, paused 14ms+2ms, total 63ms
D/dalvikvm(  722): GC_CONCURRENT freed 8229K, 20% free 63943K/79812K, paused 16ms+18ms, total 275ms
D/dalvikvm(  722): WAIT_FOR_CONCURRENT_GC blocked 251ms
D/dalvikvm(  722): WAIT_FOR_CONCURRENT_GC blocked 70ms
D/dalvikvm(  722): WAIT_FOR_CONCURRENT_GC blocked 122ms
E/SMD     (  253): DCD ON
D/KeyguardUpdateMonitor( 1083): received broadcast android.intent.action.BATTERY_CHANGED
D/KeyguardUpdateMonitor( 1083): handleBatteryUpdate
D/CMASMessage( 1083): [update] mShowingCMASText is false
D/CMASMessage( 1083): CMASIcon was GONE : 
D/CMASMessage( 1083): [update] mShowingCMASText is false
D/CMASMessage( 1083): CMASIcon was GONE : 
E/SMD     (  253): DCD ON
E/SMD     (  253): DCD ON
W/PersonaManager(  722): getPersonaIds()
I/ServiceKeeper(  722): In getappinfo pid = 722 pkgName = android appinfo = null
I/ServiceKeeper(  722): In getseinfo pid = 722 uid = 1000 seinfo= system
I/ServiceKeeper(  722): In getappinfo pid = 722 pkgName = android appinfo = null
I/ServiceKeeper(  722): In getseinfo pid = 722 uid = 1000 seinfo= system
E/SMD     (  253): DCD ON
D/KeyguardUpdateMonitor( 1083): received broadcast android.intent.action.BATTERY_CHANGED
D/KeyguardUpdateMonitor( 1083): handleBatteryUpdate
D/CMASMessage( 1083): [update] mShowingCMASText is false
D/CMASMessage( 1083): CMASIcon was GONE : 
D/CMASMessage( 1083): [update] mShowingCMASText is false
D/CMASMessage( 1083): CMASIcon was GONE : 
E/SMD     (  253): DCD ON
E/SmartFaceManager(  722): checkForSmartStay S
D/SmartFaceManager(  722): Sending smart-stay-framecount-reset: to service
I/ServiceKeeper(  722): In getappinfo pid = 722 pkgName = android appinfo = null
I/ServiceKeeper(  722): In getseinfo pid = 722 uid = 1000 seinfo= system
E/SecCamera-JNI-Java(  722): SecCamera.open()
E/SecCamera-JNI-Java(  722): SecCamera()
I/EDMNativeHelperService(  722): isCameraEnabled
E/CameraService(  264): getStatus: Invalid camera ID 11
E/CameraService(  264): orgID: 3 checkingID: 0 seems GOOD
E/CameraService(  264): orgID: 3 checkingID: 1 seems GOOD
E/CameraService(  264): orgID: 3 checkingID: 2 seems GOOD
E/CameraService(  264): orgID: 3 checkingID: 3 seems GOOD
E/CameraService(  264): orgID: 3 checkingID: 4 seems GOOD
W/QCamera2Factory(  264): getCameraInfo: E, camera_id = 1
W/QCamera2HWI(  264): __dbg: info->orientation : 90 rc = 0
W/QCamera2HWI(  264): __dbg: info->orientation : 270 rc = 0
W/QCamera2Factory(  264): getCameraInfo: X
W/QCamera2Factory(  264): getCameraInfo: E, camera_id = 1
W/QCamera2HWI(  264): __dbg: info->orientation : 90 rc = 0
W/QCamera2HWI(  264): __dbg: info->orientation : 270 rc = 0
W/QCamera2Factory(  264): getCameraInfo: X
V/CameraService(  264): updateStatus: Status has changed for camera ID 3 from 0x1 to 0x80000000
V/CameraService(  264): setCameraBusy cameraId=3
V/MediaPlayer(  264): constructor
V/MediaPlayerService(  264): Create new client(509) from pid 722, uid 1000, 
I/MediaPlayerFactory(  264): Can`t play mp3 and ogg file on NuPlayer , create Awesomeplayer.
V/MediaPlayerService(  264): player type = 3
V/AwesomePlayer(  264): setDefault
V/AwesomePlayer(  264): constructor
V/AwesomePlayer(  264): setDefault
V/AwesomePlayer(  264): reset_l()
V/AwesomePlayer(  264): notifyListner_l() msg (8-MEDIA_STOPPED), ext1 (0), ext2 (0)
V/AwesomePlayer(  264): cancelPlayerEvents (keepNotifications=0)
V/AwesomePlayer(  264): mAudioTrackVector clear
V/AwesomePlayer(  264): reset_l() mAudioPlayer successfully deleted
V/AwesomePlayer(  264): mSecMediaClock clear
V/StagefrightPlayer(  264): StagefrightPlayer
V/AwesomePlayer(  264): setListener
V/StagefrightPlayer(  264): initCheck
V/AwesomePlayer(  264): AwesomePlayer running on behalf of uid 1000
V/AudioSink(  264): AudioOutput(2087)
V/AwesomePlayer(  264): setAudioSink
V/AwesomePlayer(  264): reset_l()
V/AwesomePlayer(  264): notifyListner_l() msg (8-MEDIA_STOPPED), ext1 (0), ext2 (0)
V/MediaPlayerService(  264): [509] notify (0xb80b3c10, 8, 0, 0)
V/MediaPlayer(  264): message received msg=8, ext1=0, ext2=0
V/MediaPlayer(  264): notify(8, 0, 0) callback on disconnected mediaplayer
V/AwesomePlayer(  264): cancelPlayerEvents (keepNotifications=0)
V/AwesomePlayer(  264): mAudioTrackVector clear
V/AwesomePlayer(  264): reset_l() mAudioPlayer successfully deleted
V/AwesomePlayer(  264): mSecMediaClock clear
I/AwesomePlayer(  264): setDataSource_l(URL suppressed)
V/MediaPlayerService(  264): [509] setParameter(1604)
V/StagefrightPlayer(  264): setParameter(key=1604)
V/AwesomePlayer(  264): setParameter key (1604)
V/AwesomePlayer(  264): Current Contet PID : 722
V/MediaPlayerService(  264): [509] getParameter(1700)
V/MediaPlayer(  264): MediaPlayer::setAudioStreamType
V/MediaPlayer(  264): prepare
V/MediaPlayerService(  264): [509] setAudioStreamType(7)
V/MediaPlayerService(  264): [509] prepareAsync
V/AwesomePlayer(  264): prepareAsync
V/AwesomePlayer(  264): onPrepareAsyncEvent
I/SecMediaClock(  264): SecMediaClock constructor
I/SecMediaClock(  264): reset
V/AwesomePlayer(  264): finishSetDataSource_l
V/AwesomePlayer(  264): track of type 'audio/vorbis' does not publish bitrate
V/AwesomePlayer(  264): mBitrate = -1 bits/sec
V/AwesomePlayer(  264): current audio track index (0) is added to vector
V/AwesomePlayer(  264): setDataSource_l: Audio(1), Video(0)
I/AwesomePlayer(  264): AwesomePlayer::setDataSource_l():: This is not a DRM content
V/AwesomePlayer(  264): initAudioDecoder
V/AwesomePlayer(  264): checkOffloadExceptions is true
I/OMXCodec(  264): OMXCodec::Create mime (audio/vorbis), flags (0), matchComponentName ((null)), createEncoder (0)
I/OMXCodec(  264): Attempting to allocate OMX node 'OMX.google.vorbis.decoder'
I/OMX     (  264): mDispatchers.add
I/OMXCodec(  264): Successfully allocated OMX node 'OMX.google.vorbis.decoder'
I/OMXCodec(  264): >>>UHQA initOutputFormat 16
I/OMXCodec(  264): [OMX.google.vorbis.decoder] OMXCodec::start mState=1
I/OMXCodec(  264): [OMX.google.vorbis.decoder] allocating 4 buffers of size 8192 on input port
I/OMXCodec(  264): [OMX.google.vorbis.decoder] allocating 4 buffers of size 32768 on output port
I/OMXCodec(  264): [OMX.google.vorbis.decoder] Now Idle. Component sends idle done Event 
V/AwesomePlayer(  264): finishAsyncPrepare_l
V/AwesomePlayer(  264): notifyListner_l() msg (200-MEDIA_INFO), ext1 (973), ext2 (0)
V/MediaPlayerService(  264): [509] notify (0xb80b3c10, 200, 973, 0)
V/MediaPlayer(  264): message received msg=200, ext1=973, ext2=0
W/MediaPlayer(  264): info/warning (973, 0)
V/AwesomePlayer(  264): notifyListner_l() msg (5-MEDIA_SET_VIDEO_SIZE), ext1 (0), ext2 (0)
V/MediaPlayerService(  264): [509] notify (0xb80b3c10, 5, 0, 0)
V/MediaPlayer(  264): message received msg=5, ext1=0, ext2=0
V/MediaPlayer(  264): New video size 0 x 0
V/AwesomePlayer(  264): notifyListner_l() msg (1-MEDIA_PREPARED), ext1 (0), ext2 (0)
V/MediaPlayerService(  264): [509] notify (0xb80b3c10, 1, 0, 0)
V/MediaPlayer(  264): message received msg=1, ext1=0, ext2=0
V/MediaPlayer(  264): prepared
V/MediaPlayer(  264): signal application thread
V/MediaPlayer(  264): prepare complete - status=0
V/MediaPlayer(  264): constructor
V/MediaPlayerService(  264): Create new client(510) from pid 722, uid 1000, 
I/MediaPlayerFactory(  264): Can`t play mp3 and ogg file on NuPlayer , create Awesomeplayer.
V/MediaPlayerService(  264): player type = 3
V/AwesomePlayer(  264): setDefault
V/AwesomePlayer(  264): constructor
V/AwesomePlayer(  264): setDefault
V/AwesomePlayer(  264): reset_l()
V/AwesomePlayer(  264): notifyListner_l() msg (8-MEDIA_STOPPED), ext1 (0), ext2 (0)
V/AwesomePlayer(  264): cancelPlayerEvents (keepNotifications=0)
V/AwesomePlayer(  264): mAudioTrackVector clear
V/AwesomePlayer(  264): reset_l() mAudioPlayer successfully deleted
V/AwesomePlayer(  264): mSecMediaClock clear
V/StagefrightPlayer(  264): StagefrightPlayer
V/AwesomePlayer(  264): setListener
V/StagefrightPlayer(  264): initCheck
V/AwesomePlayer(  264): AwesomePlayer running on behalf of uid 1000
V/AudioSink(  264): AudioOutput(2088)
V/AwesomePlayer(  264): setAudioSink
V/AwesomePlayer(  264): reset_l()
V/AwesomePlayer(  264): notifyListner_l() msg (8-MEDIA_STOPPED), ext1 (0), ext2 (0)
V/MediaPlayerService(  264): [510] notify (0xb80ab378, 8, 0, 0)
V/MediaPlayer(  264): message received msg=8, ext1=0, ext2=0
V/MediaPlayer(  264): notify(8, 0, 0) callback on disconnected mediaplayer
V/AwesomePlayer(  264): cancelPlayerEvents (keepNotifications=0)
V/AwesomePlayer(  264): mAudioTrackVector clear
V/AwesomePlayer(  264): reset_l() mAudioPlayer successfully deleted
V/AwesomePlayer(  264): mSecMediaClock clear
I/AwesomePlayer(  264): setDataSource_l(URL suppressed)
V/MediaPlayerService(  264): [510] setParameter(1604)
V/StagefrightPlayer(  264): setParameter(key=1604)
V/AwesomePlayer(  264): setParameter key (1604)
V/AwesomePlayer(  264): Current Contet PID : 722
V/MediaPlayerService(  264): [510] getParameter(1700)
V/MediaPlayer(  264): MediaPlayer::setAudioStreamType
V/MediaPlayer(  264): prepare
V/MediaPlayerService(  264): [510] setAudioStreamType(7)
V/MediaPlayerService(  264): [510] prepareAsync
V/AwesomePlayer(  264): prepareAsync
V/AwesomePlayer(  264): onPrepareAsyncEvent
I/SecMediaClock(  264): SecMediaClock constructor
I/SecMediaClock(  264): reset
V/AwesomePlayer(  264): finishSetDataSource_l
V/AwesomePlayer(  264): track of type 'audio/vorbis' does not publish bitrate
V/AwesomePlayer(  264): mBitrate = -1 bits/sec
V/AwesomePlayer(  264): current audio track index (0) is added to vector
V/AwesomePlayer(  264): setDataSource_l: Audio(1), Video(0)
I/AwesomePlayer(  264): AwesomePlayer::setDataSource_l():: This is not a DRM content
V/AwesomePlayer(  264): initAudioDecoder
V/AwesomePlayer(  264): checkOffloadExceptions is true
I/OMXCodec(  264): OMXCodec::Create mime (audio/vorbis), flags (0), matchComponentName ((null)), createEncoder (0)
I/OMXCodec(  264): Attempting to allocate OMX node 'OMX.google.vorbis.decoder'
I/OMX     (  264): mDispatchers.add
I/OMXCodec(  264): Successfully allocated OMX node 'OMX.google.vorbis.decoder'
I/OMXCodec(  264): >>>UHQA initOutputFormat 16
I/OMXCodec(  264): [OMX.google.vorbis.decoder] OMXCodec::start mState=1
I/OMXCodec(  264): [OMX.google.vorbis.decoder] allocating 4 buffers of size 8192 on input port
I/OMXCodec(  264): [OMX.google.vorbis.decoder] allocating 4 buffers of size 32768 on output port
I/OMXCodec(  264): [OMX.google.vorbis.decoder] Now Idle. Component sends idle done Event 
V/AwesomePlayer(  264): finishAsyncPrepare_l
V/AwesomePlayer(  264): notifyListner_l() msg (200-MEDIA_INFO), ext1 (973), ext2 (0)
V/MediaPlayerService(  264): [510] notify (0xb80ab378, 200, 973, 0)
V/MediaPlayer(  264): message received msg=200, ext1=973, ext2=0
W/MediaPlayer(  264): info/warning (973, 0)
V/AwesomePlayer(  264): notifyListner_l() msg (5-MEDIA_SET_VIDEO_SIZE), ext1 (0), ext2 (0)
V/MediaPlayerService(  264): [510] notify (0xb80ab378, 5, 0, 0)
V/MediaPlayer(  264): message received msg=5, ext1=0, ext2=0
V/MediaPlayer(  264): New video size 0 x 0
V/AwesomePlayer(  264): notifyListner_l() msg (1-MEDIA_PREPARED), ext1 (0), ext2 (0)
V/MediaPlayerService(  264): [510] notify (0xb80ab378, 1, 0, 0)
V/MediaPlayer(  264): message received msg=1, ext1=0, ext2=0
V/MediaPlayer(  264): prepared
V/MediaPlayer(  264): signal application thread
V/MediaPlayer(  264): prepare complete - status=0
V/MediaPlayer(  264): constructor
V/MediaPlayerService(  264): Create new client(511) from pid 722, uid 1000, 
I/MediaPlayerFactory(  264): Can`t play mp3 and ogg file on NuPlayer , create Awesomeplayer.
V/MediaPlayerService(  264): player type = 3
V/AwesomePlayer(  264): setDefault
V/AwesomePlayer(  264): constructor
V/AwesomePlayer(  264): setDefault
V/AwesomePlayer(  264): reset_l()
V/AwesomePlayer(  264): notifyListner_l() msg (8-MEDIA_STOPPED), ext1 (0), ext2 (0)
V/AwesomePlayer(  264): cancelPlayerEvents (keepNotifications=0)
V/AwesomePlayer(  264): mAudioTrackVector clear
V/AwesomePlayer(  264): reset_l() mAudioPlayer successfully deleted
V/AwesomePlayer(  264): mSecMediaClock clear
V/StagefrightPlayer(  264): StagefrightPlayer
V/AwesomePlayer(  264): setListener
V/StagefrightPlayer(  264): initCheck
V/AwesomePlayer(  264): AwesomePlayer running on behalf of uid 1000
V/AudioSink(  264): AudioOutput(2089)
V/AwesomePlayer(  264): setAudioSink
V/AwesomePlayer(  264): reset_l()
V/AwesomePlayer(  264): notifyListner_l() msg (8-MEDIA_STOPPED), ext1 (0), ext2 (0)
V/MediaPlayerService(  264): [511] notify (0xb804e4a8, 8, 0, 0)
V/MediaPlayer(  264): message received msg=8, ext1=0, ext2=0
V/MediaPlayer(  264): notify(8, 0, 0) callback on disconnected mediaplayer
V/AwesomePlayer(  264): cancelPlayerEvents (keepNotifications=0)
V/AwesomePlayer(  264): mAudioTrackVector clear
V/AwesomePlayer(  264): reset_l() mAudioPlayer successfully deleted
V/AwesomePlayer(  264): mSecMediaClock clear
I/AwesomePlayer(  264): setDataSource_l(URL suppressed)
V/MediaPlayerService(  264): [511] setParameter(1604)
V/StagefrightPlayer(  264): setParameter(key=1604)
V/AwesomePlayer(  264): setParameter key (1604)
V/AwesomePlayer(  264): Current Contet PID : 722
V/MediaPlayerService(  264): [511] getParameter(1700)
V/MediaPlayer(  264): MediaPlayer::setAudioStreamType
V/MediaPlayer(  264): prepare
V/MediaPlayerService(  264): [511] setAudioStreamType(7)
V/MediaPlayerService(  264): [511] prepareAsync
V/AwesomePlayer(  264): prepareAsync
V/AwesomePlayer(  264): onPrepareAsyncEvent
I/SecMediaClock(  264): SecMediaClock constructor
I/SecMediaClock(  264): reset
V/AwesomePlayer(  264): finishSetDataSource_l
V/AwesomePlayer(  264): track of type 'audio/vorbis' does not publish bitrate
V/AwesomePlayer(  264): mBitrate = -1 bits/sec
V/AwesomePlayer(  264): current audio track index (0) is added to vector
V/AwesomePlayer(  264): setDataSource_l: Audio(1), Video(0)
I/AwesomePlayer(  264): AwesomePlayer::setDataSource_l():: This is not a DRM content
V/AwesomePlayer(  264): initAudioDecoder
V/AwesomePlayer(  264): checkOffloadExceptions is true
I/OMXCodec(  264): OMXCodec::Create mime (audio/vorbis), flags (0), matchComponentName ((null)), createEncoder (0)
I/OMXCodec(  264): Attempting to allocate OMX node 'OMX.google.vorbis.decoder'
I/OMX     (  264): mDispatchers.add
I/OMXCodec(  264): Successfully allocated OMX node 'OMX.google.vorbis.decoder'
I/OMXCodec(  264): >>>UHQA initOutputFormat 16
I/OMXCodec(  264): [OMX.google.vorbis.decoder] OMXCodec::start mState=1
I/OMXCodec(  264): [OMX.google.vorbis.decoder] allocating 4 buffers of size 8192 on input port
I/OMXCodec(  264): [OMX.google.vorbis.decoder] allocating 4 buffers of size 32768 on output port
I/OMXCodec(  264): [OMX.google.vorbis.decoder] Now Idle. Component sends idle done Event 
V/AwesomePlayer(  264): finishAsyncPrepare_l
V/AwesomePlayer(  264): notifyListner_l() msg (200-MEDIA_INFO), ext1 (973), ext2 (0)
V/MediaPlayerService(  264): [511] notify (0xb804e4a8, 200, 973, 0)
V/MediaPlayer(  264): message received msg=200, ext1=973, ext2=0
W/MediaPlayer(  264): info/warning (973, 0)
V/AwesomePlayer(  264): notifyListner_l() msg (5-MEDIA_SET_VIDEO_SIZE), ext1 (0), ext2 (0)
V/MediaPlayerService(  264): [511] notify (0xb804e4a8, 5, 0, 0)
V/MediaPlayer(  264): message received msg=5, ext1=0, ext2=0
V/MediaPlayer(  264): New video size 0 x 0
V/AwesomePlayer(  264): notifyListner_l() msg (1-MEDIA_PREPARED), ext1 (0), ext2 (0)
V/MediaPlayerService(  264): [511] notify (0xb804e4a8, 1, 0, 0)
V/MediaPlayer(  264): message received msg=1, ext1=0, ext2=0
V/MediaPlayer(  264): prepared
V/MediaPlayer(  264): signal application thread
V/MediaPlayer(  264): prepare complete - status=0
V/CameraService(  264): startCameraOps: Start camera ops, package name = android, client UID = 1000
D/SecCameraCoreManager(  264): SecCameraCoreManager created: pid=264, cameraId=3
E/SecCameraCoreManager(  264): !@ cam: CaMeRa(3)
D/SecCameraCoreManager(  264): initialize
E/SecCameraCoreManager(  264): initialize1
I/SecCameraCoreManager(  264): Opening camera 1
W/QCamera2Factory(  264): cameraDeviceOpen : E
W/QCameraPostProc(  264): qcamera::QCameraOfflinePostProcessor::QCameraOfflinePostProcessor(qcamera::QCamera2HardwareInterface*): Create pffline pp object
I/QCamera2HWI(  264): [KPI Perf] openCamera: E
E/mm-camera-intf(  264): mm_camera_open:  begin
E/mm-camera-intf(  264): mm_camera_open: dev name = /dev/video3, cam_idx = 3
E/mm-camera(  279): server_process_hal_event:__DBG__ E event id=1
E/mm-camera(  279): server_process_bind_hal_ds:__DBG__ E
E/mm-camera(  279): mct_controller_new: __DBG__ session_idx=3
E/mm-camera-sensor(  279): module_sensor_start_session:1127 session 3
E/mm-camera-sensor(  279): sensor_load_library:81 s5k8b1yx : load from phone
E/mm-camera-sensor(  279): module_sensor_init_session:804 This is not have CC module.
E/mm-camera-sensor(  279): module_sensor_init_session:844 sensor position 1
E/mm-camera-sensor(  279): sensor_init:504 subdev name v4l-subdev19
E/mm-camera-sensor(  279): module_sensor_init_session:873 Sending companion load fw message
E/mm-camera-sensor(  279): module_sensor_init_session:883 This is not have CC module.
E/mm-camera-sensor(  279): sensor_write_init_settings:354 Start write sensor init setting
E/mm-camera-sensor(  279): sensor_write_init_settings:357 Sensor name : s5k8b1yx
E/mm-camera-sensor(  279): sensor_write_init_settings:376 8b1 sensor rev check
E/mm-camera-sensor(  279): sensor_write_init_settings:390 Sensor rev : 0x1
E/mm-camera-sensor(  279): sensor_write_init_settings:394 write sensor init data
E/mm-camera-sensor(  279): sensor_write_init_settings:456 8b1 EVT1 sensor
E/mm-camera-sensor(  279): sensor_write_init_settings:483 End write sensor init setting
E/camera-llv(  279): llv_init, E
E/mm-camera(  279): stats_module_start_session: E, kur sessionid=3, module=0xb7636948
E/mm-camera(  279): aec_module_start_session E kur module 0xb7636a38 sessionid=196608
E/AEC_PORT(  279): aec_port_init kur aec should be initialized
E/mm-camera(  279): stats_port_init: E
E/mm-camera(  279): stats_port_init: X
E/mm-camera(  279): cpp_module_start_session:266, info: starting session 3
E/mm-camera(  279): cpp_module_start_session:310, info: cpp_thread created.
E/mm-camera(  279): cpp_module_start_session:313, info: session 3 started.
E/mm-camera(  279): c2d_module_start_session:218, info: starting session 3
E/mm-camera(  279): cpp_thread_func:55: cpp_thread entering the polling loop...
E/mm-camera(  279): c2d_thread_func:39: c2d_thread entering the polling loop...
E/mm-camera(  279): c2d_module_start_session:256, info: c2d_thread created.
E/mm-camera(  279): c2d_module_start_session:278, info: session 3 started.
E/mm-camera-img(  279): module_imglib_msg_thread: __ZZZZ__: E
E/mm-camera-img(  279): module_imglib_msg_thread:62 abort 0
E/mm-camera-img(  279): module_imglib_msg_thread:98] MOD_IMG_MSG_ANY
E/mm-camera(  279): module_cac_client_allocate_cac_buffer:47] E ref_count 0
E/mm-camera-img(  279): cac3_comp_alloc:1121] ptr 0xb56fc370
E/mm-camera-sensor(  279): module_sensor_get_session_data:5462 session 3
E/mm-camera(  279): stats_module_set_session: E,kur sessionid=0x3, module=0xb7636948
E/mm-camera(  279): aec_module_set_session E kur module 0xb7636a38 sessionid=196608
E/AEC_PORT(  279): aec_port_load_lib kur E 1
E/mm-camera-img(  279): module_imglib_msg_thread: __ZZZZ__: E
E/AEC_PORT(  279): aec_port_load_lib kur libptr 0x0 session_id 3
E/mm-camera(  279): aec_load_function: kur loading aec
E/mm-camera-img(  279): module_imglib_msg_thread:62 abort 0
E/mm-camera(  279): awb_module_set_session E kur module 0xb7636aa8 sessionid=196608
E/mm-camera(  279): awb_port_load_lib: kur session =0x30000, loading awb
E/mm-camera(  279): af_module_set_session E kur module 0xb7636b18 sessionid=196608
E/AF_PORT (  279): kur init qcom af
E/mm-camera(  279): server_process_hal_event:__DBG__ X sucess event id=1
E/mm-camera-intf(  264): mm_camera_open:  opened, break out while loop
E/mm-camera-intf(  264): mm_camera_socket_create: socket_fd =68
E/libaprpmem(  279): 
E/libaprpmem(  279):  Ion allocation success virtaddr : ret=3000045568 fd=29 heapid=1048576
E/cac3    (  279):  [cac3_buffer_latency] Allocated 0xb2d11000, mem size 3997696 bytes from ION Heap ID 20: 21 ms 
E/cac3    (  279):  [cac3_buffer_latency] memset for mem size 3997696 bytes: 12 ms 
E/libaprpmem(  279): 
E/libaprpmem(  279):  Ion allocation success virtaddr : ret=2992054272 fd=31 heapid=1048576
E/cac3    (  279):  [cac3_buffer_latency] Allocated 0xb2572000, mem size 7991296 bytes from ION Heap ID 20: 10 ms 
E/qomx_image_core(  264): OMX_Init:84] Complete 1
E/cac3    (  279):  [cac3_buffer_latency] memset for mem size 7991296 bytes: 10 ms 
I/Thermal-Lib(  264): Thermal-Lib-Client: Registraion successful for camera with handle:1
I/Thermal-Lib(  264): Thermal-Lib-Client: Registraion successful for camcorder with handle:2
I/ThermalEngine(  281): Thermal-Server: Adding thermal event listener on fd 10
I/Thermal-Lib(  264): Thermal-Lib-Client: Client received msg camera 0
W/QCamera2HWI(  264): thermalEvtHandle: level = 0, userdata = 0x0, data = 0x0
I/Thermal-Lib(  264): Thermal-Lib-Client: Client received msg camcorder 0
E/QCameraStateMachine(  264): int32_t qcamera::QCameraStateMachine::procEvtPreviewStoppedState(qcamera::qcamera_sm_evt_enum_t, void*): cannot handle evt(31) in state(0)
W/QCamera2HWI(  264): thermalEvtHandle: level = 0, userdata = 0x0, data = 0x0
E/QCameraStateMachine(  264): int32_t qcamera::QCameraStateMachine::procEvtPreviewStoppedState(qcamera::qcamera_sm_evt_enum_t, void*): cannot handle evt(31) in state(0)
E/libaprpmem(  279): 
E/libaprpmem(  279):  Ion allocation success virtaddr : ret=2984062976 fd=32 heapid=1048576
E/cac3    (  279):  [cac3_buffer_latency] Allocated 0xb1dd3000, mem size 7991296 bytes from ION Heap ID 20: 8 ms 
I/QCameraParameters(  264): initDefaultParameters: supported preview sizes: 1920x1080,1440x1080,1280x720,1056x864,960x720,720x480,640x480,352x288,320x240,176x144
I/QCameraParameters(  264): set Default prview sizes : 1920x1080
I/QCameraParameters(  264): initDefaultParameters: supported video sizes: 1920x1080,1440x1080,1280x720,960x720,800x450,720x480,640x480,352x288,320x240,176x144
I/QCameraParameters(  264): initDefaultParameters: supported live snapshot sizes: 1920x1080,1440x1080,1280x768,1280x720,1024x768,800x600,800x480,800x450,720x480,640x480,352x288,320x240,176x144
W/QCameraParameters(  264): KEY_SUPPORTED_PREVIEW_FPS_RANGE = (7000,30000)
W/QCameraParameters(  264): [PARM_DBG] Setting focus mode fixed
W/QCameraParameters(  264): [PARM_DBG] zoom_level = 0
W/QCameraParameters(  264): [PARM_DBG] Denoise enable=1, plates=0
W/QCameraParameters(  264): [PARM_DBG] m_bVisionMode = 0
E/mm-camera(  279): server_process_hal_event:__DBG__ E event id=3
E/mm-camera(  279): server_process_hal_event:__DBG__ X sucess event id=3
E/mm-camera(  279): mct_pipeline_process_set:command=800000e
W/QCameraParameters(  264): [PARM_DBG] setNumOfSnapshot : nBurstNum = 1, nExpnum = 1
I/QCamera2HWI(  264): [KPI Perf] openCamera: X
W/QCamera2Factory(  264): cameraDeviceOpen : X
E/SecCameraCoreManager(  264): initialize2
I/ShotCommon(  264): ShotCommon created: pid=264
V/SecCameraCoreManager(  264): getParameters(1)
E/cac3    (  279):  [cac3_buffer_latency] memset for mem size 7991296 bytes: 8 ms 
I/ShotCommon(  264): Preview width(1920), height(1080)
I/ShotCommon(  264): Preview color format [yuv420sp]
I/ShotCommon(  264): Picture width(1920), height(1080)
I/ShotCommon(  264): Picture color format [jpeg]
W/QCamera2HWI(  264): enable_msg_type : E, msg type 3085
W/QCamera2HWI(  264): enable_msg_type : X
I/ShotSingle(  264): ShotSingle created: pid=264
V/ShotSingle(  264): sendCommand(1)
W/QCamera2HWI(  264): [KPI Perf] send_command: E
W/QCamera2HWI(  264): [KPI Perf] send_command: X
W/QCamera2HWI(  264): enable_msg_type : E, msg type 3085
W/QCamera2HWI(  264): enable_msg_type : X
D/SecCameraCoreManager(  264): setCallbacks
V/ShotSingle(  264): setCallbacks(1)
W/QCamera2HWI(  264): set_CallBacks : E
W/QCamera2HWI(  264): set_CallBacks : X
D/SecCameraCoreManager(  264): enableMsgType: 0xc0d
W/QCamera2HWI(  264): enable_msg_type : E, msg type 3085
W/QCamera2HWI(  264): enable_msg_type : X
W/QCamera2Factory(  264): getCameraInfo: E, camera_id = 1
W/QCamera2HWI(  264): __dbg: info->orientation : 90 rc = 0
W/QCamera2HWI(  264): __dbg: info->orientation : 270 rc = 0
W/QCamera2Factory(  264): getCameraInfo: X
I/QCamera2HWI(  264): cbNotifyRoutine: E
D/SecCameraCoreManager(  264): getParameters
V/SecCameraCoreManager(  264): getParameters(1)
E/libaprpmem(  279): 
E/libaprpmem(  279):  Ion allocation success virtaddr : ret=2975645696 fd=34 heapid=1048576
E/cac3    (  279):  [cac3_buffer_latency] Allocated 0xb15cc000, mem size 8417280 bytes from ION Heap ID 20: 8 ms 
E/cac3    (  279):  [cac3_buffer_latency] memset for mem size 8417280 bytes: 9 ms 
V/ShotSingle(  264): setParameters(1)
W/QCamera2HWI(  264): [KPI Perf] set_parameters: E
W/QCameraParameters(  264): updateParameters : E - mCameraId=1, line=4321
W/QCameraParameters(  264): [FW_DBG] setFirmwareMode: none
W/QCameraParameters(  264): [PARM_DBG] Requested preview size 480 x 272
W/QCameraParameters(  264): System can't find preview size requested from support size: 480x272
W/QCameraParameters(  264): But the size allowed for 3rd party or etc
W/QCameraParameters(  264): [PARM_DBG] dualrecording-hint : 0 m_FaceAE=1 Camera ID=1
W/QCameraParameters(  264): [PARM_DBG] Requested video size 1920 x 1080
W/QCameraParameters(  264): [PARM_DBG] Requested picture size 1920 x 1080
W/QCameraParameters(  264): [PARM_DBG] Requested FOV 79.690002
W/QCameraParameters(  264): [PARM_DBG] requested jpeg thumbnail size 512 x 288
W/QCameraParameters(  264): [PARM_DBG] set optimal jpeg thumbnail size 512 x 288
W/QCameraParameters(  264): [PARM_DBG] m_bNoDisplayMode = 1
E/QCameraParameters(  264): setZslMode : VtMode=3, m_bVisionMode=0, ZSL OFF
I/QCameraParameters(  264): [PARM_DBG] Requested FpsRange Values:(15000, 30000)
I/QCameraParameters(  264): [PARM_DBG] FPS i=3 : minFps = 15000, maxFps = 30000 
W/QCameraParameters(  264): [PARM_DBG] flash mode = off
W/QCameraParameters(  264): [PARM_DBG] AEC lock = false
W/QCameraParameters(  264): [PARM_DBG] AWB lock = false
W/QCameraParameters(  264): [PARM_DBG] mHdrMode 0 mTakeLowlight 0
W/QCameraParameters(  264): [PARM_DBG] live snapshot size 1920 x 1080
W/QCameraParameters(  264): updateParameters : X - mCameraId=1, final_rc=0, line=4465
E/mm-camera(  279): server_process_hal_event:__DBG__ E event id=3
E/mm-camera(  279): server_process_hal_event:__DBG__ X sucess event id=3
E/mm-camera(  279): mct_pipeline_process_set:command=800000e
W/QCameraParameters(  264): [PARM_DBG] setNumOfSnapshot : nBurstNum = 1, nExpnum = 1
W/QCamera2HWI(  264): [KPI Perf] set_parameters : X, ret 0
E/libaprpmem(  279): 
E/libaprpmem(  279):  Ion allocation success virtaddr : ret=2971648000 fd=35 heapid=1048576
E/cac3    (  279):  [cac3_buffer_latency] Allocated 0xb11fc000, mem size 3997696 bytes from ION Heap ID 20: 5 ms 
D/SecCameraCoreManager(  264): enableMsgType: 0x10
W/QCamera2HWI(  264): enable_msg_type : E, msg type 16
W/QCamera2HWI(  264): enable_msg_type : X
D/SecCameraCoreManager(  264): previewEnabled
W/QCamera2HWI(  264): preview_enabled: E
W/QCamera2HWI(  264): preview_enabled: X, ret 0
D/SecCameraCoreManager(  264): setPreviewWindow
W/QCamera2HWI(  264): set_preview_window : E
W/QCamera2HWI(  264): set_preview_window : X, rc 0
D/SecCameraCoreManager(  264): startPreview
I/EDMNativeHelperService(  722): isCameraEnabled
D/SecCameraCoreManager(  264): virtual android::status_t android::SecCameraCoreManager::startPreview():start IT Policy checking thread
D/ShotSingle(  264): startPreview
V/SecCameraCoreManager(  264): getParameters(1)
E/cac3    (  279):  [cac3_buffer_latency] memset for mem size 3997696 bytes: 5 ms 
I/EDMNativeHelperService(  722): isCameraEnabled
V/ShotSingle(  264): startPreview(1)
W/QCamera2HWI(  264): [KPI Perf] start_preview: E
W/QCamera2HWI(  264): preparePreview: E mCameraId=1
E/QCamera2HWI(  264): getBufNumRequired : stream_type=6, bufferCnt=11
W/QCameraParameters(  264): getFlipMode: No flip mode for stream type 6
W/QCameraParameters(  264): [PARM_DBG] getFlipMode : the filp mode of stream type 6 is 0 .
E/QCamera2HWI(  264): getBufNumRequired : stream_type=6, bufferCnt=11
E/mm-camera(  279): server_process_hal_event:__DBG__ E event id=3
E/mm-camera(  279): server_process_hal_event:__DBG__ X sucess event id=3
E/mm-camera(  279): mct_pipeline_process_set:command=800000a
E/libaprpmem(  279): 
E/libaprpmem(  279):  Ion allocation success virtaddr : ret=2955665408 fd=36 heapid=1048576
E/cac3    (  279):  [cac3_buffer_latency] Allocated 0xb02be000, mem size 15982592 bytes from ION Heap ID 20: 14 ms 
E/mm-camera(  279): server_process_hal_event:__DBG__ E event id=3
E/mm-camera(  279): server_process_hal_event:__DBG__ X sucess event id=3
E/mm-camera(  279): mct_pipeline_process_set:command=8000012
E/mm-camera(  279): mct_stream_start_link:CAM_STREAM_TYPE_METADATA
E/mm-camera-intf(  264): mm_stream_get_v4l2_fmt: Unknown fmt=78
E/mm-camera(  279): server_process_hal_event:__DBG__ E event id=3
E/mm-camera(  279): server_process_hal_event:__DBG__ X sucess event id=3
E/mm-camera(  279): mct_pipeline_process_set:command=8000004
E/QCamera2HWI(  264): getBufNumRequired : stream_type=1, bufferCnt=7
W/QCameraParameters(  264): [PARM_DBG] getFlipMode : the filp mode of stream type 1 is 0 .
E/QCamera2HWI(  264): getBufNumRequired : stream_type=1, bufferCnt=7
E/mm-camera(  279): server_process_hal_event:__DBG__ E event id=3
E/mm-camera(  279): server_process_hal_event:__DBG__ X sucess event id=3
E/mm-camera(  279): mct_pipeline_process_set:command=800000a
E/mm-camera(  279): server_process_hal_event:__DBG__ E event id=3
E/mm-camera(  279): server_process_hal_event:__DBG__ X sucess event id=3
E/mm-camera(  279): mct_pipeline_process_set:command=8000012
E/mm-camera(  279): mct_stream_start_link: PREVIEW
E/mm-camera(  279): mct_stream_check_name:mod=sensor, name=sensor
E/mm-camera(  279): mct_stream_get_module: module: 0xb7622440
E/mm-camera(  279): mct_stream_start_link: sensor=0xb76213b0
E/mm-camera(  279): mct_stream_check_name:mod=sensor, name=iface
E/mm-camera(  279): mct_stream_check_name:mod=iface, name=iface
E/mm-camera(  279): mct_stream_get_module: module: 0xb761f868
E/mm-camera(  279): mct_stream_check_name:mod=sensor, name=isp
E/mm-camera(  279): mct_stream_check_name:mod=iface, name=isp
E/mm-camera(  279): mct_stream_check_name:mod=isp, name=isp
E/mm-camera(  279): mct_stream_get_module: module: 0xb7636920
E/mm-camera(  279): mct_stream_check_name:mod=sensor, name=stats
E/mm-camera(  279): mct_stream_check_name:mod=iface, name=stats
E/mm-camera(  279): mct_stream_check_name:mod=isp, name=stats
E/mm-camera(  279): mct_stream_check_name:mod=stats, name=stats
E/mm-camera(  279): mct_stream_get_module: module: 0xb7636e20
E/mm-camera(  279): mct_stream_check_name:mod=sensor, name=pproc
E/mm-camera(  279): mct_stream_check_name:mod=iface, name=pproc
E/mm-camera(  279): mct_stream_check_name:mod=isp, name=pproc
E/mm-camera(  279): mct_stream_check_name:mod=stats, name=pproc
E/mm-camera(  279): mct_stream_check_name:mod=pproc, name=pproc
E/mm-camera(  279): mct_stream_get_module: module: 0xb763ace8
E/mm-camera(  279): mct_stream_check_name:mod=sensor, name=faceproc
E/mm-camera(  279): mct_stream_check_name:mod=iface, name=faceproc
E/mm-camera(  279): mct_stream_check_name:mod=isp, name=faceproc
E/mm-camera(  279): mct_stream_check_name:mod=stats, name=faceproc
E/mm-camera(  279): mct_stream_check_name:mod=pproc, name=faceproc
E/mm-camera(  279): mct_stream_check_name:mod=faceproc, name=faceproc
E/mm-camera(  279): mct_stream_get_module: module: 0xb7641550
E/mm-camera-sensor(  279): port_sensor_caps_reserve:155 ide 30002 stream type 1 w*h 480*272
E/mm-camera-sensor(  279): port_sensor_ext_link_func:693 ide 30002
E/mm-camera(  279): isp_ch_util_add_channel: channel added: ch_idx = 0, user_stream_idx = 0, sessionid = 3, channel_id = 2, user_stream_idx_mask = 0x1
E/mm-camera(  279): pproc_port_sink_check_caps_reserve:828] error because caps Type:1 not supported.
E/mm-camera(  279): pproc_port_sink_check_caps_reserve:828] error because caps Type:1 not supported.
E/mm-camera(  279): pproc_port_sink_check_caps_reserve:828] error because caps Type:1 not supported.
E/mm-camera(  279): pproc_port_sink_check_caps_reserve:828] error because caps Type:1 not supported.
E/mm-camera(  279): pproc_port_sink_check_caps_reserve:828] error because caps Type:1 not supported.
E/mm-camera(  279): pproc_port_sink_check_caps_reserve:828] error because caps Type:1 not supported.
E/mm-camera(  279): pproc_port_sink_check_caps_reserve:828] error because caps Type:1 not supported.
E/mm-camera(  279): pproc_port_sink_check_caps_reserve:828] error because caps Type:1 not supported.
E/mm-camera(  279): pproc_port_sink_check_caps_reserve:828] error because caps Type:1 not supported.
E/mm-camera(  279): pproc_port_sink_check_caps_reserve:828] error because caps Type:1 not supported.
E/mm-camera(  279): pproc_port_sink_check_caps_reserve:828] error because caps Type:1 not supported.
E/mm-camera(  279): pproc_port_sink_check_caps_reserve:828] error because caps Type:1 not supported.
E/mm-camera(  279): pproc_port_sink_check_caps_reserve:828] error because caps Type:1 not supported.
E/mm-camera(  279): pproc_port_sink_check_caps_reserve:828] error because caps Type:1 not supported.
E/mm-camera(  279): pproc_port_sink_check_caps_reserve:828] error because caps Type:1 not supported.
